

        UUUUUUU    CCCCCCCC    SSSSSSS/  FFFFFFFFF  
      UU/    UU/  CC/    CC/     SS/     FF/    FF/ 
     UU/         CCCCCCCC/      SS/     FF/    FF/  
    UU/  UUUU/  CC/ CC\        SS/     FF/    FF/   
   UU/    UU/  CC/   CC\      SS/     FF/    FF/    
   UUUUUUU/   CC/     CC\  SSSSSS/  FFFFFFFFF/      


University of California at San Francisco, DOCK 4.0.1

__________________Job_Information_________________
launch_time                    Mon Jun  1 22:20:40 2026
host_name                      unknown
memory_limit                   -1
working_directory              /localscratch/kbui/NexusMol/examples
user_name                      kbui

________________General_Parameters________________
compute_grids                  yes
grid_spacing                   0.3
output_molecule                no

________________Scoring_Parameters________________
contact_score                  no
energy_score                   yes
energy_cutoff_distance         9999
atom_model                     a
attractive_exponent            6
repulsive_exponent             12
distance_dielectric            yes
dielectric_factor              4
allow_non_integral_charges     no
bump_filter                    yes
bump_overlap                   0.75

____________________File_Input____________________
receptor_file                  /localscratch/kbui/NexusMol/examples/artifacts/dock6_mpro/7K40_prepared.mol2
box_file                       /localscratch/kbui/NexusMol/examples/artifacts/dock6_mpro/7K40_rec_box.pdb
vdw_definition_file            /localscratch/kbui/Apps/dock6/parameters/vdw_AMBER_parm99.defn

____________________File_Output___________________
score_grid_prefix              /localscratch/kbui/NexusMol/examples/artifacts/dock6_mpro/7K40_grid



Reading in coordinates of receptor.

Total charge on 7K40.pdb                :    0.000

Reading in grid box information.
Box center of mass                      :   10.880  -25.537   18.857
Box dimensions                          :   35.108   35.758   35.483
Number of grid points per side [x y z]  :      119      121      120
Total number of grid points             :  1727880

Generating scoring grids.
Percent of protein atoms processed      :        0
Percent of protein atoms processed      :       10
Percent of protein atoms processed      :       20
Percent of protein atoms processed      :       30
Percent of protein atoms processed      :       40
Percent of protein atoms processed      :       50
Percent of protein atoms processed      :       60
Percent of protein atoms processed      :       70
Percent of protein atoms processed      :       80
Percent of protein atoms processed      :       90
Percent of protein atoms processed      :      100
Writing general grid info to /localscratch/kbui/NexusMol/examples/artifacts/dock6_mpro/7K40_grid.bmp
Writing bump grid to /localscratch/kbui/NexusMol/examples/artifacts/dock6_mpro/7K40_grid.bmp
Writing energy grids to /localscratch/kbui/NexusMol/examples/artifacts/dock6_mpro/7K40_grid.nrg
  Writing attractive VDW energy grid
  Writing repulsive VDW energy grid
  Writing electrostatic energy grid

Finished calculation.
