2026-06-01 22:20:29 | INFO     | STAGE: Prepare receptor for DOCK6 started
2026-06-01 22:20:29 | INFO     | Running: Python Parallel dock6_parallel_prep_rec() for 2 jobs
2026-06-01 22:20:29 | INFO     | Running: generate_site for 6W63; cmd: /usr/local/chimerax/bin/ChimeraX --nogui
2026-06-01 22:20:29 | INFO     | Running: generate_site for 7K40; cmd: /usr/local/chimerax/bin/ChimeraX --nogui
2026-06-01 22:20:32 | INFO     | Running: write_dms for 6W63; cmd: env LD_PRELOAD=/usr/lib64/libz.so.1:/usr/lib64/libfreetype.so.6 LD_LIBRARY_PATH=/usr/local/chem.sw/chimera/chimera-1.8/lib /usr/local/chimera/chimera-1.8/bin/chimera --nogui /localscratch/kbui/NexusMol/examples/artifacts/dock6_mpro/6W63_write_dms.py
2026-06-01 22:20:32 | INFO     | Running: write_dms for 7K40; cmd: env LD_PRELOAD=/usr/lib64/libz.so.1:/usr/lib64/libfreetype.so.6 LD_LIBRARY_PATH=/usr/local/chem.sw/chimera/chimera-1.8/lib /usr/local/chimera/chimera-1.8/bin/chimera --nogui /localscratch/kbui/NexusMol/examples/artifacts/dock6_mpro/7K40_write_dms.py
2026-06-01 22:20:35 | INFO     | Running: sphgen_&_sphere_selector for 6W63
2026-06-01 22:20:35 | INFO     | Running: sphgen_&_sphere_selector for 7K40
2026-06-01 22:20:40 | INFO     | Running: showbox for 6W63; cmd: /localscratch/kbui/Apps/dock6/bin/showbox
2026-06-01 22:20:40 | INFO     | Running: showbox for 7K40; cmd: /localscratch/kbui/Apps/dock6/bin/showbox
2026-06-01 22:20:40 | INFO     | Running: grid for 6W63; cmd: /localscratch/kbui/Apps/dock6/bin/grid -i /localscratch/kbui/NexusMol/examples/artifacts/dock6_mpro/6W63_grid.in -o /localscratch/kbui/NexusMol/examples/artifacts/dock6_mpro/6W63_grid.out
2026-06-01 22:20:40 | INFO     | Running: grid for 7K40; cmd: /localscratch/kbui/Apps/dock6/bin/grid -i /localscratch/kbui/NexusMol/examples/artifacts/dock6_mpro/7K40_grid.in -o /localscratch/kbui/NexusMol/examples/artifacts/dock6_mpro/7K40_grid.out
2026-06-01 22:23:04 | INFO     | Python parallel execution completed. Kept 2/2 successful jobs.
2026-06-01 22:23:04 | INFO     | STAGE: Prepare receptor for DOCK6 completed
2026-06-01 22:23:04 | INFO     | STAGE: Batch docking with DOCK6 started
2026-06-01 22:23:04 | INFO     | Running: Python Parallel dock6_parallel_docking() for 10 jobs
2026-06-01 22:23:04 | INFO     | Running: dock6 docking for 6W63_mol2_prepared; cmd: /localscratch/kbui/Apps/dock6/bin/dock6 -i /localscratch/kbui/NexusMol/examples/artifacts/dock6_mpro/flex_6W63_mol2_prepared.in
2026-06-01 22:23:04 | INFO     | Running: dock6 docking for 7K40_mol4_prepared; cmd: /localscratch/kbui/Apps/dock6/bin/dock6 -i /localscratch/kbui/NexusMol/examples/artifacts/dock6_mpro/flex_7K40_mol4_prepared.in
2026-06-01 22:23:04 | INFO     | Running: dock6 docking for 7K40_mol2_prepared; cmd: /localscratch/kbui/Apps/dock6/bin/dock6 -i /localscratch/kbui/NexusMol/examples/artifacts/dock6_mpro/flex_7K40_mol2_prepared.in
2026-06-01 22:23:04 | INFO     | Running: dock6 docking for 6W63_aspirin_prepared; cmd: /localscratch/kbui/Apps/dock6/bin/dock6 -i /localscratch/kbui/NexusMol/examples/artifacts/dock6_mpro/flex_6W63_aspirin_prepared.in
2026-06-01 22:23:04 | INFO     | Running: dock6 docking for 6W63_mol4_prepared; cmd: /localscratch/kbui/Apps/dock6/bin/dock6 -i /localscratch/kbui/NexusMol/examples/artifacts/dock6_mpro/flex_6W63_mol4_prepared.in
2026-06-01 22:23:04 | INFO     | Running: dock6 docking for 7K40_aspirin_prepared; cmd: /localscratch/kbui/Apps/dock6/bin/dock6 -i /localscratch/kbui/NexusMol/examples/artifacts/dock6_mpro/flex_7K40_aspirin_prepared.in
2026-06-01 22:23:04 | INFO     | Running: dock6 docking for 7K40_mol1_prepared; cmd: /localscratch/kbui/Apps/dock6/bin/dock6 -i /localscratch/kbui/NexusMol/examples/artifacts/dock6_mpro/flex_7K40_mol1_prepared.in
2026-06-01 22:23:04 | INFO     | Running: dock6 docking for 7K40_mol3_prepared; cmd: /localscratch/kbui/Apps/dock6/bin/dock6 -i /localscratch/kbui/NexusMol/examples/artifacts/dock6_mpro/flex_7K40_mol3_prepared.in
2026-06-01 22:23:04 | INFO     | Running: dock6 docking for 6W63_mol1_prepared; cmd: /localscratch/kbui/Apps/dock6/bin/dock6 -i /localscratch/kbui/NexusMol/examples/artifacts/dock6_mpro/flex_6W63_mol1_prepared.in
2026-06-01 22:23:04 | INFO     | Running: dock6 docking for 6W63_mol3_prepared; cmd: /localscratch/kbui/Apps/dock6/bin/dock6 -i /localscratch/kbui/NexusMol/examples/artifacts/dock6_mpro/flex_6W63_mol3_prepared.in
2026-06-01 22:23:31 | INFO     | Python parallel execution completed. Kept 10/10 successful jobs.
2026-06-01 22:23:31 | INFO     | STAGE: Batch docking with DOCK6 completed
2026-06-01 22:23:31 | INFO     | STAGE: Write summary csv started
2026-06-01 22:23:31 | INFO     | STAGE: Write summary csv completed
2026-06-01 22:23:31 | INFO     | STAGE: Final copy to results started
2026-06-01 22:23:31 | INFO     | Pipeline completed
2026-06-01 22:23:31 | INFO     | STAGE: Final copy to results completed
