
          -------------------------------------------------------
          Amber 24 PMEMD                              2024
          -------------------------------------------------------

| PMEMD implementation of SANDER, Release 24

|  Compiled date/time: Wed Aug 21 09:34:12 2024
| Run on 06/16/2026 at 00:05:31

|   Executable path: pmemd.cuda
| Working directory: /localscratch/kbui/NexusMol/examples
|          Hostname: irene2

  [-O]verwriting output

File Assignments:
|   MDIN: /localscratch/kbui/NexusMol/examples/artifacts/AMBER_DiAla/prod1.in   
|  MDOUT: /localscratch/kbui/NexusMol/examples/artifacts/AMBER_DiAla/prod1.out  
| INPCRD: /localscratch/kbui/NexusMol/examples/artifacts/AMBER_DiAla/seed1.ncrst
|   PARM: /localscratch/kbui/NexusMol/examples/inputs/ALA.prmtop                
| RESTRT: /localscratch/kbui/NexusMol/examples/artifacts/AMBER_DiAla/prod1.ncrst
|   REFC: /localscratch/kbui/NexusMol/examples/artifacts/AMBER_DiAla/seed1.ncrst
|  MDVEL: mdvel                                                                 
|   MDEN: mden                                                                  
|  MDCRD: /localscratch/kbui/NexusMol/examples/artifacts/AMBER_DiAla/prod1.nc   
| MDINFO: /localscratch/kbui/NexusMol/examples/artifacts/AMBER_DiAla/prod1.info 
|  MDFRC: mdfrc                                                                 


 Here is the input file:

Explicit solvent molecular dynamics constant pressure 25 ns MD                 
&cntrl                                                                         
 imin=0, irest=1, ntx=5,                                                       
 ntpr=50000, ntwx=50000, ntwr=50000, nstlim=500000,                            
 dt=0.002, ntt=3, tempi=300.0,                                                 
 temp0=300.0, gamma_ln=1.0, ig=-1,                                             
 ntp=1, ntc=2, ntf=2, cut=10.0,                                                
 ntb=2, iwrap=1, ioutfm=1,                                                     
/                                                                              


Note: ig = -1. Setting random seed to   101230 based on wallclock time in 
      microseconds.
| irandom = 1, using AMBER's internal random number generator (default).
 
|--------------------- INFORMATION ----------------------
| GPU (CUDA) Version of PMEMD in use: NVIDIA GPU IN USE.
|                    Version 18.0.0
| 
|                      03/25/2018
| 
| Implementation by:
|                    Ross C. Walker     (SDSC)
|                    Scott Le Grand     (nVIDIA)
| 
| Version 18 performance extensions by:
|                    David Cerutti     (Rutgers)
| 
| Precision model in use:
|      [SPFP] - Single Precision Forces, 64-bit Fixed Point
|               Accumulation. (Default)
| 
|--------------------------------------------------------
 
|----------------- CITATION INFORMATION -----------------
|
|    When publishing work that utilized the CUDA version
|    of AMBER, please cite the following in addition to
|    the regular AMBER citations:
|
|  - Romelia Salomon-Ferrer; Andreas W. Goetz; Duncan
|    Poole; Scott Le Grand; Ross C. Walker "Routine
|    microsecond molecular dynamics simulations with
|    AMBER - Part II: Particle Mesh Ewald", J. Chem.
|    Theory Comput., 2013, 9 (9), pp3878-3888,
|    DOI: 10.1021/ct400314y.
|
|  - Andreas W. Goetz; Mark J. Williamson; Dong Xu;
|    Duncan Poole; Scott Le Grand; Ross C. Walker
|    "Routine microsecond molecular dynamics simulations
|    with AMBER - Part I: Generalized Born", J. Chem.
|    Theory Comput., 2012, 8 (5), pp1542-1555.
|
|  - Scott Le Grand; Andreas W. Goetz; Ross C. Walker
|    "SPFP: Speed without compromise - a mixed precision
|    model for GPU accelerated molecular dynamics
|    simulations.", Comp. Phys. Comm., 2013, 184
|    pp374-380, DOI: 10.1016/j.cpc.2012.09.022
|
|--------------------------------------------------------
 
|------------------- GPU DEVICE INFO --------------------
|
|            CUDA_VISIBLE_DEVICES: not set
|   CUDA Capable Devices Detected:      1
|           CUDA Device ID in use:      0
|                CUDA Device Name: NVIDIA GeForce RTX 4090
|     CUDA Device Global Mem Size:  24073 MB
| CUDA Device Num Multiprocessors:    128
|           CUDA Device Core Freq:   2.62 GHz
|
|--------------------------------------------------------
 
 
| Conditional Compilation Defines Used:
| PUBFFT
| BINTRAJ
| CUDA
| EMIL

| Largest sphere to fit in unit cell has radius =    14.013

| New format PARM file being parsed.
| Version =    1.000 Date = 03/28/26 Time = 21:23:47

| Note: 1-4 EEL scale factors are being read from the topology file.

| Note: 1-4 VDW scale factors are being read from the topology file.
| Duplicated    0 dihedrals

| Duplicated    0 dihedrals

--------------------------------------------------------------------------------
   1.  RESOURCE   USE: 
--------------------------------------------------------------------------------

 getting box info from netcdf restart file
 NATOM  =    3064 NTYPES =       9 NBONH =    3054 MBONA  =       9
 NTHETH =      25 MTHETA =      11 NPHIH =      43 MPHIA  =      24
 NHPARM =       0 NPARM  =       0 NNB   =    4155 NRES   =    1017
 NBONA  =       9 NTHETA =      11 NPHIA =      24 NUMBND =      13
 NUMANG =      21 NPTRA  =      14 NATYP =      10 NPHB   =       0
 IFBOX  =       2 NMXRS  =      10 IFCAP =       0 NEXTRA =       0
 NCOPY  =       0

| Coordinate Index Table dimensions:     5    5    5
| Direct force subcell size =     6.8648    6.8648    6.8648

     BOX TYPE: TRUNCATED OCTAHEDRON

--------------------------------------------------------------------------------
   2.  CONTROL  DATA  FOR  THE  RUN
--------------------------------------------------------------------------------

ACE                                                                             

General flags:
     imin    =       0, nmropt  =       0

Nature and format of input:
     ntx     =       5, irest   =       1, ntrx    =       1

Nature and format of output:
     ntxo    =       2, ntpr    =   50000, ntrx    =       1, ntwr    =   50000
     iwrap   =       1, ntwx    =   50000, ntwv    =       0, ntwe    =       0
     ioutfm  =       1, ntwprt  =       0, idecomp =       0, rbornstat=      0

Potential function:
     ntf     =       2, ntb     =       2, igb     =       0, nsnb    =      25
     ipol    =       0, gbsa    =       0, iesp    =       0
     dielc   =   1.00000, cut     =  10.00000, intdiel =   1.00000

Frozen or restrained atoms:
     ibelly  =       0, ntr     =       0

Molecular dynamics:
     nstlim  =    500000, nscm    =      1000, nrespa  =         1
     t       =   0.00000, dt      =   0.00200, vlimit  =  -1.00000

Langevin dynamics temperature regulation:
     ig      =  101230
     temp0   = 300.00000, tempi   = 300.00000, gamma_ln=   1.00000

Pressure regulation:
     ntp     =       1
     pres0   =   1.00000, comp    =  44.60000, taup    =   1.00000

SHAKE:
     ntc     =       2, jfastw  =       0
     tol     =   0.00001

| Intermolecular bonds treatment:
|     no_intermolecular_bonds =       1

| Energy averages sample interval:
|     ene_avg_sampling =   50000

Ewald parameters:
     verbose =       0, ew_type =       0, nbflag  =       1, use_pme =       1
     vdwmeth =       1, eedmeth =       1, netfrc  =       1
     Box X =   34.324   Box Y =   34.324   Box Z =   34.324
     Alpha =  109.471   Beta  =  109.471   Gamma =  109.471
     NFFT1 =   36       NFFT2 =   36       NFFT3 =   36
     Cutoff=   10.000   Tol   =0.100E-04
     Ewald Coefficient =  0.27511
     Interpolation order =    4

--------------------------------------------------------------------------------
   3.  ATOMIC COORDINATES AND VELOCITIES
--------------------------------------------------------------------------------

ACE                                                                             
 begin time read from input coords =   200.000 ps

 
 Number of triangulated 3-point waters found:     1014

     Sum of charges from parm topology file =  -0.00000000
     Forcing neutrality...

| Dynamic Memory, Types Used:
| Reals              277614
| Integers            95816

| Nonbonded Pairs Initial Allocation:      926783

| GPU memory information (estimate):
| KB of GPU memory in use:     40898
| KB of CPU memory in use:     12782

--------------------------------------------------------------------------------
   4.  RESULTS
--------------------------------------------------------------------------------

wrapping first mol.:       22.82656       32.28162        0.00000
wrapping first mol.:       22.82656       32.28162        0.00000

 NSTEP =    50000   TIME(PS) =     300.000  TEMP(K) =   295.62  PRESS =    17.9
 Etot   =     -7933.4311  EKtot   =      1802.8656  EPtot      =     -9736.2967
 BOND   =         3.5045  ANGLE   =        11.7676  DIHED      =         3.7384
 UB     =         0.0000  IMP     =         0.0000  CMAP       =         0.2118
 1-4 NB =         3.5829  1-4 EEL =        49.3736  VDWAALS    =      1445.7416
 EELEC  =    -11254.2172  EHBOND  =         0.0000  RESTRAINT  =         0.0000
 EKCMT  =       892.3365  VIRIAL  =       880.3783  VOLUME     =     30900.9865
                                                    Density    =         0.9895
 ------------------------------------------------------------------------------

wrapping first mol.:       22.76344       32.19237        0.00000
wrapping first mol.:       22.76344       32.19237        0.00000

 NSTEP =   100000   TIME(PS) =     400.000  TEMP(K) =   298.05  PRESS =   456.2
 Etot   =     -7859.0994  EKtot   =      1817.7268  EPtot      =     -9676.8263
 BOND   =         1.6368  ANGLE   =         9.1614  DIHED      =         4.4325
 UB     =         0.0000  IMP     =         0.0000  CMAP       =         1.0546
 1-4 NB =         4.0253  1-4 EEL =        48.6459  VDWAALS    =      1455.9376
 EELEC  =    -11201.7205  EHBOND  =         0.0000  RESTRAINT  =         0.0000
 EKCMT  =       917.4426  VIRIAL  =       615.5882  VOLUME     =     30644.1864
                                                    Density    =         0.9977
 ------------------------------------------------------------------------------

wrapping first mol.:       22.87824       32.35472        0.00000
wrapping first mol.:       22.87824       32.35472        0.00000

 NSTEP =   150000   TIME(PS) =     500.000  TEMP(K) =   312.00  PRESS =   184.4
 Etot   =     -7835.3405  EKtot   =      1902.7637  EPtot      =     -9738.1041
 BOND   =         4.0310  ANGLE   =        11.0107  DIHED      =         3.4645
 UB     =         0.0000  IMP     =         0.0000  CMAP       =        -0.5706
 1-4 NB =         2.5962  1-4 EEL =        45.0185  VDWAALS    =      1464.6903
 EELEC  =    -11268.3448  EHBOND  =         0.0000  RESTRAINT  =         0.0000
 EKCMT  =       953.5491  VIRIAL  =       829.7051  VOLUME     =     31110.8983
                                                    Density    =         0.9828
 ------------------------------------------------------------------------------

wrapping first mol.:       22.86573       32.33702        0.00000
wrapping first mol.:       22.86573       32.33702        0.00000

 NSTEP =   200000   TIME(PS) =     600.000  TEMP(K) =   299.66  PRESS =    35.7
 Etot   =     -7849.3765  EKtot   =      1827.5378  EPtot      =     -9676.9143
 BOND   =         2.6634  ANGLE   =        10.6318  DIHED      =         5.3012
 UB     =         0.0000  IMP     =         0.0000  CMAP       =         0.2297
 1-4 NB =         2.7208  1-4 EEL =        46.4982  VDWAALS    =      1426.1663
 EELEC  =    -11171.1257  EHBOND  =         0.0000  RESTRAINT  =         0.0000
 EKCMT  =       892.1066  VIRIAL  =       868.1478  VOLUME     =     31060.2921
                                                    Density    =         0.9844
 ------------------------------------------------------------------------------

wrapping first mol.:       11.43189       16.16713       28.00229
wrapping first mol.:       11.43189       16.16713       28.00229

 NSTEP =   250000   TIME(PS) =     700.000  TEMP(K) =   304.71  PRESS =   367.0
 Etot   =     -7882.0362  EKtot   =      1858.3125  EPtot      =     -9740.3487
 BOND   =         3.1680  ANGLE   =         7.5561  DIHED      =         7.4710
 UB     =         0.0000  IMP     =         0.0000  CMAP       =         1.2461
 1-4 NB =         3.2329  1-4 EEL =        42.0562  VDWAALS    =      1488.1535
 EELEC  =    -11293.2324  EHBOND  =         0.0000  RESTRAINT  =         0.0000
 EKCMT  =       919.4418  VIRIAL  =       673.4034  VOLUME     =     31051.4089
                                                    Density    =         0.9847
 ------------------------------------------------------------------------------

wrapping first mol.:       22.86497       32.33595        0.00000
wrapping first mol.:       22.86497       32.33595        0.00000

 NSTEP =   300000   TIME(PS) =     800.000  TEMP(K) =   297.32  PRESS =   342.1
 Etot   =     -7927.4808  EKtot   =      1813.2668  EPtot      =     -9740.7476
 BOND   =         1.9115  ANGLE   =         6.8647  DIHED      =         4.6498
 UB     =         0.0000  IMP     =         0.0000  CMAP       =        -0.2272
 1-4 NB =         3.5339  1-4 EEL =        48.0319  VDWAALS    =      1505.6986
 EELEC  =    -11311.2108  EHBOND  =         0.0000  RESTRAINT  =         0.0000
 EKCMT  =       889.7914  VIRIAL  =       660.4037  VOLUME     =     31056.3694
                                                    Density    =         0.9845
 ------------------------------------------------------------------------------

wrapping first mol.:       22.90965       32.39913        0.00000
wrapping first mol.:       22.90965       32.39913        0.00000

 NSTEP =   350000   TIME(PS) =     900.000  TEMP(K) =   314.25  PRESS =   744.1
 Etot   =     -7735.3864  EKtot   =      1916.4960  EPtot      =     -9651.8823
 BOND   =         2.5000  ANGLE   =         8.7218  DIHED      =         5.9129
 UB     =         0.0000  IMP     =         0.0000  CMAP       =         0.6908
 1-4 NB =         2.3606  1-4 EEL =        46.3797  VDWAALS    =      1518.3316
 EELEC  =    -11236.7797  EHBOND  =         0.0000  RESTRAINT  =         0.0000
 EKCMT  =       939.9869  VIRIAL  =       438.1357  VOLUME     =     31237.6508
                                                    Density    =         0.9788
 ------------------------------------------------------------------------------

wrapping first mol.:       22.84153       32.30280        0.00000
wrapping first mol.:       22.84153       32.30280        0.00000

 NSTEP =   400000   TIME(PS) =    1000.000  TEMP(K) =   300.61  PRESS =  -419.5
 Etot   =     -7878.7209  EKtot   =      1833.3010  EPtot      =     -9712.0219
 BOND   =         2.8233  ANGLE   =         6.7695  DIHED      =         6.4301
 UB     =         0.0000  IMP     =         0.0000  CMAP       =         0.8805
 1-4 NB =         4.1273  1-4 EEL =        45.7108  VDWAALS    =      1370.7669
 EELEC  =    -11149.5303  EHBOND  =         0.0000  RESTRAINT  =         0.0000
 EKCMT  =       910.4457  VIRIAL  =      1190.9143  VOLUME     =     30963.0533
                                                    Density    =         0.9875
 ------------------------------------------------------------------------------

wrapping first mol.:       22.88564       32.36519        0.00000
wrapping first mol.:       22.88564       32.36519        0.00000

 NSTEP =   450000   TIME(PS) =    1100.000  TEMP(K) =   300.98  PRESS =   396.2
 Etot   =     -7817.7770  EKtot   =      1835.5573  EPtot      =     -9653.3342
 BOND   =         4.1133  ANGLE   =         9.4268  DIHED      =         3.3612
 UB     =         0.0000  IMP     =         0.0000  CMAP       =         0.8179
 1-4 NB =         2.3544  1-4 EEL =        42.1858  VDWAALS    =      1463.3151
 EELEC  =    -11178.9087  EHBOND  =         0.0000  RESTRAINT  =         0.0000
 EKCMT  =       898.3963  VIRIAL  =       631.9727  VOLUME     =     31140.5220
                                                    Density    =         0.9818
 ------------------------------------------------------------------------------

wrapping first mol.:       22.87490       32.34999        0.00000
wrapping first mol.:       22.87490       32.34999        0.00000

 NSTEP =   500000   TIME(PS) =    1200.000  TEMP(K) =   297.71  PRESS =  -138.9
 Etot   =     -7885.8260  EKtot   =      1815.6407  EPtot      =     -9701.4668
 BOND   =         1.3396  ANGLE   =         9.7819  DIHED      =         3.2982
 UB     =         0.0000  IMP     =         0.0000  CMAP       =         1.0052
 1-4 NB =         2.8729  1-4 EEL =        45.2051  VDWAALS    =      1415.3852
 EELEC  =    -11180.3549  EHBOND  =         0.0000  RESTRAINT  =         0.0000
 EKCMT  =       894.9938  VIRIAL  =       988.2813  VOLUME     =     31098.1609
                                                    Density    =         0.9832
 ------------------------------------------------------------------------------


      A V E R A G E S   O V E R      10 S T E P S


 NSTEP =   500000   TIME(PS) =    1200.000  TEMP(K) =   302.09  PRESS =   198.5
 Etot   =     -7860.4475  EKtot   =      1842.3468  EPtot      =     -9702.7943
 BOND   =         2.7691  ANGLE   =         9.1692  DIHED      =         4.8060
 UB     =         0.0000  IMP     =         0.0000  CMAP       =         0.5339
 1-4 NB =         3.1407  1-4 EEL =        45.9106  VDWAALS    =      1455.4187
 EELEC  =    -11224.5425  EHBOND  =         0.0000  RESTRAINT  =         0.0000
 EKCMT  =       910.8491  VIRIAL  =       777.6930  VOLUME     =     31026.3529
                                                    Density    =         0.9855
 ------------------------------------------------------------------------------


      R M S  F L U C T U A T I O N S


 NSTEP =   500000   TIME(PS) =    1200.000  TEMP(K) =     6.02  PRESS =   317.4
 Etot   =        54.2954  EKtot   =        36.7072  EPtot      =        34.1897
 BOND   =         0.9081  ANGLE   =         1.6308  DIHED      =         1.3666
 UB     =         0.0000  IMP     =         0.0000  CMAP       =         0.5676
 1-4 NB =         0.6234  1-4 EEL =         2.3367  VDWAALS    =        41.7423
 EELEC  =        53.1175  EHBOND  =         0.0000  RESTRAINT  =         0.0000
 EKCMT  =        20.8174  VIRIAL  =       205.9066  VOLUME     =       154.4154
                                                    Density    =         0.0049
 ------------------------------------------------------------------------------

--------------------------------------------------------------------------------
   5.  TIMINGS
--------------------------------------------------------------------------------

|  NonSetup CPU Time in Major Routines:
|
|     Routine           Sec        %
|     ------------------------------
|     Nonbond          88.69   75.57
|     Bond              0.00    0.00
|     Angle             0.00    0.00
|     Dihedral          0.00    0.00
|     Shake             1.72    1.46
|     RunMD            26.12   22.25
|     Other             0.84    0.71
|     ------------------------------
|     Total           117.36

|  PME Nonbond Pairlist CPU Time:
|
|     Routine              Sec        %
|     ---------------------------------
|     Set Up Cit           0.00    0.00
|     Build List           0.00    0.00
|     ---------------------------------
|     Total                0.00    0.00

|  PME Direct Force CPU Time:
|
|     Routine              Sec        %
|     ---------------------------------
|     NonBonded Calc       0.00    0.00
|     Exclude Masked       0.00    0.00
|     Other                0.54    0.46
|     ---------------------------------
|     Total                0.54    0.46

|  PME Reciprocal Force CPU Time:
|
|     Routine              Sec        %
|     ---------------------------------
|     1D bspline           0.00    0.00
|     Grid Charges         0.00    0.00
|     Scalar Sum           0.00    0.00
|     Gradient Sum         0.00    0.00
|     FFT                  0.00    0.00
|     ---------------------------------
|     Total                0.00    0.00

|  Final Performance Info:
|     -----------------------------------------------------
|     Average timings for last  150000 steps:
|     Elapsed(s) =      35.53 Per Step(ms) =       0.24
|         ns/day =     729.55   seconds/ns =     118.43
|
|     Average timings for all steps:
|     Elapsed(s) =     117.63 Per Step(ms) =       0.24
|         ns/day =     734.49   seconds/ns =     117.63
|     -----------------------------------------------------

|  Setup CPU time:            0.25 seconds
|  NonSetup CPU time:       117.36 seconds
|  Total CPU time:          117.61 seconds     0.03 hours

|  Setup wall time:           0    seconds
|  NonSetup wall time:      118    seconds
|  Total wall time:         118    seconds     0.03 hours
