2026-06-01 22:16:36 | INFO     | STAGE: Prepare receptor for Vina started
2026-06-01 22:16:36 | INFO     | Running: Python Parallel vina_parallel_prep_rec() for 2 jobs
2026-06-01 22:16:36 | INFO     | Running: generate_site for 6W63; cmd: /usr/local/chimerax/bin/ChimeraX --nogui
2026-06-01 22:16:36 | INFO     | Running: generate_site for 7K40; cmd: /usr/local/chimerax/bin/ChimeraX --nogui
2026-06-01 22:16:37 | INFO     | Running: meeko_prep_rec for 7K40; cmd: mk_prepare_receptor.py -i /localscratch/kbui/NexusMol/examples/receptors/final/7K40.pdb -o /localscratch/kbui/NexusMol/examples/artifacts/vina_mpro/7K40_prepared -a -p -v /localscratch/kbui/NexusMol/examples/artifacts/vina_mpro/7K40_vina_config.txt --box_enveloping /localscratch/kbui/NexusMol/examples/artifacts/vina_mpro/7K40_pocket.pdb --padding 4.0
2026-06-01 22:16:37 | INFO     | Running: meeko_prep_rec for 6W63; cmd: mk_prepare_receptor.py -i /localscratch/kbui/NexusMol/examples/receptors/final/6W63.pdb -o /localscratch/kbui/NexusMol/examples/artifacts/vina_mpro/6W63_prepared -a -p -v /localscratch/kbui/NexusMol/examples/artifacts/vina_mpro/6W63_vina_config.txt --box_enveloping /localscratch/kbui/NexusMol/examples/artifacts/vina_mpro/6W63_pocket.pdb --padding 4.0
2026-06-01 22:16:43 | WARNING  | STDERR: @> 9328 atoms and 1 coordinate set(s) were parsed in 0.02s.

2026-06-01 22:16:43 | WARNING  | STDERR: @> 9364 atoms and 1 coordinate set(s) were parsed in 0.02s.

2026-06-01 22:16:43 | INFO     | Python parallel execution completed. Kept 2/2 successful jobs.
2026-06-01 22:16:43 | INFO     | STAGE: Prepare receptor for Vina completed
2026-06-01 22:16:43 | INFO     | STAGE: Batch docking with Vina started
2026-06-01 22:16:43 | INFO     | Running: Python Parallel dock6_parallel_docking() for 10 jobs
2026-06-01 22:16:43 | INFO     | Running: vina docking for 6W63_aspirin_prepared; cmd: vina --receptor /localscratch/kbui/NexusMol/examples/artifacts/vina_mpro/6W63_prepared.pdbqt --ligand /localscratch/kbui/NexusMol/examples/ligands/vina/aspirin_prepared.pdbqt --config /localscratch/kbui/NexusMol/examples/artifacts/vina_mpro/6W63_vina_config.txt --out /localscratch/kbui/NexusMol/examples/artifacts/vina_mpro/6W63_aspirin_prepared_scored.pdbqt
2026-06-01 22:16:43 | INFO     | Running: vina docking for 6W63_mol1_prepared; cmd: vina --receptor /localscratch/kbui/NexusMol/examples/artifacts/vina_mpro/6W63_prepared.pdbqt --ligand /localscratch/kbui/NexusMol/examples/ligands/vina/mol1_prepared.pdbqt --config /localscratch/kbui/NexusMol/examples/artifacts/vina_mpro/6W63_vina_config.txt --out /localscratch/kbui/NexusMol/examples/artifacts/vina_mpro/6W63_mol1_prepared_scored.pdbqt
2026-06-01 22:16:43 | INFO     | Running: vina docking for 6W63_mol2_prepared; cmd: vina --receptor /localscratch/kbui/NexusMol/examples/artifacts/vina_mpro/6W63_prepared.pdbqt --ligand /localscratch/kbui/NexusMol/examples/ligands/vina/mol2_prepared.pdbqt --config /localscratch/kbui/NexusMol/examples/artifacts/vina_mpro/6W63_vina_config.txt --out /localscratch/kbui/NexusMol/examples/artifacts/vina_mpro/6W63_mol2_prepared_scored.pdbqt
2026-06-01 22:16:43 | INFO     | Running: vina docking for 6W63_mol3_prepared; cmd: vina --receptor /localscratch/kbui/NexusMol/examples/artifacts/vina_mpro/6W63_prepared.pdbqt --ligand /localscratch/kbui/NexusMol/examples/ligands/vina/mol3_prepared.pdbqt --config /localscratch/kbui/NexusMol/examples/artifacts/vina_mpro/6W63_vina_config.txt --out /localscratch/kbui/NexusMol/examples/artifacts/vina_mpro/6W63_mol3_prepared_scored.pdbqt
2026-06-01 22:16:43 | INFO     | Running: vina docking for 6W63_mol4_prepared; cmd: vina --receptor /localscratch/kbui/NexusMol/examples/artifacts/vina_mpro/6W63_prepared.pdbqt --ligand /localscratch/kbui/NexusMol/examples/ligands/vina/mol4_prepared.pdbqt --config /localscratch/kbui/NexusMol/examples/artifacts/vina_mpro/6W63_vina_config.txt --out /localscratch/kbui/NexusMol/examples/artifacts/vina_mpro/6W63_mol4_prepared_scored.pdbqt
2026-06-01 22:16:43 | INFO     | Running: vina docking for 7K40_aspirin_prepared; cmd: vina --receptor /localscratch/kbui/NexusMol/examples/artifacts/vina_mpro/7K40_prepared.pdbqt --ligand /localscratch/kbui/NexusMol/examples/ligands/vina/aspirin_prepared.pdbqt --config /localscratch/kbui/NexusMol/examples/artifacts/vina_mpro/7K40_vina_config.txt --out /localscratch/kbui/NexusMol/examples/artifacts/vina_mpro/7K40_aspirin_prepared_scored.pdbqt
2026-06-01 22:16:43 | INFO     | Running: vina docking for 7K40_mol2_prepared; cmd: vina --receptor /localscratch/kbui/NexusMol/examples/artifacts/vina_mpro/7K40_prepared.pdbqt --ligand /localscratch/kbui/NexusMol/examples/ligands/vina/mol2_prepared.pdbqt --config /localscratch/kbui/NexusMol/examples/artifacts/vina_mpro/7K40_vina_config.txt --out /localscratch/kbui/NexusMol/examples/artifacts/vina_mpro/7K40_mol2_prepared_scored.pdbqt
2026-06-01 22:16:43 | INFO     | Running: vina docking for 7K40_mol1_prepared; cmd: vina --receptor /localscratch/kbui/NexusMol/examples/artifacts/vina_mpro/7K40_prepared.pdbqt --ligand /localscratch/kbui/NexusMol/examples/ligands/vina/mol1_prepared.pdbqt --config /localscratch/kbui/NexusMol/examples/artifacts/vina_mpro/7K40_vina_config.txt --out /localscratch/kbui/NexusMol/examples/artifacts/vina_mpro/7K40_mol1_prepared_scored.pdbqt
2026-06-01 22:16:43 | INFO     | Running: vina docking for 7K40_mol3_prepared; cmd: vina --receptor /localscratch/kbui/NexusMol/examples/artifacts/vina_mpro/7K40_prepared.pdbqt --ligand /localscratch/kbui/NexusMol/examples/ligands/vina/mol3_prepared.pdbqt --config /localscratch/kbui/NexusMol/examples/artifacts/vina_mpro/7K40_vina_config.txt --out /localscratch/kbui/NexusMol/examples/artifacts/vina_mpro/7K40_mol3_prepared_scored.pdbqt
2026-06-01 22:16:43 | INFO     | Running: vina docking for 7K40_mol4_prepared; cmd: vina --receptor /localscratch/kbui/NexusMol/examples/artifacts/vina_mpro/7K40_prepared.pdbqt --ligand /localscratch/kbui/NexusMol/examples/ligands/vina/mol4_prepared.pdbqt --config /localscratch/kbui/NexusMol/examples/artifacts/vina_mpro/7K40_vina_config.txt --out /localscratch/kbui/NexusMol/examples/artifacts/vina_mpro/7K40_mol4_prepared_scored.pdbqt
2026-06-01 22:17:38 | INFO     | Python parallel execution completed. Kept 10/10 successful jobs.
2026-06-01 22:17:38 | INFO     | STAGE: Batch docking with Vina completed
2026-06-01 22:17:38 | INFO     | STAGE: Write summary csv started
2026-06-01 22:17:38 | INFO     | STAGE: Write summary csv completed
2026-06-01 22:17:38 | INFO     | STAGE: Final copy to results started
2026-06-01 22:17:38 | INFO     | Pipeline completed
2026-06-01 22:17:38 | INFO     | STAGE: Final copy to results completed
2026-06-02 01:15:33 | INFO     | STAGE: Prepare receptor for Vina started
2026-06-02 01:15:33 | INFO     | Running: Parallel vina_parallel_prep_rec() for 2 jobs
2026-06-02 01:15:33 | INFO     | Running: generate_site for 6W63; cmd: /usr/local/chimerax/bin/ChimeraX --nogui
2026-06-02 01:15:33 | INFO     | Running: generate_site for 7K40; cmd: /usr/local/chimerax/bin/ChimeraX --nogui
2026-06-02 01:15:34 | DEBUG    | STDOUT: WARNING:
Replacing fetcher for 'tcia' and format DICOM medical imaging from Dicom bundle with that from MedicalImaging bundle
WARNING:
Replacing fetcher for 'pdb_nmr' and format NMRSTAR from NMRSTAR bundle with that from NMRSTAR bundle
INFO:
UCSF ChimeraX version: 1.6.1 (2023-05-09)
INFO:
© 2016-2023 Regents of the University of California.  All rights reserved.
cmd> INFO:
Executing: open /localscratch/kbui/NexusMol/examples/receptors/final/6W63.pdb
INFO:
Chain information for 6W63.pdb #1  
---  
Chain | Description  
[A](cxcmd:select /A:1-305 "Select chain") [B](cxcmd:select /B:1-305 "Select
chain") | [No description available](cxcmd:sequence chain #1/A#1/B "Show
sequence")  
  

cmd> INFO:
Executing: select ~/A:41,145,163,164,172
INFO:
9249 atoms, 9347 bonds, 605 residues, 1 model selected
STATUS:
9249 atoms, 9347 bonds, 605 residues, 1 model selected
cmd> INFO:
Executing: delete sel
cmd> INFO:
Executing: save /localscratch/kbui/NexusMol/examples/artifacts/vina_mpro/6W63_pocket.pdb
cmd> EOF

2026-06-02 01:15:34 | INFO     | Running: meeko_prep_rec for 6W63; cmd: mk_prepare_receptor.py -i /localscratch/kbui/NexusMol/examples/receptors/final/6W63.pdb -o /localscratch/kbui/NexusMol/examples/artifacts/vina_mpro/6W63_prepared -a -p -v /localscratch/kbui/NexusMol/examples/artifacts/vina_mpro/6W63_vina_config.txt --box_enveloping /localscratch/kbui/NexusMol/examples/artifacts/vina_mpro/6W63_pocket.pdb --padding 4.0
2026-06-02 01:15:34 | DEBUG    | STDOUT: WARNING:
Replacing fetcher for 'tcia' and format DICOM medical imaging from Dicom bundle with that from MedicalImaging bundle
WARNING:
Replacing fetcher for 'pdb_nmr' and format NMRSTAR from NMRSTAR bundle with that from NMRSTAR bundle
INFO:
UCSF ChimeraX version: 1.6.1 (2023-05-09)
INFO:
© 2016-2023 Regents of the University of California.  All rights reserved.
cmd> INFO:
Executing: open /localscratch/kbui/NexusMol/examples/receptors/final/7K40.pdb
INFO:
Chain information for 7K40.pdb #1  
---  
Chain | Description  
[A](cxcmd:select /A:1-306 "Select chain") [B](cxcmd:select /B:1-306 "Select
chain") | [No description available](cxcmd:sequence chain #1/A#1/B "Show
sequence")  
  

cmd> INFO:
Executing: select ~/A:41,145,163,164,172
INFO:
9285 atoms, 9383 bonds, 607 residues, 1 model selected
STATUS:
9285 atoms, 9383 bonds, 607 residues, 1 model selected
cmd> INFO:
Executing: delete sel
cmd> INFO:
Executing: save /localscratch/kbui/NexusMol/examples/artifacts/vina_mpro/7K40_pocket.pdb
cmd> EOF

2026-06-02 01:15:34 | INFO     | Running: meeko_prep_rec for 7K40; cmd: mk_prepare_receptor.py -i /localscratch/kbui/NexusMol/examples/receptors/final/7K40.pdb -o /localscratch/kbui/NexusMol/examples/artifacts/vina_mpro/7K40_prepared -a -p -v /localscratch/kbui/NexusMol/examples/artifacts/vina_mpro/7K40_vina_config.txt --box_enveloping /localscratch/kbui/NexusMol/examples/artifacts/vina_mpro/7K40_pocket.pdb --padding 4.0
2026-06-02 01:15:40 | DEBUG    | STDOUT: 
Files written:
  /localscratch/kbui/NexusMol/examples/artifacts/vina_mpro/6W63_prepared.pdbqt <-- static (i.e., rigid) receptor input file
 /localscratch/kbui/NexusMol/examples/artifacts/vina_mpro/6W63_vina_config.txt <-- Vina-style box dimension file
/localscratch/kbui/NexusMol/examples/artifacts/vina_mpro/6W63_prepared.box.pdb <-- PDB file to visualize the grid box

2026-06-02 01:15:40 | WARNING  | STDERR: @> 9328 atoms and 1 coordinate set(s) were parsed in 0.03s.

2026-06-02 01:15:40 | DEBUG    | STDOUT: 
Files written:
  /localscratch/kbui/NexusMol/examples/artifacts/vina_mpro/7K40_prepared.pdbqt <-- static (i.e., rigid) receptor input file
 /localscratch/kbui/NexusMol/examples/artifacts/vina_mpro/7K40_vina_config.txt <-- Vina-style box dimension file
/localscratch/kbui/NexusMol/examples/artifacts/vina_mpro/7K40_prepared.box.pdb <-- PDB file to visualize the grid box

2026-06-02 01:15:40 | WARNING  | STDERR: @> 9364 atoms and 1 coordinate set(s) were parsed in 0.03s.

2026-06-02 01:15:40 | INFO     | Python parallel execution completed. Kept 2/2 successful jobs.
2026-06-02 01:15:40 | INFO     | STAGE: Prepare receptor for Vina completed
2026-06-02 01:15:40 | INFO     | STAGE: Batch docking with Vina started
2026-06-02 01:15:40 | INFO     | Running: Parallel dock6_parallel_docking() for 10 jobs
2026-06-02 01:15:40 | INFO     | Running: vina docking for 6W63_aspirin_prepared; cmd: vina --receptor /localscratch/kbui/NexusMol/examples/artifacts/vina_mpro/6W63_prepared.pdbqt --ligand /localscratch/kbui/NexusMol/examples/ligands/vina/aspirin_prepared.pdbqt --config /localscratch/kbui/NexusMol/examples/artifacts/vina_mpro/6W63_vina_config.txt --out /localscratch/kbui/NexusMol/examples/artifacts/vina_mpro/6W63_aspirin_prepared_scored.pdbqt
2026-06-02 01:15:40 | INFO     | Running: vina docking for 6W63_mol4_prepared; cmd: vina --receptor /localscratch/kbui/NexusMol/examples/artifacts/vina_mpro/6W63_prepared.pdbqt --ligand /localscratch/kbui/NexusMol/examples/ligands/vina/mol4_prepared.pdbqt --config /localscratch/kbui/NexusMol/examples/artifacts/vina_mpro/6W63_vina_config.txt --out /localscratch/kbui/NexusMol/examples/artifacts/vina_mpro/6W63_mol4_prepared_scored.pdbqt
2026-06-02 01:15:40 | INFO     | Running: vina docking for 7K40_aspirin_prepared; cmd: vina --receptor /localscratch/kbui/NexusMol/examples/artifacts/vina_mpro/7K40_prepared.pdbqt --ligand /localscratch/kbui/NexusMol/examples/ligands/vina/aspirin_prepared.pdbqt --config /localscratch/kbui/NexusMol/examples/artifacts/vina_mpro/7K40_vina_config.txt --out /localscratch/kbui/NexusMol/examples/artifacts/vina_mpro/7K40_aspirin_prepared_scored.pdbqt
2026-06-02 01:15:40 | INFO     | Running: vina docking for 6W63_mol3_prepared; cmd: vina --receptor /localscratch/kbui/NexusMol/examples/artifacts/vina_mpro/6W63_prepared.pdbqt --ligand /localscratch/kbui/NexusMol/examples/ligands/vina/mol3_prepared.pdbqt --config /localscratch/kbui/NexusMol/examples/artifacts/vina_mpro/6W63_vina_config.txt --out /localscratch/kbui/NexusMol/examples/artifacts/vina_mpro/6W63_mol3_prepared_scored.pdbqt
2026-06-02 01:15:40 | INFO     | Running: vina docking for 6W63_mol2_prepared; cmd: vina --receptor /localscratch/kbui/NexusMol/examples/artifacts/vina_mpro/6W63_prepared.pdbqt --ligand /localscratch/kbui/NexusMol/examples/ligands/vina/mol2_prepared.pdbqt --config /localscratch/kbui/NexusMol/examples/artifacts/vina_mpro/6W63_vina_config.txt --out /localscratch/kbui/NexusMol/examples/artifacts/vina_mpro/6W63_mol2_prepared_scored.pdbqt
2026-06-02 01:15:40 | INFO     | Running: vina docking for 7K40_mol1_prepared; cmd: vina --receptor /localscratch/kbui/NexusMol/examples/artifacts/vina_mpro/7K40_prepared.pdbqt --ligand /localscratch/kbui/NexusMol/examples/ligands/vina/mol1_prepared.pdbqt --config /localscratch/kbui/NexusMol/examples/artifacts/vina_mpro/7K40_vina_config.txt --out /localscratch/kbui/NexusMol/examples/artifacts/vina_mpro/7K40_mol1_prepared_scored.pdbqt
2026-06-02 01:15:40 | INFO     | Running: vina docking for 6W63_mol1_prepared; cmd: vina --receptor /localscratch/kbui/NexusMol/examples/artifacts/vina_mpro/6W63_prepared.pdbqt --ligand /localscratch/kbui/NexusMol/examples/ligands/vina/mol1_prepared.pdbqt --config /localscratch/kbui/NexusMol/examples/artifacts/vina_mpro/6W63_vina_config.txt --out /localscratch/kbui/NexusMol/examples/artifacts/vina_mpro/6W63_mol1_prepared_scored.pdbqt
2026-06-02 01:15:40 | INFO     | Running: vina docking for 7K40_mol3_prepared; cmd: vina --receptor /localscratch/kbui/NexusMol/examples/artifacts/vina_mpro/7K40_prepared.pdbqt --ligand /localscratch/kbui/NexusMol/examples/ligands/vina/mol3_prepared.pdbqt --config /localscratch/kbui/NexusMol/examples/artifacts/vina_mpro/7K40_vina_config.txt --out /localscratch/kbui/NexusMol/examples/artifacts/vina_mpro/7K40_mol3_prepared_scored.pdbqt
2026-06-02 01:15:40 | INFO     | Running: vina docking for 7K40_mol4_prepared; cmd: vina --receptor /localscratch/kbui/NexusMol/examples/artifacts/vina_mpro/7K40_prepared.pdbqt --ligand /localscratch/kbui/NexusMol/examples/ligands/vina/mol4_prepared.pdbqt --config /localscratch/kbui/NexusMol/examples/artifacts/vina_mpro/7K40_vina_config.txt --out /localscratch/kbui/NexusMol/examples/artifacts/vina_mpro/7K40_mol4_prepared_scored.pdbqt
2026-06-02 01:15:40 | INFO     | Running: vina docking for 7K40_mol2_prepared; cmd: vina --receptor /localscratch/kbui/NexusMol/examples/artifacts/vina_mpro/7K40_prepared.pdbqt --ligand /localscratch/kbui/NexusMol/examples/ligands/vina/mol2_prepared.pdbqt --config /localscratch/kbui/NexusMol/examples/artifacts/vina_mpro/7K40_vina_config.txt --out /localscratch/kbui/NexusMol/examples/artifacts/vina_mpro/7K40_mol2_prepared_scored.pdbqt
2026-06-02 01:15:50 | DEBUG    | STDOUT: AutoDock Vina f458505-mod
#################################################################
# If you used AutoDock Vina in your work, please cite:          #
#                                                               #
# J. Eberhardt, D. Santos-Martins, A. F. Tillack, and S. Forli  #
# AutoDock Vina 1.2.0: New Docking Methods, Expanded Force      #
# Field, and Python Bindings, J. Chem. Inf. Model. (2021)       #
# DOI 10.1021/acs.jcim.1c00203                                  #
#                                                               #
# O. Trott, A. J. Olson,                                        #
# AutoDock Vina: improving the speed and accuracy of docking    #
# with a new scoring function, efficient optimization and       #
# multithreading, J. Comp. Chem. (2010)                         #
# DOI 10.1002/jcc.21334                                         #
#                                                               #
# Please see https://github.com/ccsb-scripps/AutoDock-Vina for  #
# more information.                                             #
#################################################################

Scoring function : vina
Rigid receptor: /localscratch/kbui/NexusMol/examples/artifacts/vina_mpro/7K40_prepared.pdbqt
Ligand: /localscratch/kbui/NexusMol/examples/ligands/vina/mol1_prepared.pdbqt
Grid center: X 10.97 Y -27.74 Z 18.11
Grid size  : X 19.092 Y 22.166 Z 21.277
Grid space : 0.375
Exhaustiveness: 32
CPU: 1
Verbosity: 1

Computing Vina grid ... done.
Performing docking (random seed: -835473991) ... 
0%   10   20   30   40   50   60   70   80   90   100%
|----|----|----|----|----|----|----|----|----|----|
***************************************************

mode |   affinity | dist from best mode
     | (kcal/mol) | rmsd l.b.| rmsd u.b.
-----+------------+----------+----------
   1       -4.745          0          0
   2       -4.731     0.4898      1.123
   3       -4.713      2.006      4.614
   4       -4.596      1.616      4.262
   5       -4.574      2.935      4.547
   6       -4.557      1.977      2.458
   7       -4.543       2.48      4.668
   8       -4.537      2.947      4.453

2026-06-02 01:15:50 | DEBUG    | STDOUT: AutoDock Vina f458505-mod
#################################################################
# If you used AutoDock Vina in your work, please cite:          #
#                                                               #
# J. Eberhardt, D. Santos-Martins, A. F. Tillack, and S. Forli  #
# AutoDock Vina 1.2.0: New Docking Methods, Expanded Force      #
# Field, and Python Bindings, J. Chem. Inf. Model. (2021)       #
# DOI 10.1021/acs.jcim.1c00203                                  #
#                                                               #
# O. Trott, A. J. Olson,                                        #
# AutoDock Vina: improving the speed and accuracy of docking    #
# with a new scoring function, efficient optimization and       #
# multithreading, J. Comp. Chem. (2010)                         #
# DOI 10.1002/jcc.21334                                         #
#                                                               #
# Please see https://github.com/ccsb-scripps/AutoDock-Vina for  #
# more information.                                             #
#################################################################

Scoring function : vina
Rigid receptor: /localscratch/kbui/NexusMol/examples/artifacts/vina_mpro/6W63_prepared.pdbqt
Ligand: /localscratch/kbui/NexusMol/examples/ligands/vina/mol1_prepared.pdbqt
Grid center: X -15.768 Y 18.131 Z -28.044
Grid size  : X 20.145 Y 19.632 Z 21.88
Grid space : 0.375
Exhaustiveness: 32
CPU: 1
Verbosity: 1

Computing Vina grid ... done.
Performing docking (random seed: 1366315146) ... 
0%   10   20   30   40   50   60   70   80   90   100%
|----|----|----|----|----|----|----|----|----|----|
***************************************************

mode |   affinity | dist from best mode
     | (kcal/mol) | rmsd l.b.| rmsd u.b.
-----+------------+----------+----------
   1       -4.955          0          0
   2       -4.924      2.128      4.669
   3       -4.809      3.276      4.383
   4       -4.808      1.366      2.235
   5       -4.771      6.741      7.659
   6       -4.749      2.775      4.244
   7       -4.709      2.898      4.654
   8       -4.606      3.613      5.208

2026-06-02 01:15:56 | DEBUG    | STDOUT: AutoDock Vina f458505-mod
#################################################################
# If you used AutoDock Vina in your work, please cite:          #
#                                                               #
# J. Eberhardt, D. Santos-Martins, A. F. Tillack, and S. Forli  #
# AutoDock Vina 1.2.0: New Docking Methods, Expanded Force      #
# Field, and Python Bindings, J. Chem. Inf. Model. (2021)       #
# DOI 10.1021/acs.jcim.1c00203                                  #
#                                                               #
# O. Trott, A. J. Olson,                                        #
# AutoDock Vina: improving the speed and accuracy of docking    #
# with a new scoring function, efficient optimization and       #
# multithreading, J. Comp. Chem. (2010)                         #
# DOI 10.1002/jcc.21334                                         #
#                                                               #
# Please see https://github.com/ccsb-scripps/AutoDock-Vina for  #
# more information.                                             #
#################################################################

Scoring function : vina
Rigid receptor: /localscratch/kbui/NexusMol/examples/artifacts/vina_mpro/6W63_prepared.pdbqt
Ligand: /localscratch/kbui/NexusMol/examples/ligands/vina/mol2_prepared.pdbqt
Grid center: X -15.768 Y 18.131 Z -28.044
Grid size  : X 20.145 Y 19.632 Z 21.88
Grid space : 0.375
Exhaustiveness: 32
CPU: 1
Verbosity: 1

Computing Vina grid ... done.
Performing docking (random seed: 945340484) ... 
0%   10   20   30   40   50   60   70   80   90   100%
|----|----|----|----|----|----|----|----|----|----|
***************************************************

mode |   affinity | dist from best mode
     | (kcal/mol) | rmsd l.b.| rmsd u.b.
-----+------------+----------+----------
   1       -5.375          0          0
   2       -5.351      1.459      4.915
   3       -5.081       3.43      5.135
   4       -5.063      2.988       4.65
   5        -5.02      3.998      5.483
   6       -5.019      4.734      7.306
   7        -5.01      4.604      7.045
   8       -4.962       1.83      3.573

2026-06-02 01:15:56 | DEBUG    | STDOUT: AutoDock Vina f458505-mod
#################################################################
# If you used AutoDock Vina in your work, please cite:          #
#                                                               #
# J. Eberhardt, D. Santos-Martins, A. F. Tillack, and S. Forli  #
# AutoDock Vina 1.2.0: New Docking Methods, Expanded Force      #
# Field, and Python Bindings, J. Chem. Inf. Model. (2021)       #
# DOI 10.1021/acs.jcim.1c00203                                  #
#                                                               #
# O. Trott, A. J. Olson,                                        #
# AutoDock Vina: improving the speed and accuracy of docking    #
# with a new scoring function, efficient optimization and       #
# multithreading, J. Comp. Chem. (2010)                         #
# DOI 10.1002/jcc.21334                                         #
#                                                               #
# Please see https://github.com/ccsb-scripps/AutoDock-Vina for  #
# more information.                                             #
#################################################################

Scoring function : vina
Rigid receptor: /localscratch/kbui/NexusMol/examples/artifacts/vina_mpro/7K40_prepared.pdbqt
Ligand: /localscratch/kbui/NexusMol/examples/ligands/vina/mol2_prepared.pdbqt
Grid center: X 10.97 Y -27.74 Z 18.11
Grid size  : X 19.092 Y 22.166 Z 21.277
Grid space : 0.375
Exhaustiveness: 32
CPU: 1
Verbosity: 1

Computing Vina grid ... done.
Performing docking (random seed: -1946523152) ... 
0%   10   20   30   40   50   60   70   80   90   100%
|----|----|----|----|----|----|----|----|----|----|
***************************************************

mode |   affinity | dist from best mode
     | (kcal/mol) | rmsd l.b.| rmsd u.b.
-----+------------+----------+----------
   1       -5.443          0          0
   2       -5.107        3.1      4.785
   3       -5.099      2.501      5.154
   4        -4.86      1.598      5.127
   5       -4.836      1.965      3.888
   6       -4.797      2.985      4.958
   7       -4.722      4.025       5.05
   8         -4.7      5.691      8.294

2026-06-02 01:15:58 | DEBUG    | STDOUT: AutoDock Vina f458505-mod
#################################################################
# If you used AutoDock Vina in your work, please cite:          #
#                                                               #
# J. Eberhardt, D. Santos-Martins, A. F. Tillack, and S. Forli  #
# AutoDock Vina 1.2.0: New Docking Methods, Expanded Force      #
# Field, and Python Bindings, J. Chem. Inf. Model. (2021)       #
# DOI 10.1021/acs.jcim.1c00203                                  #
#                                                               #
# O. Trott, A. J. Olson,                                        #
# AutoDock Vina: improving the speed and accuracy of docking    #
# with a new scoring function, efficient optimization and       #
# multithreading, J. Comp. Chem. (2010)                         #
# DOI 10.1002/jcc.21334                                         #
#                                                               #
# Please see https://github.com/ccsb-scripps/AutoDock-Vina for  #
# more information.                                             #
#################################################################

Scoring function : vina
Rigid receptor: /localscratch/kbui/NexusMol/examples/artifacts/vina_mpro/6W63_prepared.pdbqt
Ligand: /localscratch/kbui/NexusMol/examples/ligands/vina/aspirin_prepared.pdbqt
Grid center: X -15.768 Y 18.131 Z -28.044
Grid size  : X 20.145 Y 19.632 Z 21.88
Grid space : 0.375
Exhaustiveness: 32
CPU: 1
Verbosity: 1

Computing Vina grid ... done.
Performing docking (random seed: -1223182407) ... 
0%   10   20   30   40   50   60   70   80   90   100%
|----|----|----|----|----|----|----|----|----|----|
***************************************************

mode |   affinity | dist from best mode
     | (kcal/mol) | rmsd l.b.| rmsd u.b.
-----+------------+----------+----------
   1       -5.083          0          0
   2       -5.069      6.665      8.091
   3       -5.046      5.647      8.957
   4       -4.998      7.786      9.403
   5       -4.961      2.918      3.843
   6       -4.866      3.076      5.258
   7       -4.811      1.986      3.182
   8       -4.747      2.491      4.501

2026-06-02 01:15:58 | DEBUG    | STDOUT: AutoDock Vina f458505-mod
#################################################################
# If you used AutoDock Vina in your work, please cite:          #
#                                                               #
# J. Eberhardt, D. Santos-Martins, A. F. Tillack, and S. Forli  #
# AutoDock Vina 1.2.0: New Docking Methods, Expanded Force      #
# Field, and Python Bindings, J. Chem. Inf. Model. (2021)       #
# DOI 10.1021/acs.jcim.1c00203                                  #
#                                                               #
# O. Trott, A. J. Olson,                                        #
# AutoDock Vina: improving the speed and accuracy of docking    #
# with a new scoring function, efficient optimization and       #
# multithreading, J. Comp. Chem. (2010)                         #
# DOI 10.1002/jcc.21334                                         #
#                                                               #
# Please see https://github.com/ccsb-scripps/AutoDock-Vina for  #
# more information.                                             #
#################################################################

Scoring function : vina
Rigid receptor: /localscratch/kbui/NexusMol/examples/artifacts/vina_mpro/7K40_prepared.pdbqt
Ligand: /localscratch/kbui/NexusMol/examples/ligands/vina/aspirin_prepared.pdbqt
Grid center: X 10.97 Y -27.74 Z 18.11
Grid size  : X 19.092 Y 22.166 Z 21.277
Grid space : 0.375
Exhaustiveness: 32
CPU: 1
Verbosity: 1

Computing Vina grid ... done.
Performing docking (random seed: -1421432726) ... 
0%   10   20   30   40   50   60   70   80   90   100%
|----|----|----|----|----|----|----|----|----|----|
***************************************************

mode |   affinity | dist from best mode
     | (kcal/mol) | rmsd l.b.| rmsd u.b.
-----+------------+----------+----------
   1       -5.067          0          0
   2       -5.021      1.633      3.479
   3       -4.964      1.786      3.754
   4       -4.958      6.463      7.858
   5       -4.705      5.102       6.29
   6       -4.675      6.368       8.38
   7       -4.646      6.513      8.349
   8        -4.63      5.478      7.464

2026-06-02 01:16:35 | DEBUG    | STDOUT: AutoDock Vina f458505-mod
#################################################################
# If you used AutoDock Vina in your work, please cite:          #
#                                                               #
# J. Eberhardt, D. Santos-Martins, A. F. Tillack, and S. Forli  #
# AutoDock Vina 1.2.0: New Docking Methods, Expanded Force      #
# Field, and Python Bindings, J. Chem. Inf. Model. (2021)       #
# DOI 10.1021/acs.jcim.1c00203                                  #
#                                                               #
# O. Trott, A. J. Olson,                                        #
# AutoDock Vina: improving the speed and accuracy of docking    #
# with a new scoring function, efficient optimization and       #
# multithreading, J. Comp. Chem. (2010)                         #
# DOI 10.1002/jcc.21334                                         #
#                                                               #
# Please see https://github.com/ccsb-scripps/AutoDock-Vina for  #
# more information.                                             #
#################################################################

Scoring function : vina
Rigid receptor: /localscratch/kbui/NexusMol/examples/artifacts/vina_mpro/6W63_prepared.pdbqt
Ligand: /localscratch/kbui/NexusMol/examples/ligands/vina/mol3_prepared.pdbqt
Grid center: X -15.768 Y 18.131 Z -28.044
Grid size  : X 20.145 Y 19.632 Z 21.88
Grid space : 0.375
Exhaustiveness: 32
CPU: 1
Verbosity: 1

Computing Vina grid ... done.
Performing docking (random seed: 628464166) ... 
0%   10   20   30   40   50   60   70   80   90   100%
|----|----|----|----|----|----|----|----|----|----|
***************************************************

mode |   affinity | dist from best mode
     | (kcal/mol) | rmsd l.b.| rmsd u.b.
-----+------------+----------+----------
   1        -7.42          0          0
   2       -7.389      2.559      3.864
   3       -7.351      1.559      3.832
   4       -7.292      4.587      6.106
   5       -7.251      3.779      5.629
   6        -7.19      1.998      8.575
   7       -7.186      3.761      4.857
   8       -7.161      0.867      2.951

2026-06-02 01:16:36 | DEBUG    | STDOUT: AutoDock Vina f458505-mod
#################################################################
# If you used AutoDock Vina in your work, please cite:          #
#                                                               #
# J. Eberhardt, D. Santos-Martins, A. F. Tillack, and S. Forli  #
# AutoDock Vina 1.2.0: New Docking Methods, Expanded Force      #
# Field, and Python Bindings, J. Chem. Inf. Model. (2021)       #
# DOI 10.1021/acs.jcim.1c00203                                  #
#                                                               #
# O. Trott, A. J. Olson,                                        #
# AutoDock Vina: improving the speed and accuracy of docking    #
# with a new scoring function, efficient optimization and       #
# multithreading, J. Comp. Chem. (2010)                         #
# DOI 10.1002/jcc.21334                                         #
#                                                               #
# Please see https://github.com/ccsb-scripps/AutoDock-Vina for  #
# more information.                                             #
#################################################################

Scoring function : vina
Rigid receptor: /localscratch/kbui/NexusMol/examples/artifacts/vina_mpro/7K40_prepared.pdbqt
Ligand: /localscratch/kbui/NexusMol/examples/ligands/vina/mol3_prepared.pdbqt
Grid center: X 10.97 Y -27.74 Z 18.11
Grid size  : X 19.092 Y 22.166 Z 21.277
Grid space : 0.375
Exhaustiveness: 32
CPU: 1
Verbosity: 1

Computing Vina grid ... done.
Performing docking (random seed: -316680531) ... 
0%   10   20   30   40   50   60   70   80   90   100%
|----|----|----|----|----|----|----|----|----|----|
***************************************************

mode |   affinity | dist from best mode
     | (kcal/mol) | rmsd l.b.| rmsd u.b.
-----+------------+----------+----------
   1       -7.081          0          0
   2        -6.75       3.24      4.626
   3       -6.721      3.965      5.865
   4       -6.701       3.72      6.395
   5       -6.666      4.444      8.276
   6       -6.664      2.482      7.136
   7       -6.659      2.922      4.615
   8       -6.653      2.985      3.662

2026-06-02 01:16:39 | DEBUG    | STDOUT: AutoDock Vina f458505-mod
#################################################################
# If you used AutoDock Vina in your work, please cite:          #
#                                                               #
# J. Eberhardt, D. Santos-Martins, A. F. Tillack, and S. Forli  #
# AutoDock Vina 1.2.0: New Docking Methods, Expanded Force      #
# Field, and Python Bindings, J. Chem. Inf. Model. (2021)       #
# DOI 10.1021/acs.jcim.1c00203                                  #
#                                                               #
# O. Trott, A. J. Olson,                                        #
# AutoDock Vina: improving the speed and accuracy of docking    #
# with a new scoring function, efficient optimization and       #
# multithreading, J. Comp. Chem. (2010)                         #
# DOI 10.1002/jcc.21334                                         #
#                                                               #
# Please see https://github.com/ccsb-scripps/AutoDock-Vina for  #
# more information.                                             #
#################################################################

Scoring function : vina
Rigid receptor: /localscratch/kbui/NexusMol/examples/artifacts/vina_mpro/6W63_prepared.pdbqt
Ligand: /localscratch/kbui/NexusMol/examples/ligands/vina/mol4_prepared.pdbqt
Grid center: X -15.768 Y 18.131 Z -28.044
Grid size  : X 20.145 Y 19.632 Z 21.88
Grid space : 0.375
Exhaustiveness: 32
CPU: 1
Verbosity: 1

Computing Vina grid ... done.
Performing docking (random seed: 502253573) ... 
0%   10   20   30   40   50   60   70   80   90   100%
|----|----|----|----|----|----|----|----|----|----|
***************************************************

mode |   affinity | dist from best mode
     | (kcal/mol) | rmsd l.b.| rmsd u.b.
-----+------------+----------+----------
   1       -7.652          0          0
   2       -7.493      2.469      4.098
   3       -7.456     0.9608      2.915
   4       -7.447      4.811      6.878
   5       -7.367      4.118      6.106
   6       -7.342      1.517      2.792
   7       -7.307      1.678      8.842
   8       -7.213      4.602      5.964

2026-06-02 01:16:40 | DEBUG    | STDOUT: AutoDock Vina f458505-mod
#################################################################
# If you used AutoDock Vina in your work, please cite:          #
#                                                               #
# J. Eberhardt, D. Santos-Martins, A. F. Tillack, and S. Forli  #
# AutoDock Vina 1.2.0: New Docking Methods, Expanded Force      #
# Field, and Python Bindings, J. Chem. Inf. Model. (2021)       #
# DOI 10.1021/acs.jcim.1c00203                                  #
#                                                               #
# O. Trott, A. J. Olson,                                        #
# AutoDock Vina: improving the speed and accuracy of docking    #
# with a new scoring function, efficient optimization and       #
# multithreading, J. Comp. Chem. (2010)                         #
# DOI 10.1002/jcc.21334                                         #
#                                                               #
# Please see https://github.com/ccsb-scripps/AutoDock-Vina for  #
# more information.                                             #
#################################################################

Scoring function : vina
Rigid receptor: /localscratch/kbui/NexusMol/examples/artifacts/vina_mpro/7K40_prepared.pdbqt
Ligand: /localscratch/kbui/NexusMol/examples/ligands/vina/mol4_prepared.pdbqt
Grid center: X 10.97 Y -27.74 Z 18.11
Grid size  : X 19.092 Y 22.166 Z 21.277
Grid space : 0.375
Exhaustiveness: 32
CPU: 1
Verbosity: 1

Computing Vina grid ... done.
Performing docking (random seed: 1376501403) ... 
0%   10   20   30   40   50   60   70   80   90   100%
|----|----|----|----|----|----|----|----|----|----|
***************************************************

mode |   affinity | dist from best mode
     | (kcal/mol) | rmsd l.b.| rmsd u.b.
-----+------------+----------+----------
   1       -6.975          0          0
   2       -6.942      1.696      8.623
   3       -6.939      3.264      8.527
   4       -6.898      4.259       6.42
   5       -6.889       1.42      8.689
   6       -6.866      1.562      8.844
   7       -6.816      1.739      3.381
   8       -6.774       5.22      7.987

2026-06-02 01:16:40 | INFO     | Python parallel execution completed. Kept 10/10 successful jobs.
2026-06-02 01:16:40 | INFO     | STAGE: Batch docking with Vina completed
2026-06-02 01:16:40 | INFO     | STAGE: Write summary csv started
2026-06-02 01:16:40 | INFO     | STAGE: Write summary csv completed
2026-06-02 01:16:40 | INFO     | STAGE: Final copy to results started
2026-06-02 01:16:40 | INFO     | Pipeline completed
