#"Progress (%)","Step","Time (ps)","Potential Energy (kJ/mole)","Kinetic Energy (kJ/mole)","Total Energy (kJ/mole)","Temperature (K)","Box Volume (nm^3)","Density (g/mL)","Speed (ns/day)","Time Remaining"
1.0%,5000,10.0,-40855.843,7628.106,-33227.737,299.087,31.253,0.978,0,--
2.0%,10000,20.0,-40625.266,7759.744,-32865.523,304.249,31.074,0.984,1.43e+03,0:59
3.0%,15000,30.0,-41117.491,7557.041,-33560.45,296.301,30.732,0.995,1.42e+03,0:59
4.0%,20000,40.0,-40642.495,7608.123,-33034.372,298.304,30.991,0.987,1.42e+03,0:58
5.0%,25000,50.0,-40875.319,7662.189,-33213.13,300.424,30.415,1.005,1.42e+03,0:57
6.0%,30000,60.0,-40694.272,7629.044,-33065.228,299.124,30.686,0.996,1.42e+03,0:57
7.0%,35000,70.0,-40755.435,7508.768,-33246.667,294.408,31.292,0.977,1.42e+03,0:56
8.0%,40000,80.0,-40985.534,7654.217,-33331.317,300.111,30.973,0.987,1.42e+03,0:55
9.0%,45000,90.0,-40813.498,7802.233,-33011.265,305.915,31.201,0.98,1.42e+03,0:55
10.0%,50000,100.0,-40861.697,7884.448,-32977.248,309.138,31.165,0.981,1.42e+03,0:54
11.0%,55000,110.0,-40776.263,7542.302,-33233.961,295.723,30.875,0.99,1.42e+03,0:54
12.0%,60000,120.0,-40737.741,7813.384,-32924.357,306.352,31.031,0.985,1.42e+03,0:53
13.0%,65000,130.0,-40824.579,7719.761,-33104.818,302.681,31.293,0.977,1.42e+03,0:52
14.0%,70000,140.0,-40446.181,7908.838,-32537.343,310.094,31.648,0.966,1.42e+03,0:52
15.0%,75000,150.0,-40682.762,7715.798,-32966.965,302.526,30.984,0.987,1.42e+03,0:51
16.0%,80000,160.0,-40657.951,7663.412,-32994.539,300.472,31.154,0.981,1.42e+03,0:51
17.0%,85000,170.0,-40539.259,7561.171,-32978.088,296.463,31.333,0.976,1.42e+03,0:50
18.0%,90000,180.0,-40736.424,7777.184,-32959.239,304.932,31.428,0.973,1.42e+03,0:49
19.0%,95000,190.0,-41117.693,7633.404,-33484.289,299.295,30.94,0.988,1.42e+03,0:49
20.0%,100000,200.0,-40741.999,7631.135,-33110.864,299.206,31.13,0.982,1.42e+03,0:48
21.0%,105000,210.0,-40478.468,8035.388,-32443.08,315.056,31.313,0.976,1.42e+03,0:48
22.0%,110000,220.0,-40959.079,7753.975,-33205.104,304.022,31.201,0.98,1.42e+03,0:47
23.0%,115000,230.0,-40176.125,7619.044,-32557.08,298.732,31.535,0.97,1.42e+03,0:46
24.0%,120000,240.0,-40713.51,7796.612,-32916.898,305.694,30.653,0.997,1.42e+03,0:46
25.0%,125000,250.0,-40603.745,7791.479,-32812.266,305.493,30.853,0.991,1.42e+03,0:45
26.0%,130000,260.0,-40957.926,7561.985,-33395.941,296.495,30.677,0.997,1.42e+03,0:45
27.0%,135000,270.0,-40504.362,7600.304,-32904.058,297.997,31.693,0.965,1.42e+03,0:44
28.0%,140000,280.0,-40827.664,7710.772,-33116.892,302.329,30.914,0.989,1.42e+03,0:43
29.0%,145000,290.0,-40865.309,7731.909,-33133.4,303.157,31.337,0.976,1.42e+03,0:43
30.0%,150000,300.0,-40897.838,7546.351,-33351.487,295.882,31.33,0.976,1.42e+03,0:42
31.0%,155000,310.0,-40688.74,7308.982,-33379.758,286.575,30.992,0.987,1.42e+03,0:42
32.0%,160000,320.0,-40823.324,7845.514,-32977.81,307.612,31.088,0.983,1.42e+03,0:41
33.0%,165000,330.0,-40875.912,7649.865,-33226.047,299.94,30.85,0.991,1.42e+03,0:40
34.0%,170000,340.0,-40928.094,7483.727,-33444.367,293.426,31.164,0.981,1.42e+03,0:40
35.0%,175000,350.0,-40767.446,7724.337,-33043.109,302.86,31.088,0.983,1.42e+03,0:39
36.0%,180000,360.0,-41002.44,7634.755,-33367.684,299.348,30.95,0.988,1.42e+03,0:39
37.0%,185000,370.0,-41050.258,7541.609,-33508.649,295.696,31.034,0.985,1.42e+03,0:38
38.0%,190000,380.0,-40902.532,7762.938,-33139.594,304.374,31.168,0.981,1.42e+03,0:37
39.0%,195000,390.0,-40822.8,7303.704,-33519.096,286.368,30.889,0.99,1.42e+03,0:37
40.0%,200000,400.0,-40852.632,7748.417,-33104.215,303.805,31.07,0.984,1.42e+03,0:36
41.0%,205000,410.0,-40532.008,7922.725,-32609.282,310.639,30.974,0.987,1.42e+03,0:36
42.0%,210000,420.0,-40306.324,7630.998,-32675.326,299.201,31.762,0.963,1.42e+03,0:35
43.0%,215000,430.0,-40587.767,7551.681,-33036.086,296.091,30.965,0.987,1.41e+03,0:34
44.0%,220000,440.0,-41138.562,7742.607,-33395.955,303.577,30.737,0.995,1.41e+03,0:34
45.0%,225000,450.0,-40749.139,7582.447,-33166.693,297.297,30.851,0.991,1.41e+03,0:33
46.0%,230000,460.0,-40580.467,7672.128,-32908.339,300.813,30.663,0.997,1.41e+03,0:32
47.0%,235000,470.0,-40703.676,7710.188,-32993.488,302.306,31.443,0.972,1.41e+03,0:32
48.0%,240000,480.0,-40801.638,7800.569,-33001.069,305.849,30.719,0.995,1.41e+03,0:31
49.0%,245000,490.0,-40767.219,7838.589,-32928.63,307.34,30.929,0.989,1.41e+03,0:31
50.0%,250000,500.0,-40806.77,7787.256,-33019.514,305.327,31.078,0.984,1.41e+03,0:30
51.0%,255000,510.0,-40734.889,7512.986,-33221.903,294.574,30.839,0.991,1.41e+03,0:29
52.0%,260000,520.0,-40601.981,7532.124,-33069.857,295.324,31.027,0.985,1.41e+03,0:29
53.0%,265000,530.0,-40764.492,7892.789,-32871.703,309.465,31.205,0.98,1.41e+03,0:28
54.0%,270000,540.0,-40759.834,7717.022,-33042.812,302.574,31.001,0.986,1.41e+03,0:28
55.0%,275000,550.0,-40935.628,7863.377,-33072.25,308.312,31.024,0.986,1.41e+03,0:27
56.0%,280000,560.0,-40501.273,7794.822,-32706.451,305.624,30.922,0.989,1.41e+03,0:26
57.0%,285000,570.0,-40694.044,7621.26,-33072.784,298.819,31.155,0.981,1.41e+03,0:26
58.0%,290000,580.0,-40939.663,7529.313,-33410.349,295.214,31.202,0.98,1.41e+03,0:25
59.0%,295000,590.0,-41045.535,7694.173,-33351.362,301.678,31.296,0.977,1.41e+03,0:25
60.0%,300000,600.0,-40612.905,7590.79,-33022.115,297.624,31.446,0.972,1.41e+03,0:24
61.0%,305000,610.0,-40469.293,7695.76,-32773.533,301.74,31.205,0.98,1.41e+03,0:23
62.0%,310000,620.0,-40615.641,7613.125,-33002.517,298.5,31.222,0.979,1.41e+03,0:23
63.0%,315000,630.0,-40306.431,7870.361,-32436.07,308.586,31.544,0.969,1.41e+03,0:22
64.0%,320000,640.0,-40457.03,7604.913,-32852.117,298.178,31.418,0.973,1.41e+03,0:22
65.0%,325000,650.0,-40413.863,7701.426,-32712.437,301.962,31.169,0.981,1.41e+03,0:21
66.0%,330000,660.0,-41026.211,7686.303,-33339.907,301.369,31.154,0.981,1.41e+03,0:20
67.0%,335000,670.0,-40580.805,7640.695,-32940.109,299.581,31.506,0.97,1.41e+03,0:20
68.0%,340000,680.0,-40942.321,7654.92,-33287.401,300.139,31.257,0.978,1.41e+03,0:19
69.0%,345000,690.0,-41051.944,7870.496,-33181.449,308.591,30.953,0.988,1.41e+03,0:18
70.0%,350000,700.0,-40660.731,7432.616,-33228.114,291.422,31.12,0.982,1.41e+03,0:18
71.0%,355000,710.0,-40857.093,7569.196,-33287.897,296.778,31.068,0.984,1.41e+03,0:17
72.0%,360000,720.0,-40845.671,7649.198,-33196.473,299.914,31.089,0.983,1.41e+03,0:17
73.0%,365000,730.0,-40790.895,7469.535,-33321.359,292.87,30.971,0.987,1.41e+03,0:16
74.0%,370000,740.0,-40920.048,7612.668,-33307.38,298.482,30.922,0.989,1.41e+03,0:15
75.0%,375000,750.0,-40742.496,7489.45,-33253.045,293.651,31.252,0.978,1.41e+03,0:15
76.0%,380000,760.0,-40545.917,7531.378,-33014.539,295.295,30.866,0.991,1.41e+03,0:14
77.0%,385000,770.0,-40779.225,7719.177,-33060.048,302.658,30.79,0.993,1.41e+03,0:14
78.0%,390000,780.0,-40747.986,7687.811,-33060.175,301.428,30.844,0.991,1.41e+03,0:13
79.0%,395000,790.0,-40986.886,7719.015,-33267.871,302.652,30.452,1.004,1.41e+03,0:12
80.0%,400000,800.0,-40560.866,7584.542,-32976.324,297.379,30.834,0.992,1.41e+03,0:12
81.0%,405000,810.0,-40541.818,7681.125,-32860.693,301.166,30.961,0.988,1.41e+03,0:11
82.0%,410000,820.0,-40871.874,7538.075,-33333.799,295.557,31.027,0.985,1.41e+03,0:11
83.0%,415000,830.0,-40708.43,7690.595,-33017.835,301.537,30.385,1.006,1.41e+03,0:10
84.0%,420000,840.0,-40712.554,7694.867,-33017.687,301.705,30.914,0.989,1.41e+03,0:09
85.0%,425000,850.0,-40680.849,7667.452,-33013.397,300.63,30.805,0.993,1.41e+03,0:09
86.0%,430000,860.0,-40546.327,7647.738,-32898.588,299.857,30.829,0.992,1.41e+03,0:08
87.0%,435000,870.0,-41183.563,7446.994,-33736.569,291.986,30.723,0.995,1.41e+03,0:07
88.0%,440000,880.0,-40800.326,7733.426,-33066.9,303.217,31.111,0.983,1.41e+03,0:07
89.0%,445000,890.0,-40303.013,7787.132,-32515.881,305.322,31.277,0.978,1.41e+03,0:06
90.0%,450000,900.0,-40827.629,7580.593,-33247.036,297.224,31.164,0.981,1.41e+03,0:06
91.0%,455000,910.0,-41106.414,7598.494,-33507.919,297.926,31.086,0.984,1.41e+03,0:05
92.0%,460000,920.0,-40940.081,7474.01,-33466.071,293.045,31.38,0.974,1.41e+03,0:04
93.0%,465000,930.0,-40815.909,7594.773,-33221.136,297.78,30.979,0.987,1.41e+03,0:04
94.0%,470000,940.0,-40633.929,7531.317,-33102.612,295.292,30.998,0.986,1.41e+03,0:03
95.0%,475000,950.0,-40457.096,7692.846,-32764.25,301.626,30.568,1.0,1.41e+03,0:03
96.0%,480000,960.0,-40782.072,7636.297,-33145.775,299.408,31.006,0.986,1.41e+03,0:02
97.0%,485000,970.0,-40560.529,7609.175,-32951.354,298.345,31.093,0.983,1.41e+03,0:01
98.0%,490000,980.0,-40526.767,7692.133,-32834.634,301.598,30.96,0.988,1.41e+03,0:01
99.0%,495000,990.0,-40551.197,7630.535,-32920.662,299.183,31.134,0.982,1.41e+03,0:00
100.0%,500000,1000.0,-40747.216,7711.12,-33036.096,302.342,30.821,0.992,1.41e+03,0:00
