2026-06-08 16:16:16 | INFO     | STAGE: Prepare receptor for Vina started
2026-06-08 16:16:16 | INFO     | Running: Parallel vina_parallel_prep_rec() for 2 jobs
2026-06-08 16:16:16 | INFO     | Running: generate_site for 6W63; cmd: /usr/local/chimerax/bin/ChimeraX --nogui
2026-06-08 16:16:16 | INFO     | Running: generate_site for 7K40; cmd: /usr/local/chimerax/bin/ChimeraX --nogui
2026-06-08 16:16:27 | INFO     | Running: meeko_prep_rec for 6W63; cmd: mk_prepare_receptor.py -i /localscratch/kbui/NexusMol/examples/receptors/final/6W63.pdb -o /localscratch/kbui/NexusMol/examples/_artifacts/vina_mpro/6W63_prepared -a -p -v /localscratch/kbui/NexusMol/examples/_artifacts/vina_mpro/6W63_vina_config.txt --box_enveloping /localscratch/kbui/NexusMol/examples/_artifacts/vina_mpro/6W63_pocket.pdb --padding 4.0
2026-06-08 16:16:27 | INFO     | Running: meeko_prep_rec for 7K40; cmd: mk_prepare_receptor.py -i /localscratch/kbui/NexusMol/examples/receptors/final/7K40.pdb -o /localscratch/kbui/NexusMol/examples/_artifacts/vina_mpro/7K40_prepared -a -p -v /localscratch/kbui/NexusMol/examples/_artifacts/vina_mpro/7K40_vina_config.txt --box_enveloping /localscratch/kbui/NexusMol/examples/_artifacts/vina_mpro/7K40_pocket.pdb --padding 4.0
2026-06-08 16:16:39 | WARNING  | STDERR: @> 9328 atoms and 1 coordinate set(s) were parsed in 0.03s.

2026-06-08 16:16:39 | WARNING  | STDERR: @> 9364 atoms and 1 coordinate set(s) were parsed in 0.03s.

2026-06-08 16:16:39 | INFO     | Python parallel execution completed. Kept 2/2 successful jobs.
2026-06-08 16:16:39 | INFO     | STAGE: Prepare receptor for Vina completed
2026-06-08 16:16:39 | INFO     | STAGE: Batch docking with Vina started
2026-06-08 16:16:39 | INFO     | Running: Parallel dock6_parallel_docking() for 10 jobs
2026-06-08 16:16:39 | INFO     | Running: vina docking for 6W63_aspirin_prepared; cmd: vina --receptor /localscratch/kbui/NexusMol/examples/_artifacts/vina_mpro/6W63_prepared.pdbqt --ligand /localscratch/kbui/NexusMol/examples/ligands/vina/aspirin_prepared.pdbqt --config /localscratch/kbui/NexusMol/examples/_artifacts/vina_mpro/6W63_vina_config.txt --out /localscratch/kbui/NexusMol/examples/_artifacts/vina_mpro/6W63_aspirin_prepared_scored.pdbqt
2026-06-08 16:16:39 | INFO     | Running: vina docking for 6W63_mol1_prepared; cmd: vina --receptor /localscratch/kbui/NexusMol/examples/_artifacts/vina_mpro/6W63_prepared.pdbqt --ligand /localscratch/kbui/NexusMol/examples/ligands/vina/mol1_prepared.pdbqt --config /localscratch/kbui/NexusMol/examples/_artifacts/vina_mpro/6W63_vina_config.txt --out /localscratch/kbui/NexusMol/examples/_artifacts/vina_mpro/6W63_mol1_prepared_scored.pdbqt
2026-06-08 16:16:39 | INFO     | Running: vina docking for 6W63_mol2_prepared; cmd: vina --receptor /localscratch/kbui/NexusMol/examples/_artifacts/vina_mpro/6W63_prepared.pdbqt --ligand /localscratch/kbui/NexusMol/examples/ligands/vina/mol2_prepared.pdbqt --config /localscratch/kbui/NexusMol/examples/_artifacts/vina_mpro/6W63_vina_config.txt --out /localscratch/kbui/NexusMol/examples/_artifacts/vina_mpro/6W63_mol2_prepared_scored.pdbqt
2026-06-08 16:16:39 | INFO     | Running: vina docking for 6W63_mol4_prepared; cmd: vina --receptor /localscratch/kbui/NexusMol/examples/_artifacts/vina_mpro/6W63_prepared.pdbqt --ligand /localscratch/kbui/NexusMol/examples/ligands/vina/mol4_prepared.pdbqt --config /localscratch/kbui/NexusMol/examples/_artifacts/vina_mpro/6W63_vina_config.txt --out /localscratch/kbui/NexusMol/examples/_artifacts/vina_mpro/6W63_mol4_prepared_scored.pdbqt
2026-06-08 16:16:39 | INFO     | Running: vina docking for 7K40_aspirin_prepared; cmd: vina --receptor /localscratch/kbui/NexusMol/examples/_artifacts/vina_mpro/7K40_prepared.pdbqt --ligand /localscratch/kbui/NexusMol/examples/ligands/vina/aspirin_prepared.pdbqt --config /localscratch/kbui/NexusMol/examples/_artifacts/vina_mpro/7K40_vina_config.txt --out /localscratch/kbui/NexusMol/examples/_artifacts/vina_mpro/7K40_aspirin_prepared_scored.pdbqt
2026-06-08 16:16:39 | INFO     | Running: vina docking for 7K40_mol1_prepared; cmd: vina --receptor /localscratch/kbui/NexusMol/examples/_artifacts/vina_mpro/7K40_prepared.pdbqt --ligand /localscratch/kbui/NexusMol/examples/ligands/vina/mol1_prepared.pdbqt --config /localscratch/kbui/NexusMol/examples/_artifacts/vina_mpro/7K40_vina_config.txt --out /localscratch/kbui/NexusMol/examples/_artifacts/vina_mpro/7K40_mol1_prepared_scored.pdbqt
2026-06-08 16:16:39 | INFO     | Running: vina docking for 6W63_mol3_prepared; cmd: vina --receptor /localscratch/kbui/NexusMol/examples/_artifacts/vina_mpro/6W63_prepared.pdbqt --ligand /localscratch/kbui/NexusMol/examples/ligands/vina/mol3_prepared.pdbqt --config /localscratch/kbui/NexusMol/examples/_artifacts/vina_mpro/6W63_vina_config.txt --out /localscratch/kbui/NexusMol/examples/_artifacts/vina_mpro/6W63_mol3_prepared_scored.pdbqt
2026-06-08 16:16:39 | INFO     | Running: vina docking for 7K40_mol2_prepared; cmd: vina --receptor /localscratch/kbui/NexusMol/examples/_artifacts/vina_mpro/7K40_prepared.pdbqt --ligand /localscratch/kbui/NexusMol/examples/ligands/vina/mol2_prepared.pdbqt --config /localscratch/kbui/NexusMol/examples/_artifacts/vina_mpro/7K40_vina_config.txt --out /localscratch/kbui/NexusMol/examples/_artifacts/vina_mpro/7K40_mol2_prepared_scored.pdbqt
2026-06-08 16:16:39 | INFO     | Running: vina docking for 7K40_mol3_prepared; cmd: vina --receptor /localscratch/kbui/NexusMol/examples/_artifacts/vina_mpro/7K40_prepared.pdbqt --ligand /localscratch/kbui/NexusMol/examples/ligands/vina/mol3_prepared.pdbqt --config /localscratch/kbui/NexusMol/examples/_artifacts/vina_mpro/7K40_vina_config.txt --out /localscratch/kbui/NexusMol/examples/_artifacts/vina_mpro/7K40_mol3_prepared_scored.pdbqt
2026-06-08 16:16:39 | INFO     | Running: vina docking for 7K40_mol4_prepared; cmd: vina --receptor /localscratch/kbui/NexusMol/examples/_artifacts/vina_mpro/7K40_prepared.pdbqt --ligand /localscratch/kbui/NexusMol/examples/ligands/vina/mol4_prepared.pdbqt --config /localscratch/kbui/NexusMol/examples/_artifacts/vina_mpro/7K40_vina_config.txt --out /localscratch/kbui/NexusMol/examples/_artifacts/vina_mpro/7K40_mol4_prepared_scored.pdbqt
2026-06-08 16:17:51 | INFO     | Python parallel execution completed. Kept 10/10 successful jobs.
2026-06-08 16:17:51 | INFO     | STAGE: Batch docking with Vina completed
2026-06-08 16:17:51 | INFO     | STAGE: Write summary csv started
2026-06-08 16:17:51 | ERROR    | STAGE: Write summary csv failed
Traceback (most recent call last):
  File "/localscratch/kbui/NexusMol/src/nexus/core/trackers/main_tracker.py", line 29, in wrapper
    result = func(*args, **kwargs)
             ^^^^^^^^^^^^^^^^^^^^^
  File "/localscratch/kbui/NexusMol/src/nexus/dock/utils/write_summary_csv.py", line 77, in write_summary_csv
    compute_clusters(lig_name, out, cluster_results)
  File "/localscratch/kbui/NexusMol/src/nexus/dock/utils/_compute_clusters.py", line 221, in compute_clusters
    "cluster_size": len(metrics["pose_indices"]),
                    ^^^^^^^^^^^^^^^^^^^^^^^^^^^^
TypeError: object of type 'int' has no len()
2026-06-08 16:20:01 | INFO     | STAGE: Prepare receptor for Vina started
2026-06-08 16:20:01 | INFO     | Running: Parallel vina_parallel_prep_rec() for 2 jobs
2026-06-08 16:20:02 | INFO     | Running: generate_site for 6W63; cmd: /usr/local/chimerax/bin/ChimeraX --nogui
2026-06-08 16:20:02 | INFO     | Running: generate_site for 7K40; cmd: /usr/local/chimerax/bin/ChimeraX --nogui
2026-06-08 16:20:04 | INFO     | Running: meeko_prep_rec for 6W63; cmd: mk_prepare_receptor.py -i /localscratch/kbui/NexusMol/examples/receptors/final/6W63.pdb -o /localscratch/kbui/NexusMol/examples/_artifacts/vina_mpro/6W63_prepared -a -p -v /localscratch/kbui/NexusMol/examples/_artifacts/vina_mpro/6W63_vina_config.txt --box_enveloping /localscratch/kbui/NexusMol/examples/_artifacts/vina_mpro/6W63_pocket.pdb --padding 4.0
2026-06-08 16:20:04 | INFO     | Running: meeko_prep_rec for 7K40; cmd: mk_prepare_receptor.py -i /localscratch/kbui/NexusMol/examples/receptors/final/7K40.pdb -o /localscratch/kbui/NexusMol/examples/_artifacts/vina_mpro/7K40_prepared -a -p -v /localscratch/kbui/NexusMol/examples/_artifacts/vina_mpro/7K40_vina_config.txt --box_enveloping /localscratch/kbui/NexusMol/examples/_artifacts/vina_mpro/7K40_pocket.pdb --padding 4.0
2026-06-08 16:20:11 | WARNING  | STDERR: @> 9328 atoms and 1 coordinate set(s) were parsed in 0.03s.

2026-06-08 16:20:11 | WARNING  | STDERR: @> 9364 atoms and 1 coordinate set(s) were parsed in 0.03s.

2026-06-08 16:20:11 | INFO     | Python parallel execution completed. Kept 2/2 successful jobs.
2026-06-08 16:20:11 | INFO     | STAGE: Prepare receptor for Vina completed
2026-06-08 16:20:11 | INFO     | STAGE: Batch docking with Vina started
2026-06-08 16:20:11 | INFO     | Running: Parallel dock6_parallel_docking() for 10 jobs
2026-06-08 16:20:11 | INFO     | Running: vina docking for 6W63_mol1_prepared; cmd: vina --receptor /localscratch/kbui/NexusMol/examples/_artifacts/vina_mpro/6W63_prepared.pdbqt --ligand /localscratch/kbui/NexusMol/examples/ligands/vina/mol1_prepared.pdbqt --config /localscratch/kbui/NexusMol/examples/_artifacts/vina_mpro/6W63_vina_config.txt --out /localscratch/kbui/NexusMol/examples/_artifacts/vina_mpro/6W63_mol1_prepared_scored.pdbqt
2026-06-08 16:20:11 | INFO     | Running: vina docking for 6W63_aspirin_prepared; cmd: vina --receptor /localscratch/kbui/NexusMol/examples/_artifacts/vina_mpro/6W63_prepared.pdbqt --ligand /localscratch/kbui/NexusMol/examples/ligands/vina/aspirin_prepared.pdbqt --config /localscratch/kbui/NexusMol/examples/_artifacts/vina_mpro/6W63_vina_config.txt --out /localscratch/kbui/NexusMol/examples/_artifacts/vina_mpro/6W63_aspirin_prepared_scored.pdbqt
2026-06-08 16:20:11 | INFO     | Running: vina docking for 6W63_mol3_prepared; cmd: vina --receptor /localscratch/kbui/NexusMol/examples/_artifacts/vina_mpro/6W63_prepared.pdbqt --ligand /localscratch/kbui/NexusMol/examples/ligands/vina/mol3_prepared.pdbqt --config /localscratch/kbui/NexusMol/examples/_artifacts/vina_mpro/6W63_vina_config.txt --out /localscratch/kbui/NexusMol/examples/_artifacts/vina_mpro/6W63_mol3_prepared_scored.pdbqt
2026-06-08 16:20:11 | INFO     | Running: vina docking for 6W63_mol2_prepared; cmd: vina --receptor /localscratch/kbui/NexusMol/examples/_artifacts/vina_mpro/6W63_prepared.pdbqt --ligand /localscratch/kbui/NexusMol/examples/ligands/vina/mol2_prepared.pdbqt --config /localscratch/kbui/NexusMol/examples/_artifacts/vina_mpro/6W63_vina_config.txt --out /localscratch/kbui/NexusMol/examples/_artifacts/vina_mpro/6W63_mol2_prepared_scored.pdbqt
2026-06-08 16:20:11 | INFO     | Running: vina docking for 7K40_mol1_prepared; cmd: vina --receptor /localscratch/kbui/NexusMol/examples/_artifacts/vina_mpro/7K40_prepared.pdbqt --ligand /localscratch/kbui/NexusMol/examples/ligands/vina/mol1_prepared.pdbqt --config /localscratch/kbui/NexusMol/examples/_artifacts/vina_mpro/7K40_vina_config.txt --out /localscratch/kbui/NexusMol/examples/_artifacts/vina_mpro/7K40_mol1_prepared_scored.pdbqt
2026-06-08 16:20:11 | INFO     | Running: vina docking for 6W63_mol4_prepared; cmd: vina --receptor /localscratch/kbui/NexusMol/examples/_artifacts/vina_mpro/6W63_prepared.pdbqt --ligand /localscratch/kbui/NexusMol/examples/ligands/vina/mol4_prepared.pdbqt --config /localscratch/kbui/NexusMol/examples/_artifacts/vina_mpro/6W63_vina_config.txt --out /localscratch/kbui/NexusMol/examples/_artifacts/vina_mpro/6W63_mol4_prepared_scored.pdbqt
2026-06-08 16:20:11 | INFO     | Running: vina docking for 7K40_aspirin_prepared; cmd: vina --receptor /localscratch/kbui/NexusMol/examples/_artifacts/vina_mpro/7K40_prepared.pdbqt --ligand /localscratch/kbui/NexusMol/examples/ligands/vina/aspirin_prepared.pdbqt --config /localscratch/kbui/NexusMol/examples/_artifacts/vina_mpro/7K40_vina_config.txt --out /localscratch/kbui/NexusMol/examples/_artifacts/vina_mpro/7K40_aspirin_prepared_scored.pdbqt
2026-06-08 16:20:11 | INFO     | Running: vina docking for 7K40_mol4_prepared; cmd: vina --receptor /localscratch/kbui/NexusMol/examples/_artifacts/vina_mpro/7K40_prepared.pdbqt --ligand /localscratch/kbui/NexusMol/examples/ligands/vina/mol4_prepared.pdbqt --config /localscratch/kbui/NexusMol/examples/_artifacts/vina_mpro/7K40_vina_config.txt --out /localscratch/kbui/NexusMol/examples/_artifacts/vina_mpro/7K40_mol4_prepared_scored.pdbqt
2026-06-08 16:20:11 | INFO     | Running: vina docking for 7K40_mol3_prepared; cmd: vina --receptor /localscratch/kbui/NexusMol/examples/_artifacts/vina_mpro/7K40_prepared.pdbqt --ligand /localscratch/kbui/NexusMol/examples/ligands/vina/mol3_prepared.pdbqt --config /localscratch/kbui/NexusMol/examples/_artifacts/vina_mpro/7K40_vina_config.txt --out /localscratch/kbui/NexusMol/examples/_artifacts/vina_mpro/7K40_mol3_prepared_scored.pdbqt
2026-06-08 16:20:11 | INFO     | Running: vina docking for 7K40_mol2_prepared; cmd: vina --receptor /localscratch/kbui/NexusMol/examples/_artifacts/vina_mpro/7K40_prepared.pdbqt --ligand /localscratch/kbui/NexusMol/examples/ligands/vina/mol2_prepared.pdbqt --config /localscratch/kbui/NexusMol/examples/_artifacts/vina_mpro/7K40_vina_config.txt --out /localscratch/kbui/NexusMol/examples/_artifacts/vina_mpro/7K40_mol2_prepared_scored.pdbqt
2026-06-08 16:21:47 | INFO     | Python parallel execution completed. Kept 10/10 successful jobs.
2026-06-08 16:21:47 | INFO     | STAGE: Batch docking with Vina completed
2026-06-08 16:21:47 | INFO     | STAGE: Write summary csv started
2026-06-08 16:21:47 | ERROR    | STAGE: Write summary csv failed
Traceback (most recent call last):
  File "/localscratch/kbui/NexusMol/src/nexus/core/trackers/main_tracker.py", line 29, in wrapper
    result = func(*args, **kwargs)
             ^^^^^^^^^^^^^^^^^^^^^
  File "/localscratch/kbui/NexusMol/src/nexus/dock/utils/write_summary_csv.py", line 77, in write_summary_csv
    compute_clusters(lig_name, out, cluster_results)
  File "/localscratch/kbui/NexusMol/src/nexus/dock/utils/_compute_clusters.py", line 222, in compute_clusters
    "cluster_size": len(metrics["pose_indices"]),
                    ^^^^^^^^^^^^^^^^^^^^^^^^^^^^
TypeError: object of type 'int' has no len()
2026-06-08 16:25:27 | INFO     | STAGE: Prepare receptor for Vina started
2026-06-08 16:25:27 | INFO     | Running: Parallel vina_parallel_prep_rec() for 2 jobs
2026-06-08 16:25:27 | INFO     | Running: generate_site for 6W63; cmd: /usr/local/chimerax/bin/ChimeraX --nogui
2026-06-08 16:25:27 | INFO     | Running: generate_site for 7K40; cmd: /usr/local/chimerax/bin/ChimeraX --nogui
2026-06-08 16:25:30 | INFO     | Running: meeko_prep_rec for 7K40; cmd: mk_prepare_receptor.py -i /localscratch/kbui/NexusMol/examples/receptors/final/7K40.pdb -o /localscratch/kbui/NexusMol/examples/_artifacts/vina_mpro/7K40_prepared -a -p -v /localscratch/kbui/NexusMol/examples/_artifacts/vina_mpro/7K40_vina_config.txt --box_enveloping /localscratch/kbui/NexusMol/examples/_artifacts/vina_mpro/7K40_pocket.pdb --padding 4.0
2026-06-08 16:25:30 | INFO     | Running: meeko_prep_rec for 6W63; cmd: mk_prepare_receptor.py -i /localscratch/kbui/NexusMol/examples/receptors/final/6W63.pdb -o /localscratch/kbui/NexusMol/examples/_artifacts/vina_mpro/6W63_prepared -a -p -v /localscratch/kbui/NexusMol/examples/_artifacts/vina_mpro/6W63_vina_config.txt --box_enveloping /localscratch/kbui/NexusMol/examples/_artifacts/vina_mpro/6W63_pocket.pdb --padding 4.0
2026-06-08 16:25:37 | WARNING  | STDERR: @> 9328 atoms and 1 coordinate set(s) were parsed in 0.03s.

2026-06-08 16:25:37 | WARNING  | STDERR: @> 9364 atoms and 1 coordinate set(s) were parsed in 0.03s.

2026-06-08 16:25:37 | INFO     | Python parallel execution completed. Kept 2/2 successful jobs.
2026-06-08 16:25:37 | INFO     | STAGE: Prepare receptor for Vina completed
2026-06-08 16:25:37 | INFO     | STAGE: Batch docking with Vina started
2026-06-08 16:25:37 | INFO     | Running: Parallel dock6_parallel_docking() for 10 jobs
2026-06-08 16:25:37 | INFO     | Running: vina docking for 6W63_aspirin_prepared; cmd: vina --receptor /localscratch/kbui/NexusMol/examples/_artifacts/vina_mpro/6W63_prepared.pdbqt --ligand /localscratch/kbui/NexusMol/examples/ligands/vina/aspirin_prepared.pdbqt --config /localscratch/kbui/NexusMol/examples/_artifacts/vina_mpro/6W63_vina_config.txt --out /localscratch/kbui/NexusMol/examples/_artifacts/vina_mpro/6W63_aspirin_prepared_scored.pdbqt
2026-06-08 16:25:37 | INFO     | Running: vina docking for 6W63_mol1_prepared; cmd: vina --receptor /localscratch/kbui/NexusMol/examples/_artifacts/vina_mpro/6W63_prepared.pdbqt --ligand /localscratch/kbui/NexusMol/examples/ligands/vina/mol1_prepared.pdbqt --config /localscratch/kbui/NexusMol/examples/_artifacts/vina_mpro/6W63_vina_config.txt --out /localscratch/kbui/NexusMol/examples/_artifacts/vina_mpro/6W63_mol1_prepared_scored.pdbqt
2026-06-08 16:25:37 | INFO     | Running: vina docking for 6W63_mol2_prepared; cmd: vina --receptor /localscratch/kbui/NexusMol/examples/_artifacts/vina_mpro/6W63_prepared.pdbqt --ligand /localscratch/kbui/NexusMol/examples/ligands/vina/mol2_prepared.pdbqt --config /localscratch/kbui/NexusMol/examples/_artifacts/vina_mpro/6W63_vina_config.txt --out /localscratch/kbui/NexusMol/examples/_artifacts/vina_mpro/6W63_mol2_prepared_scored.pdbqt
2026-06-08 16:25:37 | INFO     | Running: vina docking for 6W63_mol3_prepared; cmd: vina --receptor /localscratch/kbui/NexusMol/examples/_artifacts/vina_mpro/6W63_prepared.pdbqt --ligand /localscratch/kbui/NexusMol/examples/ligands/vina/mol3_prepared.pdbqt --config /localscratch/kbui/NexusMol/examples/_artifacts/vina_mpro/6W63_vina_config.txt --out /localscratch/kbui/NexusMol/examples/_artifacts/vina_mpro/6W63_mol3_prepared_scored.pdbqt
2026-06-08 16:25:37 | INFO     | Running: vina docking for 7K40_mol1_prepared; cmd: vina --receptor /localscratch/kbui/NexusMol/examples/_artifacts/vina_mpro/7K40_prepared.pdbqt --ligand /localscratch/kbui/NexusMol/examples/ligands/vina/mol1_prepared.pdbqt --config /localscratch/kbui/NexusMol/examples/_artifacts/vina_mpro/7K40_vina_config.txt --out /localscratch/kbui/NexusMol/examples/_artifacts/vina_mpro/7K40_mol1_prepared_scored.pdbqt
2026-06-08 16:25:37 | INFO     | Running: vina docking for 6W63_mol4_prepared; cmd: vina --receptor /localscratch/kbui/NexusMol/examples/_artifacts/vina_mpro/6W63_prepared.pdbqt --ligand /localscratch/kbui/NexusMol/examples/ligands/vina/mol4_prepared.pdbqt --config /localscratch/kbui/NexusMol/examples/_artifacts/vina_mpro/6W63_vina_config.txt --out /localscratch/kbui/NexusMol/examples/_artifacts/vina_mpro/6W63_mol4_prepared_scored.pdbqt
2026-06-08 16:25:37 | INFO     | Running: vina docking for 7K40_aspirin_prepared; cmd: vina --receptor /localscratch/kbui/NexusMol/examples/_artifacts/vina_mpro/7K40_prepared.pdbqt --ligand /localscratch/kbui/NexusMol/examples/ligands/vina/aspirin_prepared.pdbqt --config /localscratch/kbui/NexusMol/examples/_artifacts/vina_mpro/7K40_vina_config.txt --out /localscratch/kbui/NexusMol/examples/_artifacts/vina_mpro/7K40_aspirin_prepared_scored.pdbqt
2026-06-08 16:25:37 | INFO     | Running: vina docking for 7K40_mol3_prepared; cmd: vina --receptor /localscratch/kbui/NexusMol/examples/_artifacts/vina_mpro/7K40_prepared.pdbqt --ligand /localscratch/kbui/NexusMol/examples/ligands/vina/mol3_prepared.pdbqt --config /localscratch/kbui/NexusMol/examples/_artifacts/vina_mpro/7K40_vina_config.txt --out /localscratch/kbui/NexusMol/examples/_artifacts/vina_mpro/7K40_mol3_prepared_scored.pdbqt
2026-06-08 16:25:37 | INFO     | Running: vina docking for 7K40_mol2_prepared; cmd: vina --receptor /localscratch/kbui/NexusMol/examples/_artifacts/vina_mpro/7K40_prepared.pdbqt --ligand /localscratch/kbui/NexusMol/examples/ligands/vina/mol2_prepared.pdbqt --config /localscratch/kbui/NexusMol/examples/_artifacts/vina_mpro/7K40_vina_config.txt --out /localscratch/kbui/NexusMol/examples/_artifacts/vina_mpro/7K40_mol2_prepared_scored.pdbqt
2026-06-08 16:25:37 | INFO     | Running: vina docking for 7K40_mol4_prepared; cmd: vina --receptor /localscratch/kbui/NexusMol/examples/_artifacts/vina_mpro/7K40_prepared.pdbqt --ligand /localscratch/kbui/NexusMol/examples/ligands/vina/mol4_prepared.pdbqt --config /localscratch/kbui/NexusMol/examples/_artifacts/vina_mpro/7K40_vina_config.txt --out /localscratch/kbui/NexusMol/examples/_artifacts/vina_mpro/7K40_mol4_prepared_scored.pdbqt
2026-06-08 16:27:02 | INFO     | Python parallel execution completed. Kept 10/10 successful jobs.
2026-06-08 16:27:02 | INFO     | STAGE: Batch docking with Vina completed
2026-06-08 16:27:02 | INFO     | STAGE: Write summary csv started
2026-06-08 16:27:02 | ERROR    | STAGE: Write summary csv failed
Traceback (most recent call last):
  File "/localscratch/kbui/NexusMol/src/nexus/core/trackers/main_tracker.py", line 29, in wrapper
    result = func(*args, **kwargs)
             ^^^^^^^^^^^^^^^^^^^^^
  File "/localscratch/kbui/NexusMol/src/nexus/dock/utils/write_summary_csv.py", line 77, in write_summary_csv
    compute_clusters(lig_name, out, cluster_results)
  File "/localscratch/kbui/NexusMol/src/nexus/dock/utils/_compute_clusters.py", line 222, in compute_clusters
    "cluster_size": len(metrics["pose_indices"]),
                    ^^^^^^^^^^^^^^^^^^^^^^^^^^^^
TypeError: object of type 'int' has no len()
2026-06-08 16:28:31 | INFO     | STAGE: Prepare receptor for Vina started
2026-06-08 16:28:31 | INFO     | Running: Parallel vina_parallel_prep_rec() for 2 jobs
2026-06-08 16:28:31 | INFO     | Running: generate_site for 6W63; cmd: /usr/local/chimerax/bin/ChimeraX --nogui
2026-06-08 16:28:31 | INFO     | Running: generate_site for 7K40; cmd: /usr/local/chimerax/bin/ChimeraX --nogui
2026-06-08 16:28:34 | INFO     | Running: meeko_prep_rec for 6W63; cmd: mk_prepare_receptor.py -i /localscratch/kbui/NexusMol/examples/receptors/final/6W63.pdb -o /localscratch/kbui/NexusMol/examples/_artifacts/vina_mpro/6W63_prepared -a -p -v /localscratch/kbui/NexusMol/examples/_artifacts/vina_mpro/6W63_vina_config.txt --box_enveloping /localscratch/kbui/NexusMol/examples/_artifacts/vina_mpro/6W63_pocket.pdb --padding 4.0
2026-06-08 16:28:34 | INFO     | Running: meeko_prep_rec for 7K40; cmd: mk_prepare_receptor.py -i /localscratch/kbui/NexusMol/examples/receptors/final/7K40.pdb -o /localscratch/kbui/NexusMol/examples/_artifacts/vina_mpro/7K40_prepared -a -p -v /localscratch/kbui/NexusMol/examples/_artifacts/vina_mpro/7K40_vina_config.txt --box_enveloping /localscratch/kbui/NexusMol/examples/_artifacts/vina_mpro/7K40_pocket.pdb --padding 4.0
2026-06-08 16:28:40 | WARNING  | STDERR: @> 9328 atoms and 1 coordinate set(s) were parsed in 0.03s.

2026-06-08 16:28:40 | WARNING  | STDERR: @> 9364 atoms and 1 coordinate set(s) were parsed in 0.03s.

2026-06-08 16:28:40 | INFO     | Python parallel execution completed. Kept 2/2 successful jobs.
2026-06-08 16:28:40 | INFO     | STAGE: Prepare receptor for Vina completed
2026-06-08 16:28:40 | INFO     | STAGE: Batch docking with Vina started
2026-06-08 16:28:40 | INFO     | Running: Parallel dock6_parallel_docking() for 10 jobs
2026-06-08 16:28:41 | INFO     | Running: vina docking for 6W63_mol1_prepared; cmd: vina --receptor /localscratch/kbui/NexusMol/examples/_artifacts/vina_mpro/6W63_prepared.pdbqt --ligand /localscratch/kbui/NexusMol/examples/ligands/vina/mol1_prepared.pdbqt --config /localscratch/kbui/NexusMol/examples/_artifacts/vina_mpro/6W63_vina_config.txt --out /localscratch/kbui/NexusMol/examples/_artifacts/vina_mpro/6W63_mol1_prepared_scored.pdbqt
2026-06-08 16:28:41 | INFO     | Running: vina docking for 6W63_aspirin_prepared; cmd: vina --receptor /localscratch/kbui/NexusMol/examples/_artifacts/vina_mpro/6W63_prepared.pdbqt --ligand /localscratch/kbui/NexusMol/examples/ligands/vina/aspirin_prepared.pdbqt --config /localscratch/kbui/NexusMol/examples/_artifacts/vina_mpro/6W63_vina_config.txt --out /localscratch/kbui/NexusMol/examples/_artifacts/vina_mpro/6W63_aspirin_prepared_scored.pdbqt
2026-06-08 16:28:41 | INFO     | Running: vina docking for 6W63_mol2_prepared; cmd: vina --receptor /localscratch/kbui/NexusMol/examples/_artifacts/vina_mpro/6W63_prepared.pdbqt --ligand /localscratch/kbui/NexusMol/examples/ligands/vina/mol2_prepared.pdbqt --config /localscratch/kbui/NexusMol/examples/_artifacts/vina_mpro/6W63_vina_config.txt --out /localscratch/kbui/NexusMol/examples/_artifacts/vina_mpro/6W63_mol2_prepared_scored.pdbqt
2026-06-08 16:28:41 | INFO     | Running: vina docking for 7K40_aspirin_prepared; cmd: vina --receptor /localscratch/kbui/NexusMol/examples/_artifacts/vina_mpro/7K40_prepared.pdbqt --ligand /localscratch/kbui/NexusMol/examples/ligands/vina/aspirin_prepared.pdbqt --config /localscratch/kbui/NexusMol/examples/_artifacts/vina_mpro/7K40_vina_config.txt --out /localscratch/kbui/NexusMol/examples/_artifacts/vina_mpro/7K40_aspirin_prepared_scored.pdbqt
2026-06-08 16:28:41 | INFO     | Running: vina docking for 6W63_mol4_prepared; cmd: vina --receptor /localscratch/kbui/NexusMol/examples/_artifacts/vina_mpro/6W63_prepared.pdbqt --ligand /localscratch/kbui/NexusMol/examples/ligands/vina/mol4_prepared.pdbqt --config /localscratch/kbui/NexusMol/examples/_artifacts/vina_mpro/6W63_vina_config.txt --out /localscratch/kbui/NexusMol/examples/_artifacts/vina_mpro/6W63_mol4_prepared_scored.pdbqt
2026-06-08 16:28:41 | INFO     | Running: vina docking for 6W63_mol3_prepared; cmd: vina --receptor /localscratch/kbui/NexusMol/examples/_artifacts/vina_mpro/6W63_prepared.pdbqt --ligand /localscratch/kbui/NexusMol/examples/ligands/vina/mol3_prepared.pdbqt --config /localscratch/kbui/NexusMol/examples/_artifacts/vina_mpro/6W63_vina_config.txt --out /localscratch/kbui/NexusMol/examples/_artifacts/vina_mpro/6W63_mol3_prepared_scored.pdbqt
2026-06-08 16:28:41 | INFO     | Running: vina docking for 7K40_mol1_prepared; cmd: vina --receptor /localscratch/kbui/NexusMol/examples/_artifacts/vina_mpro/7K40_prepared.pdbqt --ligand /localscratch/kbui/NexusMol/examples/ligands/vina/mol1_prepared.pdbqt --config /localscratch/kbui/NexusMol/examples/_artifacts/vina_mpro/7K40_vina_config.txt --out /localscratch/kbui/NexusMol/examples/_artifacts/vina_mpro/7K40_mol1_prepared_scored.pdbqt
2026-06-08 16:28:41 | INFO     | Running: vina docking for 7K40_mol2_prepared; cmd: vina --receptor /localscratch/kbui/NexusMol/examples/_artifacts/vina_mpro/7K40_prepared.pdbqt --ligand /localscratch/kbui/NexusMol/examples/ligands/vina/mol2_prepared.pdbqt --config /localscratch/kbui/NexusMol/examples/_artifacts/vina_mpro/7K40_vina_config.txt --out /localscratch/kbui/NexusMol/examples/_artifacts/vina_mpro/7K40_mol2_prepared_scored.pdbqt
2026-06-08 16:28:41 | INFO     | Running: vina docking for 7K40_mol4_prepared; cmd: vina --receptor /localscratch/kbui/NexusMol/examples/_artifacts/vina_mpro/7K40_prepared.pdbqt --ligand /localscratch/kbui/NexusMol/examples/ligands/vina/mol4_prepared.pdbqt --config /localscratch/kbui/NexusMol/examples/_artifacts/vina_mpro/7K40_vina_config.txt --out /localscratch/kbui/NexusMol/examples/_artifacts/vina_mpro/7K40_mol4_prepared_scored.pdbqt
2026-06-08 16:28:41 | INFO     | Running: vina docking for 7K40_mol3_prepared; cmd: vina --receptor /localscratch/kbui/NexusMol/examples/_artifacts/vina_mpro/7K40_prepared.pdbqt --ligand /localscratch/kbui/NexusMol/examples/ligands/vina/mol3_prepared.pdbqt --config /localscratch/kbui/NexusMol/examples/_artifacts/vina_mpro/7K40_vina_config.txt --out /localscratch/kbui/NexusMol/examples/_artifacts/vina_mpro/7K40_mol3_prepared_scored.pdbqt
2026-06-08 16:30:04 | INFO     | Python parallel execution completed. Kept 10/10 successful jobs.
2026-06-08 16:30:04 | INFO     | STAGE: Batch docking with Vina completed
2026-06-08 16:30:04 | INFO     | STAGE: Write summary csv started
2026-06-08 16:30:04 | ERROR    | STAGE: Write summary csv failed
Traceback (most recent call last):
  File "/localscratch/kbui/NexusMol/src/nexus/core/trackers/main_tracker.py", line 29, in wrapper
    result = func(*args, **kwargs)
             ^^^^^^^^^^^^^^^^^^^^^
  File "/localscratch/kbui/NexusMol/src/nexus/dock/utils/write_summary_csv.py", line 77, in write_summary_csv
    compute_clusters(lig_name, out, cluster_results)
  File "/localscratch/kbui/NexusMol/src/nexus/dock/utils/_compute_clusters.py", line 224, in compute_clusters
    "mean_internal_dist": round(metrics["mean_internal_distance"], 3),
                                ~~~~~~~^^^^^^^^^^^^^^^^^^^^^^^^^^
KeyError: 'mean_internal_distance'
2026-06-08 16:31:35 | INFO     | STAGE: Prepare receptor for Vina started
2026-06-08 16:31:35 | INFO     | Running: Parallel vina_parallel_prep_rec() for 2 jobs
2026-06-08 16:31:35 | INFO     | Running: generate_site for 6W63; cmd: /usr/local/chimerax/bin/ChimeraX --nogui
2026-06-08 16:31:35 | INFO     | Running: generate_site for 7K40; cmd: /usr/local/chimerax/bin/ChimeraX --nogui
2026-06-08 16:31:37 | INFO     | Running: meeko_prep_rec for 7K40; cmd: mk_prepare_receptor.py -i /localscratch/kbui/NexusMol/examples/receptors/final/7K40.pdb -o /localscratch/kbui/NexusMol/examples/_artifacts/vina_mpro/7K40_prepared -a -p -v /localscratch/kbui/NexusMol/examples/_artifacts/vina_mpro/7K40_vina_config.txt --box_enveloping /localscratch/kbui/NexusMol/examples/_artifacts/vina_mpro/7K40_pocket.pdb --padding 4.0
2026-06-08 16:31:37 | INFO     | Running: meeko_prep_rec for 6W63; cmd: mk_prepare_receptor.py -i /localscratch/kbui/NexusMol/examples/receptors/final/6W63.pdb -o /localscratch/kbui/NexusMol/examples/_artifacts/vina_mpro/6W63_prepared -a -p -v /localscratch/kbui/NexusMol/examples/_artifacts/vina_mpro/6W63_vina_config.txt --box_enveloping /localscratch/kbui/NexusMol/examples/_artifacts/vina_mpro/6W63_pocket.pdb --padding 4.0
2026-06-08 16:31:44 | WARNING  | STDERR: @> 9328 atoms and 1 coordinate set(s) were parsed in 0.03s.

2026-06-08 16:31:44 | WARNING  | STDERR: @> 9364 atoms and 1 coordinate set(s) were parsed in 0.03s.

2026-06-08 16:31:44 | INFO     | Python parallel execution completed. Kept 2/2 successful jobs.
2026-06-08 16:31:44 | INFO     | STAGE: Prepare receptor for Vina completed
2026-06-08 16:31:44 | INFO     | STAGE: Batch docking with Vina started
2026-06-08 16:31:44 | INFO     | Running: Parallel dock6_parallel_docking() for 10 jobs
2026-06-08 16:31:44 | INFO     | Running: vina docking for 6W63_mol1_prepared; cmd: vina --receptor /localscratch/kbui/NexusMol/examples/_artifacts/vina_mpro/6W63_prepared.pdbqt --ligand /localscratch/kbui/NexusMol/examples/ligands/vina/mol1_prepared.pdbqt --config /localscratch/kbui/NexusMol/examples/_artifacts/vina_mpro/6W63_vina_config.txt --out /localscratch/kbui/NexusMol/examples/_artifacts/vina_mpro/6W63_mol1_prepared_scored.pdbqt
2026-06-08 16:31:44 | INFO     | Running: vina docking for 6W63_aspirin_prepared; cmd: vina --receptor /localscratch/kbui/NexusMol/examples/_artifacts/vina_mpro/6W63_prepared.pdbqt --ligand /localscratch/kbui/NexusMol/examples/ligands/vina/aspirin_prepared.pdbqt --config /localscratch/kbui/NexusMol/examples/_artifacts/vina_mpro/6W63_vina_config.txt --out /localscratch/kbui/NexusMol/examples/_artifacts/vina_mpro/6W63_aspirin_prepared_scored.pdbqt
2026-06-08 16:31:44 | INFO     | Running: vina docking for 6W63_mol3_prepared; cmd: vina --receptor /localscratch/kbui/NexusMol/examples/_artifacts/vina_mpro/6W63_prepared.pdbqt --ligand /localscratch/kbui/NexusMol/examples/ligands/vina/mol3_prepared.pdbqt --config /localscratch/kbui/NexusMol/examples/_artifacts/vina_mpro/6W63_vina_config.txt --out /localscratch/kbui/NexusMol/examples/_artifacts/vina_mpro/6W63_mol3_prepared_scored.pdbqt
2026-06-08 16:31:44 | INFO     | Running: vina docking for 6W63_mol2_prepared; cmd: vina --receptor /localscratch/kbui/NexusMol/examples/_artifacts/vina_mpro/6W63_prepared.pdbqt --ligand /localscratch/kbui/NexusMol/examples/ligands/vina/mol2_prepared.pdbqt --config /localscratch/kbui/NexusMol/examples/_artifacts/vina_mpro/6W63_vina_config.txt --out /localscratch/kbui/NexusMol/examples/_artifacts/vina_mpro/6W63_mol2_prepared_scored.pdbqt
2026-06-08 16:31:44 | INFO     | Running: vina docking for 6W63_mol4_prepared; cmd: vina --receptor /localscratch/kbui/NexusMol/examples/_artifacts/vina_mpro/6W63_prepared.pdbqt --ligand /localscratch/kbui/NexusMol/examples/ligands/vina/mol4_prepared.pdbqt --config /localscratch/kbui/NexusMol/examples/_artifacts/vina_mpro/6W63_vina_config.txt --out /localscratch/kbui/NexusMol/examples/_artifacts/vina_mpro/6W63_mol4_prepared_scored.pdbqt
2026-06-08 16:31:44 | INFO     | Running: vina docking for 7K40_mol1_prepared; cmd: vina --receptor /localscratch/kbui/NexusMol/examples/_artifacts/vina_mpro/7K40_prepared.pdbqt --ligand /localscratch/kbui/NexusMol/examples/ligands/vina/mol1_prepared.pdbqt --config /localscratch/kbui/NexusMol/examples/_artifacts/vina_mpro/7K40_vina_config.txt --out /localscratch/kbui/NexusMol/examples/_artifacts/vina_mpro/7K40_mol1_prepared_scored.pdbqt
2026-06-08 16:31:44 | INFO     | Running: vina docking for 7K40_mol2_prepared; cmd: vina --receptor /localscratch/kbui/NexusMol/examples/_artifacts/vina_mpro/7K40_prepared.pdbqt --ligand /localscratch/kbui/NexusMol/examples/ligands/vina/mol2_prepared.pdbqt --config /localscratch/kbui/NexusMol/examples/_artifacts/vina_mpro/7K40_vina_config.txt --out /localscratch/kbui/NexusMol/examples/_artifacts/vina_mpro/7K40_mol2_prepared_scored.pdbqt
2026-06-08 16:31:44 | INFO     | Running: vina docking for 7K40_aspirin_prepared; cmd: vina --receptor /localscratch/kbui/NexusMol/examples/_artifacts/vina_mpro/7K40_prepared.pdbqt --ligand /localscratch/kbui/NexusMol/examples/ligands/vina/aspirin_prepared.pdbqt --config /localscratch/kbui/NexusMol/examples/_artifacts/vina_mpro/7K40_vina_config.txt --out /localscratch/kbui/NexusMol/examples/_artifacts/vina_mpro/7K40_aspirin_prepared_scored.pdbqt
2026-06-08 16:31:44 | INFO     | Running: vina docking for 7K40_mol4_prepared; cmd: vina --receptor /localscratch/kbui/NexusMol/examples/_artifacts/vina_mpro/7K40_prepared.pdbqt --ligand /localscratch/kbui/NexusMol/examples/ligands/vina/mol4_prepared.pdbqt --config /localscratch/kbui/NexusMol/examples/_artifacts/vina_mpro/7K40_vina_config.txt --out /localscratch/kbui/NexusMol/examples/_artifacts/vina_mpro/7K40_mol4_prepared_scored.pdbqt
2026-06-08 16:31:44 | INFO     | Running: vina docking for 7K40_mol3_prepared; cmd: vina --receptor /localscratch/kbui/NexusMol/examples/_artifacts/vina_mpro/7K40_prepared.pdbqt --ligand /localscratch/kbui/NexusMol/examples/ligands/vina/mol3_prepared.pdbqt --config /localscratch/kbui/NexusMol/examples/_artifacts/vina_mpro/7K40_vina_config.txt --out /localscratch/kbui/NexusMol/examples/_artifacts/vina_mpro/7K40_mol3_prepared_scored.pdbqt
2026-06-08 16:32:59 | INFO     | Python parallel execution completed. Kept 10/10 successful jobs.
2026-06-08 16:32:59 | INFO     | STAGE: Batch docking with Vina completed
2026-06-08 16:32:59 | INFO     | STAGE: Write summary csv started
2026-06-08 16:32:59 | INFO     | STAGE: Write summary csv completed
2026-06-08 16:32:59 | INFO     | STAGE: Final copy to results started
2026-06-08 16:32:59 | INFO     | Pipeline completed
