
          -------------------------------------------------------
          Amber 24 PMEMD                              2024
          -------------------------------------------------------

| PMEMD implementation of SANDER, Release 24

|  Compiled date/time: Wed Aug 21 09:34:12 2024
| Run on 06/01/2026 at 23:20:55

|   Executable path: pmemd.cuda
| Working directory: /localscratch/kbui/NexusMol/examples
|          Hostname: Unknown
  [-O]verwriting output

File Assignments:
|   MDIN: /localscratch/kbui/NexusMol/examples/artifacts/AMBER_DiAla/eq7.in     
|  MDOUT: /localscratch/kbui/NexusMol/examples/artifacts/AMBER_DiAla/eq7.out    
| INPCRD: /localscratch/kbui/NexusMol/examples/artifacts/AMBER_DiAla/eq6.ncrst  
|   PARM: /localscratch/kbui/NexusMol/examples/ALA.prmtop                       
| RESTRT: /localscratch/kbui/NexusMol/examples/artifacts/AMBER_DiAla/eq7.ncrst  
|   REFC: /localscratch/kbui/NexusMol/examples/artifacts/AMBER_DiAla/eq6.ncrst  
|  MDVEL: mdvel                                                                 
|   MDEN: mden                                                                  
|  MDCRD: /localscratch/kbui/NexusMol/examples/artifacts/AMBER_DiAla/eq7.nc     
| MDINFO: /localscratch/kbui/NexusMol/examples/artifacts/AMBER_DiAla/eq7.info   
|  MDFRC: mdfrc                                                                 


 Here is the input file:

Equilibration                                                                  
&cntrl                                                                         
 imin=0, irest=0, ntx=1,                                                       
 ntpr=500, ntwx=500, ntwr=500, nstlim=50000,                                   
 dt=0.002, ntt=3, tempi=300.0,                                                 
 temp0=300.0, gamma_ln=1.0, ig=-1,                                             
 ntp=1, ntc=2, ntf=2, cut=10.0,                                                
 ntb=2, iwrap=1, ioutfm=1,                                                     
 ntr=1, restraint_wt=0.0, restraintmask=':1-3'                                 
/                                                                              


Note: ig = -1. Setting random seed to   453437 based on wallclock time in 
      microseconds.
| irandom = 1, using AMBER's internal random number generator (default).
 
|--------------------- INFORMATION ----------------------
| GPU (CUDA) Version of PMEMD in use: NVIDIA GPU IN USE.
|                    Version 18.0.0
| 
|                      03/25/2018
| 
| Implementation by:
|                    Ross C. Walker     (SDSC)
|                    Scott Le Grand     (nVIDIA)
| 
| Version 18 performance extensions by:
|                    David Cerutti     (Rutgers)
| 
| Precision model in use:
|      [SPFP] - Single Precision Forces, 64-bit Fixed Point
|               Accumulation. (Default)
| 
|--------------------------------------------------------
 
|----------------- CITATION INFORMATION -----------------
|
|    When publishing work that utilized the CUDA version
|    of AMBER, please cite the following in addition to
|    the regular AMBER citations:
|
|  - Romelia Salomon-Ferrer; Andreas W. Goetz; Duncan
|    Poole; Scott Le Grand; Ross C. Walker "Routine
|    microsecond molecular dynamics simulations with
|    AMBER - Part II: Particle Mesh Ewald", J. Chem.
|    Theory Comput., 2013, 9 (9), pp3878-3888,
|    DOI: 10.1021/ct400314y.
|
|  - Andreas W. Goetz; Mark J. Williamson; Dong Xu;
|    Duncan Poole; Scott Le Grand; Ross C. Walker
|    "Routine microsecond molecular dynamics simulations
|    with AMBER - Part I: Generalized Born", J. Chem.
|    Theory Comput., 2012, 8 (5), pp1542-1555.
|
|  - Scott Le Grand; Andreas W. Goetz; Ross C. Walker
|    "SPFP: Speed without compromise - a mixed precision
|    model for GPU accelerated molecular dynamics
|    simulations.", Comp. Phys. Comm., 2013, 184
|    pp374-380, DOI: 10.1016/j.cpc.2012.09.022
|
|--------------------------------------------------------
 
|------------------- GPU DEVICE INFO --------------------
|
|            CUDA_VISIBLE_DEVICES: not set
|   CUDA Capable Devices Detected:      1
|           CUDA Device ID in use:      0
|                CUDA Device Name: NVIDIA GeForce RTX 4090
|     CUDA Device Global Mem Size:  24079 MB
| CUDA Device Num Multiprocessors:    128
|           CUDA Device Core Freq:   2.62 GHz
|
|--------------------------------------------------------
 
 
| Conditional Compilation Defines Used:
| PUBFFT
| BINTRAJ
| CUDA
| EMIL

| Largest sphere to fit in unit cell has radius =    14.032

| New format PARM file being parsed.
| Version =    1.000 Date = 03/28/26 Time = 21:23:47

| Note: 1-4 EEL scale factors are being read from the topology file.

| Note: 1-4 VDW scale factors are being read from the topology file.
| Duplicated    0 dihedrals

| Duplicated    0 dihedrals

--------------------------------------------------------------------------------
   1.  RESOURCE   USE: 
--------------------------------------------------------------------------------

 getting box info from netcdf restart file
 NATOM  =    3064 NTYPES =       9 NBONH =    3054 MBONA  =       9
 NTHETH =      25 MTHETA =      11 NPHIH =      43 MPHIA  =      24
 NHPARM =       0 NPARM  =       0 NNB   =    4155 NRES   =    1017
 NBONA  =       9 NTHETA =      11 NPHIA =      24 NUMBND =      13
 NUMANG =      21 NPTRA  =      14 NATYP =      10 NPHB   =       0
 IFBOX  =       2 NMXRS  =      10 IFCAP =       0 NEXTRA =       0
 NCOPY  =       0

| Coordinate Index Table dimensions:     5    5    5
| Direct force subcell size =     6.8741    6.8741    6.8741

     BOX TYPE: TRUNCATED OCTAHEDRON

--------------------------------------------------------------------------------
   2.  CONTROL  DATA  FOR  THE  RUN
--------------------------------------------------------------------------------

ACE                                                                             

General flags:
     imin    =       0, nmropt  =       0

Nature and format of input:
     ntx     =       1, irest   =       0, ntrx    =       1

Nature and format of output:
     ntxo    =       2, ntpr    =     500, ntrx    =       1, ntwr    =     500
     iwrap   =       1, ntwx    =     500, ntwv    =       0, ntwe    =       0
     ioutfm  =       1, ntwprt  =       0, idecomp =       0, rbornstat=      0

Potential function:
     ntf     =       2, ntb     =       2, igb     =       0, nsnb    =      25
     ipol    =       0, gbsa    =       0, iesp    =       0
     dielc   =   1.00000, cut     =  10.00000, intdiel =   1.00000

Frozen or restrained atoms:
     ibelly  =       0, ntr     =       1
     restraint_wt =   0.00000

Molecular dynamics:
     nstlim  =     50000, nscm    =         0, nrespa  =         1
     t       =   0.00000, dt      =   0.00200, vlimit  =  -1.00000

Langevin dynamics temperature regulation:
     ig      =  453437
     temp0   = 300.00000, tempi   = 300.00000, gamma_ln=   1.00000

Pressure regulation:
     ntp     =       1
     pres0   =   1.00000, comp    =  44.60000, taup    =   1.00000

SHAKE:
     ntc     =       2, jfastw  =       0
     tol     =   0.00001

| Intermolecular bonds treatment:
|     no_intermolecular_bonds =       1

| Energy averages sample interval:
|     ene_avg_sampling =     500

Ewald parameters:
     verbose =       0, ew_type =       0, nbflag  =       1, use_pme =       1
     vdwmeth =       1, eedmeth =       1, netfrc  =       1
     Box X =   34.370   Box Y =   34.370   Box Z =   34.370
     Alpha =  109.471   Beta  =  109.471   Gamma =  109.471
     NFFT1 =   36       NFFT2 =   36       NFFT3 =   36
     Cutoff=   10.000   Tol   =0.100E-04
     Ewald Coefficient =  0.27511
     Interpolation order =    4

    LOADING THE CONSTRAINED ATOMS AS GROUPS


   5.  REFERENCE ATOM COORDINATES

  ACE                                                                             
     Mask :1-3; matches    22 atoms

--------------------------------------------------------------------------------
   3.  ATOMIC COORDINATES AND VELOCITIES
--------------------------------------------------------------------------------

ACE                                                                             
 begin time read from input coords =   100.000 ps

 
 Number of triangulated 3-point waters found:     1014

     Sum of charges from parm topology file =  -0.00000000
     Forcing neutrality...

| Dynamic Memory, Types Used:
| Reals              277614
| Integers            95816

| Nonbonded Pairs Initial Allocation:      926783

| GPU memory information (estimate):
| KB of GPU memory in use:     40901
| KB of CPU memory in use:     12785

--------------------------------------------------------------------------------
   4.  RESULTS
--------------------------------------------------------------------------------


 NSTEP =        0   TIME(PS) =       0.000  TEMP(K) =   447.36  PRESS =   738.0
 Etot   =     -6969.5937  EKtot   =      2728.3293  EPtot      =     -9697.9230
 BOND   =         1.5048  ANGLE   =         6.4475  DIHED      =         4.6493
 UB     =         0.0000  IMP     =         0.0000  CMAP       =        -0.1607
 1-4 NB =         4.1881  1-4 EEL =        48.4697  VDWAALS    =      1530.4000
 EELEC  =    -11293.4217  EHBOND  =         0.0000  RESTRAINT  =         0.0000
 EKCMT  =       913.5952  VIRIAL  =       415.5287  VOLUME     =     31256.0899
                                                    Density    =         0.9782
 ------------------------------------------------------------------------------

wrapping first mol.:      -22.92478       16.21027       28.07701
wrapping first mol.:      -22.92478       16.21027       28.07701

 NSTEP =      500   TIME(PS) =       1.000  TEMP(K) =   300.49  PRESS =  -112.6
 Etot   =     -7837.9490  EKtot   =      1832.5729  EPtot      =     -9670.5219
 BOND   =         6.1067  ANGLE   =         7.5253  DIHED      =         3.2223
 UB     =         0.0000  IMP     =         0.0000  CMAP       =         0.2058
 1-4 NB =         2.8563  1-4 EEL =        48.3614  VDWAALS    =      1406.0403
 EELEC  =    -11144.8400  EHBOND  =         0.0000  RESTRAINT  =         0.0000
 EKCMT  =       913.8206  VIRIAL  =       989.9107  VOLUME     =     31301.9822
                                                    Density    =         0.9768
 ------------------------------------------------------------------------------

wrapping first mol.:      -22.87433       16.17460       28.01522
wrapping first mol.:      -22.87433       16.17460       28.01522

 NSTEP =     1000   TIME(PS) =       2.000  TEMP(K) =   304.82  PRESS =   -11.2
 Etot   =     -7848.2328  EKtot   =      1859.0258  EPtot      =     -9707.2586
 BOND   =         1.5400  ANGLE   =         5.3001  DIHED      =         3.2611
 UB     =         0.0000  IMP     =         0.0000  CMAP       =         0.9523
 1-4 NB =         4.0620  1-4 EEL =        49.3845  VDWAALS    =      1438.1163
 EELEC  =    -11209.8749  EHBOND  =         0.0000  RESTRAINT  =         0.0000
 EKCMT  =       897.5248  VIRIAL  =       905.0114  VOLUME     =     31095.5086
                                                    Density    =         0.9833
 ------------------------------------------------------------------------------

wrapping first mol.:      -22.85357       16.15992       27.98979
wrapping first mol.:      -22.85357       16.15992       27.98979

 NSTEP =     1500   TIME(PS) =       3.000  TEMP(K) =   299.72  PRESS =   240.9
 Etot   =     -7857.7483  EKtot   =      1827.8953  EPtot      =     -9685.6436
 BOND   =         2.1262  ANGLE   =         8.5498  DIHED      =         4.3177
 UB     =         0.0000  IMP     =         0.0000  CMAP       =         0.5047
 1-4 NB =         2.2098  1-4 EEL =        43.6060  VDWAALS    =      1456.8734
 EELEC  =    -11203.8311  EHBOND  =         0.0000  RESTRAINT  =         0.0000
 EKCMT  =       884.4915  VIRIAL  =       723.1837  VOLUME     =     31010.2069
                                                    Density    =         0.9860
 ------------------------------------------------------------------------------

wrapping first mol.:       11.40647       16.13119       27.94004
wrapping first mol.:       11.40647       16.13119       27.94004

 NSTEP =     2000   TIME(PS) =       4.000  TEMP(K) =   301.28  PRESS =   -52.9
 Etot   =     -7873.1657  EKtot   =      1837.3856  EPtot      =     -9710.5513
 BOND   =         2.9324  ANGLE   =         8.4262  DIHED      =         4.4637
 UB     =         0.0000  IMP     =         0.0000  CMAP       =         0.9914
 1-4 NB =         4.2670  1-4 EEL =        45.6794  VDWAALS    =      1409.8408
 EELEC  =    -11187.1522  EHBOND  =         0.0000  RESTRAINT  =         0.0000
 EKCMT  =       883.0301  VIRIAL  =       918.2548  VOLUME     =     30845.9333
                                                    Density    =         0.9912
 ------------------------------------------------------------------------------

wrapping first mol.:       11.41765       16.14699       27.96740
wrapping first mol.:       11.41765       16.14699       27.96740

 NSTEP =     2500   TIME(PS) =       5.000  TEMP(K) =   296.35  PRESS =  -172.4
 Etot   =     -7925.0705  EKtot   =      1807.3177  EPtot      =     -9732.3883
 BOND   =         1.3188  ANGLE   =         8.0805  DIHED      =         7.1753
 UB     =         0.0000  IMP     =         0.0000  CMAP       =         1.4296
 1-4 NB =         2.7908  1-4 EEL =        46.3253  VDWAALS    =      1415.4479
 EELEC  =    -11214.9565  EHBOND  =         0.0000  RESTRAINT  =         0.0000
 EKCMT  =       905.8632  VIRIAL  =      1021.0456  VOLUME     =     30936.9883
                                                    Density    =         0.9883
 ------------------------------------------------------------------------------

wrapping first mol.:       11.42918       16.16330       27.99565
wrapping first mol.:       11.42918       16.16330       27.99565

 NSTEP =     3000   TIME(PS) =       6.000  TEMP(K) =   295.61  PRESS =  -421.8
 Etot   =     -7955.2748  EKtot   =      1802.8615  EPtot      =     -9758.1362
 BOND   =         6.4195  ANGLE   =        11.5055  DIHED      =         3.6177
 UB     =         0.0000  IMP     =         0.0000  CMAP       =         0.7342
 1-4 NB =         2.5908  1-4 EEL =        47.3155  VDWAALS    =      1394.8061
 EELEC  =    -11225.1255  EHBOND  =         0.0000  RESTRAINT  =         0.0000
 EKCMT  =       915.5261  VIRIAL  =      1198.1499  VOLUME     =     31031.5261
                                                    Density    =         0.9853
 ------------------------------------------------------------------------------

wrapping first mol.:       11.43466       16.17106       28.00909
wrapping first mol.:       11.43466       16.17106       28.00909

 NSTEP =     3500   TIME(PS) =       7.000  TEMP(K) =   304.10  PRESS =   -47.6
 Etot   =     -7982.8978  EKtot   =      1854.6014  EPtot      =     -9837.4993
 BOND   =         4.0182  ANGLE   =        10.0088  DIHED      =         3.3390
 UB     =         0.0000  IMP     =         0.0000  CMAP       =         1.2775
 1-4 NB =         2.7347  1-4 EEL =        42.6470  VDWAALS    =      1483.6348
 EELEC  =    -11385.1593  EHBOND  =         0.0000  RESTRAINT  =         0.0000
 EKCMT  =       902.8376  VIRIAL  =       934.7541  VOLUME     =     31075.1964
                                                    Density    =         0.9839
 ------------------------------------------------------------------------------

wrapping first mol.:      -22.89683       16.19051       28.04278
wrapping first mol.:      -22.89683       16.19051       28.04278

 NSTEP =     4000   TIME(PS) =       8.000  TEMP(K) =   302.49  PRESS =   -76.0
 Etot   =     -7902.3923  EKtot   =      1844.7709  EPtot      =     -9747.1632
 BOND   =         2.5169  ANGLE   =         6.3718  DIHED      =         5.7227
 UB     =         0.0000  IMP     =         0.0000  CMAP       =         1.1772
 1-4 NB =         3.0044  1-4 EEL =        48.0013  VDWAALS    =      1442.6383
 EELEC  =    -11256.5958  EHBOND  =         0.0000  RESTRAINT  =         0.0000
 EKCMT  =       940.7703  VIRIAL  =       991.9724  VOLUME     =     31187.5373
                                                    Density    =         0.9804
 ------------------------------------------------------------------------------

wrapping first mol.:      -22.88983       16.18556       28.03421
wrapping first mol.:      -22.88983       16.18556       28.03421

 NSTEP =     4500   TIME(PS) =       9.000  TEMP(K) =   299.33  PRESS =  -334.6
 Etot   =     -7936.6557  EKtot   =      1825.5455  EPtot      =     -9762.2012
 BOND   =         2.1527  ANGLE   =         9.1302  DIHED      =         7.8036
 UB     =         0.0000  IMP     =         0.0000  CMAP       =         0.9963
 1-4 NB =         3.4212  1-4 EEL =        45.5624  VDWAALS    =      1408.4266
 EELEC  =    -11239.6942  EHBOND  =         0.0000  RESTRAINT  =         0.0000
 EKCMT  =       896.6855  VIRIAL  =      1121.7804  VOLUME     =     31159.6670
                                                    Density    =         0.9812
 ------------------------------------------------------------------------------

wrapping first mol.:      -22.84587       16.15447       27.98037
wrapping first mol.:      -22.84587       16.15447       27.98037

 NSTEP =     5000   TIME(PS) =      10.000  TEMP(K) =   292.18  PRESS =  -134.0
 Etot   =     -7931.7751  EKtot   =      1781.9004  EPtot      =     -9713.6754
 BOND   =         2.8972  ANGLE   =        10.9412  DIHED      =         4.6207
 UB     =         0.0000  IMP     =         0.0000  CMAP       =         0.7591
 1-4 NB =         3.5274  1-4 EEL =        45.0768  VDWAALS    =      1413.1710
 EELEC  =    -11194.6688  EHBOND  =         0.0000  RESTRAINT  =         0.0000
 EKCMT  =       891.5566  VIRIAL  =       981.1740  VOLUME     =     30979.9279
                                                    Density    =         0.9869
 ------------------------------------------------------------------------------

wrapping first mol.:      -22.81999       16.13617       27.94867
wrapping first mol.:      -22.81999       16.13617       27.94867

 NSTEP =     5500   TIME(PS) =      11.000  TEMP(K) =   296.46  PRESS =   166.8
 Etot   =     -7888.0580  EKtot   =      1808.0120  EPtot      =     -9696.0700
 BOND   =         2.3094  ANGLE   =        11.1793  DIHED      =         4.4933
 UB     =         0.0000  IMP     =         0.0000  CMAP       =         0.5071
 1-4 NB =         4.3926  1-4 EEL =        45.0999  VDWAALS    =      1433.2918
 EELEC  =    -11197.3433  EHBOND  =         0.0000  RESTRAINT  =         0.0000
 EKCMT  =       891.6742  VIRIAL  =       780.4724  VOLUME     =     30873.9408
                                                    Density    =         0.9903
 ------------------------------------------------------------------------------

wrapping first mol.:      -22.81533       16.13288       27.94296
wrapping first mol.:      -22.81533       16.13288       27.94296

 NSTEP =     6000   TIME(PS) =      12.000  TEMP(K) =   303.05  PRESS =   -41.9
 Etot   =     -7850.8585  EKtot   =      1848.1812  EPtot      =     -9699.0397
 BOND   =         2.6487  ANGLE   =         9.3130  DIHED      =         3.7370
 UB     =         0.0000  IMP     =         0.0000  CMAP       =         2.7726
 1-4 NB =         2.1974  1-4 EEL =        42.6021  VDWAALS    =      1408.3720
 EELEC  =    -11170.6825  EHBOND  =         0.0000  RESTRAINT  =         0.0000
 EKCMT  =       926.0649  VIRIAL  =       953.9611  VOLUME     =     30855.6035
                                                    Density    =         0.9909
 ------------------------------------------------------------------------------

wrapping first mol.:      -22.89229       16.18730       28.03722
wrapping first mol.:      -22.89229       16.18730       28.03722

 NSTEP =     6500   TIME(PS) =      13.000  TEMP(K) =   299.45  PRESS =   101.7
 Etot   =     -7845.6148  EKtot   =      1826.2339  EPtot      =     -9671.8487
 BOND   =         6.5355  ANGLE   =        12.8340  DIHED      =         4.0072
 UB     =         0.0000  IMP     =         0.0000  CMAP       =         0.0268
 1-4 NB =         3.5319  1-4 EEL =        42.1355  VDWAALS    =      1439.0875
 EELEC  =    -11180.0071  EHBOND  =         0.0000  RESTRAINT  =         0.0000
 EKCMT  =       919.5366  VIRIAL  =       851.1017  VOLUME     =     31168.5003
                                                    Density    =         0.9810
 ------------------------------------------------------------------------------

wrapping first mol.:      -22.88614       16.18295       28.02969
wrapping first mol.:      -22.88614       16.18295       28.02969

 NSTEP =     7000   TIME(PS) =      14.000  TEMP(K) =   297.07  PRESS =  -463.1
 Etot   =     -7927.4592  EKtot   =      1811.7476  EPtot      =     -9739.2068
 BOND   =         4.7192  ANGLE   =        16.4846  DIHED      =         3.6902
 UB     =         0.0000  IMP     =         0.0000  CMAP       =         1.0726
 1-4 NB =         2.5840  1-4 EEL =        46.2275  VDWAALS    =      1403.5210
 EELEC  =    -11217.5058  EHBOND  =         0.0000  RESTRAINT  =         0.0000
 EKCMT  =       899.3050  VIRIAL  =      1210.6975  VOLUME     =     31144.9556
                                                    Density    =         0.9817
 ------------------------------------------------------------------------------

wrapping first mol.:      -22.86186       16.16578       27.99995
wrapping first mol.:      -22.86186       16.16578       27.99995

 NSTEP =     7500   TIME(PS) =      15.000  TEMP(K) =   307.81  PRESS =   164.9
 Etot   =     -7890.8527  EKtot   =      1877.2649  EPtot      =     -9768.1176
 BOND   =         4.9030  ANGLE   =         9.0046  DIHED      =         6.6244
 UB     =         0.0000  IMP     =         0.0000  CMAP       =         0.6616
 1-4 NB =         4.0654  1-4 EEL =        50.3990  VDWAALS    =      1466.5251
 EELEC  =    -11310.3007  EHBOND  =         0.0000  RESTRAINT  =         0.0000
 EKCMT  =       937.1540  VIRIAL  =       826.6463  VOLUME     =     31044.2018
                                                    Density    =         0.9849
 ------------------------------------------------------------------------------

wrapping first mol.:      -22.86160       16.16560       27.99963
wrapping first mol.:      -22.86160       16.16560       27.99963

 NSTEP =     8000   TIME(PS) =      16.000  TEMP(K) =   293.48  PRESS =   -80.3
 Etot   =     -7932.4068  EKtot   =      1789.8235  EPtot      =     -9722.2303
 BOND   =         3.8527  ANGLE   =         5.7028  DIHED      =         5.3436
 UB     =         0.0000  IMP     =         0.0000  CMAP       =         1.2249
 1-4 NB =         4.0194  1-4 EEL =        50.9182  VDWAALS    =      1439.3016
 EELEC  =    -11232.5934  EHBOND  =         0.0000  RESTRAINT  =         0.0000
 EKCMT  =       902.9914  VIRIAL  =       956.8129  VOLUME     =     31043.8115
                                                    Density    =         0.9849
 ------------------------------------------------------------------------------

wrapping first mol.:      -22.85227       16.15900       27.98820
wrapping first mol.:      -22.85227       16.15900       27.98820

 NSTEP =     8500   TIME(PS) =      17.000  TEMP(K) =   305.95  PRESS =   707.5
 Etot   =     -7841.7463  EKtot   =      1865.8645  EPtot      =     -9707.6108
 BOND   =         2.9319  ANGLE   =         8.9408  DIHED      =         3.4051
 UB     =         0.0000  IMP     =         0.0000  CMAP       =         0.2668
 1-4 NB =         3.0094  1-4 EEL =        46.5751  VDWAALS    =      1526.1733
 EELEC  =    -11298.9132  EHBOND  =         0.0000  RESTRAINT  =         0.0000
 EKCMT  =       939.1931  VIRIAL  =       465.5656  VOLUME     =     31003.6365
                                                    Density    =         0.9862
 ------------------------------------------------------------------------------

wrapping first mol.:      -22.86783       16.17000       28.00726
wrapping first mol.:      -22.86783       16.17000       28.00726

 NSTEP =     9000   TIME(PS) =      18.000  TEMP(K) =   292.89  PRESS =   138.3
 Etot   =     -7821.6245  EKtot   =      1786.2498  EPtot      =     -9607.8742
 BOND   =         2.0606  ANGLE   =         9.5120  DIHED      =         4.6137
 UB     =         0.0000  IMP     =         0.0000  CMAP       =         0.6460
 1-4 NB =         3.5158  1-4 EEL =        43.7538  VDWAALS    =      1412.4375
 EELEC  =    -11084.4135  EHBOND  =         0.0000  RESTRAINT  =         0.0000
 EKCMT  =       902.5780  VIRIAL  =       809.8261  VOLUME     =     31068.5839
                                                    Density    =         0.9841
 ------------------------------------------------------------------------------

wrapping first mol.:      -22.89315       16.18791       28.03827
wrapping first mol.:      -22.89315       16.18791       28.03827

 NSTEP =     9500   TIME(PS) =      19.000  TEMP(K) =   297.27  PRESS =  -482.0
 Etot   =     -7865.8785  EKtot   =      1812.9650  EPtot      =     -9678.8435
 BOND   =         3.5062  ANGLE   =         9.5732  DIHED      =         5.2596
 UB     =         0.0000  IMP     =         0.0000  CMAP       =         0.5620
 1-4 NB =         2.6642  1-4 EEL =        48.9389  VDWAALS    =      1357.0171
 EELEC  =    -11106.3647  EHBOND  =         0.0000  RESTRAINT  =         0.0000
 EKCMT  =       905.0179  VIRIAL  =      1229.4317  VOLUME     =     31173.6332
                                                    Density    =         0.9808
 ------------------------------------------------------------------------------

wrapping first mol.:      -22.90241       16.19445       28.04962
wrapping first mol.:      -22.90241       16.19445       28.04962

 NSTEP =    10000   TIME(PS) =      20.000  TEMP(K) =   294.58  PRESS =   247.3
 Etot   =     -7835.0617  EKtot   =      1796.5681  EPtot      =     -9631.6299
 BOND   =         2.0738  ANGLE   =        10.6983  DIHED      =         5.1415
 UB     =         0.0000  IMP     =         0.0000  CMAP       =         0.8325
 1-4 NB =         2.5544  1-4 EEL =        45.5110  VDWAALS    =      1436.1017
 EELEC  =    -11134.5433  EHBOND  =         0.0000  RESTRAINT  =         0.0000
 EKCMT  =       887.1915  VIRIAL  =       720.5789  VOLUME     =     31209.4527
                                                    Density    =         0.9797
 ------------------------------------------------------------------------------

wrapping first mol.:      -22.89474       16.18903       28.04022
wrapping first mol.:      -22.89474       16.18903       28.04022

 NSTEP =    10500   TIME(PS) =      21.000  TEMP(K) =   300.82  PRESS =   340.4
 Etot   =     -7815.9110  EKtot   =      1834.6362  EPtot      =     -9650.5473
 BOND   =         6.9975  ANGLE   =         9.7648  DIHED      =         6.1778
 UB     =         0.0000  IMP     =         0.0000  CMAP       =         0.8041
 1-4 NB =         3.6997  1-4 EEL =        48.3181  VDWAALS    =      1478.7790
 EELEC  =    -11205.0884  EHBOND  =         0.0000  RESTRAINT  =         0.0000
 EKCMT  =       927.1304  VIRIAL  =       697.9536  VOLUME     =     31177.8394
                                                    Density    =         0.9807
 ------------------------------------------------------------------------------

wrapping first mol.:      -22.87081       16.17211       28.01091
wrapping first mol.:      -22.87081       16.17211       28.01091

 NSTEP =    11000   TIME(PS) =      22.000  TEMP(K) =   298.71  PRESS =  -286.9
 Etot   =     -7918.9585  EKtot   =      1821.7629  EPtot      =     -9740.7215
 BOND   =         4.7357  ANGLE   =         7.5353  DIHED      =         4.2603
 UB     =         0.0000  IMP     =         0.0000  CMAP       =        -0.1178
 1-4 NB =         3.1894  1-4 EEL =        49.1629  VDWAALS    =      1410.4623
 EELEC  =    -11219.9496  EHBOND  =         0.0000  RESTRAINT  =         0.0000
 EKCMT  =       879.6272  VIRIAL  =      1072.1533  VOLUME     =     31081.9289
                                                    Density    =         0.9837
 ------------------------------------------------------------------------------

wrapping first mol.:      -22.88702       16.18357       28.03076
wrapping first mol.:      -22.88702       16.18357       28.03076

 NSTEP =    11500   TIME(PS) =      23.000  TEMP(K) =   292.48  PRESS =   341.8
 Etot   =     -7933.0358  EKtot   =      1783.7552  EPtot      =     -9716.7911
 BOND   =         3.8419  ANGLE   =        10.0639  DIHED      =         5.9791
 UB     =         0.0000  IMP     =         0.0000  CMAP       =         0.1221
 1-4 NB =         2.3003  1-4 EEL =        47.4500  VDWAALS    =      1493.4984
 EELEC  =    -11280.0469  EHBOND  =         0.0000  RESTRAINT  =         0.0000
 EKCMT  =       889.8073  VIRIAL  =       659.9267  VOLUME     =     31146.2966
                                                    Density    =         0.9817
 ------------------------------------------------------------------------------

wrapping first mol.:      -22.92151       16.20796       28.07300
wrapping first mol.:      -22.92151       16.20796       28.07300

 NSTEP =    12000   TIME(PS) =      24.000  TEMP(K) =   296.94  PRESS =   158.6
 Etot   =     -7829.3435  EKtot   =      1810.9285  EPtot      =     -9640.2720
 BOND   =         1.7251  ANGLE   =        11.1156  DIHED      =         3.7158
 UB     =         0.0000  IMP     =         0.0000  CMAP       =        -0.1518
 1-4 NB =         3.1393  1-4 EEL =        49.1048  VDWAALS    =      1442.3820
 EELEC  =    -11151.3028  EHBOND  =         0.0000  RESTRAINT  =         0.0000
 EKCMT  =       872.6651  VIRIAL  =       765.5246  VOLUME     =     31287.8332
                                                    Density    =         0.9772
 ------------------------------------------------------------------------------

wrapping first mol.:      -22.87677       16.17632       28.01821
wrapping first mol.:      -22.87677       16.17632       28.01821

 NSTEP =    12500   TIME(PS) =      25.000  TEMP(K) =   298.86  PRESS =   253.8
 Etot   =     -7811.3471  EKtot   =      1822.6343  EPtot      =     -9633.9814
 BOND   =         2.7626  ANGLE   =         9.9538  DIHED      =         4.1389
 UB     =         0.0000  IMP     =         0.0000  CMAP       =         0.0412
 1-4 NB =         3.6123  1-4 EEL =        43.4677  VDWAALS    =      1435.3538
 EELEC  =    -11133.3115  EHBOND  =         0.0000  RESTRAINT  =         0.0000
 EKCMT  =       931.0347  VIRIAL  =       760.5764  VOLUME     =     31104.7143
                                                    Density    =         0.9830
 ------------------------------------------------------------------------------

wrapping first mol.:      -22.87513       16.17517       28.01621
wrapping first mol.:      -22.87513       16.17517       28.01621

 NSTEP =    13000   TIME(PS) =      26.000  TEMP(K) =   299.18  PRESS =   -12.4
 Etot   =     -7863.5025  EKtot   =      1824.6321  EPtot      =     -9688.1346
 BOND   =         3.1898  ANGLE   =         7.8639  DIHED      =         5.0336
 UB     =         0.0000  IMP     =         0.0000  CMAP       =         0.5890
 1-4 NB =         3.5810  1-4 EEL =        45.2231  VDWAALS    =      1435.4503
 EELEC  =    -11189.0653  EHBOND  =         0.0000  RESTRAINT  =         0.0000
 EKCMT  =       880.6420  VIRIAL  =       888.9939  VOLUME     =     31098.7871
                                                    Density    =         0.9832
 ------------------------------------------------------------------------------

wrapping first mol.:      -22.83031       16.14347       27.96130
wrapping first mol.:      -22.83031       16.14347       27.96130

 NSTEP =    13500   TIME(PS) =      27.000  TEMP(K) =   297.19  PRESS =   406.8
 Etot   =     -7881.2296  EKtot   =      1812.4534  EPtot      =     -9693.6830
 BOND   =         1.9001  ANGLE   =         7.6836  DIHED      =         4.2972
 UB     =         0.0000  IMP     =         0.0000  CMAP       =         0.1674
 1-4 NB =         2.4885  1-4 EEL =        48.1884  VDWAALS    =      1472.2317
 EELEC  =    -11230.6400  EHBOND  =         0.0000  RESTRAINT  =         0.0000
 EKCMT  =       919.8589  VIRIAL  =       648.3344  VOLUME     =     30915.1602
                                                    Density    =         0.9890
 ------------------------------------------------------------------------------

wrapping first mol.:      -22.81430       16.13215       27.94169
wrapping first mol.:      -22.81430       16.13215       27.94169

 NSTEP =    14000   TIME(PS) =      28.000  TEMP(K) =   299.31  PRESS =  -502.3
 Etot   =     -7898.0333  EKtot   =      1825.3833  EPtot      =     -9723.4166
 BOND   =         3.4202  ANGLE   =        16.1385  DIHED      =         6.6303
 UB     =         0.0000  IMP     =         0.0000  CMAP       =        -0.2096
 1-4 NB =         2.5200  1-4 EEL =        46.0651  VDWAALS    =      1363.6653
 EELEC  =    -11161.6464  EHBOND  =         0.0000  RESTRAINT  =         0.0000
 EKCMT  =       890.8288  VIRIAL  =      1225.4534  VOLUME     =     30852.6645
                                                    Density    =         0.9910
 ------------------------------------------------------------------------------

wrapping first mol.:      -22.84888       16.15660       27.98405
wrapping first mol.:      -22.84888       16.15660       27.98405

 NSTEP =    14500   TIME(PS) =      29.000  TEMP(K) =   287.19  PRESS =    33.1
 Etot   =     -7949.9489  EKtot   =      1751.4678  EPtot      =     -9701.4167
 BOND   =         2.9222  ANGLE   =        13.3438  DIHED      =         4.3113
 UB     =         0.0000  IMP     =         0.0000  CMAP       =        -0.0501
 1-4 NB =         1.6818  1-4 EEL =        47.1113  VDWAALS    =      1436.1422
 EELEC  =    -11206.8791  EHBOND  =         0.0000  RESTRAINT  =         0.0000
 EKCMT  =       857.0527  VIRIAL  =       834.8728  VOLUME     =     30991.7081
                                                    Density    =         0.9866
 ------------------------------------------------------------------------------

wrapping first mol.:      -22.85667       16.16211       27.99360
wrapping first mol.:      -22.85667       16.16211       27.99360

 NSTEP =    15000   TIME(PS) =      30.000  TEMP(K) =   289.67  PRESS =   -99.8
 Etot   =     -7960.7466  EKtot   =      1766.6099  EPtot      =     -9727.3564
 BOND   =         1.5345  ANGLE   =        13.2260  DIHED      =         3.8374
 UB     =         0.0000  IMP     =         0.0000  CMAP       =         0.1183
 1-4 NB =         2.6201  1-4 EEL =        44.4508  VDWAALS    =      1421.9590
 EELEC  =    -11215.1025  EHBOND  =         0.0000  RESTRAINT  =         0.0000
 EKCMT  =       911.6793  VIRIAL  =       978.5083  VOLUME     =     31023.7972
                                                    Density    =         0.9855
 ------------------------------------------------------------------------------

wrapping first mol.:      -22.84177       16.15158       27.97535
wrapping first mol.:      -22.84177       16.15158       27.97535

 NSTEP =    15500   TIME(PS) =      31.000  TEMP(K) =   299.34  PRESS =   -34.7
 Etot   =     -7940.6450  EKtot   =      1825.5566  EPtot      =     -9766.2016
 BOND   =         6.0478  ANGLE   =        12.1833  DIHED      =         4.3069
 UB     =         0.0000  IMP     =         0.0000  CMAP       =         0.9686
 1-4 NB =         3.3621  1-4 EEL =        46.3549  VDWAALS    =      1461.7432
 EELEC  =    -11301.1685  EHBOND  =         0.0000  RESTRAINT  =         0.0000
 EKCMT  =       883.1943  VIRIAL  =       906.3886  VOLUME     =     30962.9837
                                                    Density    =         0.9875
 ------------------------------------------------------------------------------

wrapping first mol.:      -22.85002       16.15741       27.98544
wrapping first mol.:      -22.85002       16.15741       27.98544

 NSTEP =    16000   TIME(PS) =      32.000  TEMP(K) =   306.08  PRESS =   160.1
 Etot   =     -7849.9792  EKtot   =      1866.7056  EPtot      =     -9716.6847
 BOND   =         2.8966  ANGLE   =        12.2495  DIHED      =         6.0389
 UB     =         0.0000  IMP     =         0.0000  CMAP       =         0.1855
 1-4 NB =         2.8701  1-4 EEL =        47.3985  VDWAALS    =      1450.9862
 EELEC  =    -11239.3099  EHBOND  =         0.0000  RESTRAINT  =         0.0000
 EKCMT  =       913.7307  VIRIAL  =       806.5518  VOLUME     =     30995.9849
                                                    Density    =         0.9864
 ------------------------------------------------------------------------------

wrapping first mol.:      -22.85283       16.15940       27.98889
wrapping first mol.:      -22.85283       16.15940       27.98889

 NSTEP =    16500   TIME(PS) =      33.000  TEMP(K) =   297.38  PRESS =  -349.9
 Etot   =     -7867.8736  EKtot   =      1813.6274  EPtot      =     -9681.5010
 BOND   =         3.5349  ANGLE   =        12.5607  DIHED      =         4.2756
 UB     =         0.0000  IMP     =         0.0000  CMAP       =         0.5030
 1-4 NB =         3.6638  1-4 EEL =        48.7533  VDWAALS    =      1379.9214
 EELEC  =    -11134.7137  EHBOND  =         0.0000  RESTRAINT  =         0.0000
 EKCMT  =       905.8797  VIRIAL  =      1140.1613  VOLUME     =     31008.8583
                                                    Density    =         0.9860
 ------------------------------------------------------------------------------

wrapping first mol.:      -22.88389       16.18136       28.02693
wrapping first mol.:      -22.88389       16.18136       28.02693

 NSTEP =    17000   TIME(PS) =      34.000  TEMP(K) =   301.17  PRESS =   180.1
 Etot   =     -7884.9604  EKtot   =      1836.7590  EPtot      =     -9721.7195
 BOND   =         3.3985  ANGLE   =        12.5322  DIHED      =         3.4611
 UB     =         0.0000  IMP     =         0.0000  CMAP       =         1.4982
 1-4 NB =         2.7528  1-4 EEL =        45.7562  VDWAALS    =      1468.1709
 EELEC  =    -11259.2893  EHBOND  =         0.0000  RESTRAINT  =         0.0000
 EKCMT  =       908.1628  VIRIAL  =       787.1176  VOLUME     =     31133.9892
                                                    Density    =         0.9820
 ------------------------------------------------------------------------------

wrapping first mol.:      -22.87419       16.17450       28.01505
wrapping first mol.:      -22.87419       16.17450       28.01505

 NSTEP =    17500   TIME(PS) =      35.000  TEMP(K) =   293.91  PRESS =   -21.2
 Etot   =     -7984.6790  EKtot   =      1792.4797  EPtot      =     -9777.1588
 BOND   =         3.3273  ANGLE   =        11.8715  DIHED      =         3.3353
 UB     =         0.0000  IMP     =         0.0000  CMAP       =        -0.1384
 1-4 NB =         3.5357  1-4 EEL =        48.5338  VDWAALS    =      1470.6795
 EELEC  =    -11318.3034  EHBOND  =         0.0000  RESTRAINT  =         0.0000
 EKCMT  =       897.5773  VIRIAL  =       911.7944  VOLUME     =     31094.9687
                                                    Density    =         0.9833
 ------------------------------------------------------------------------------

wrapping first mol.:      -22.84794       16.15594       27.98291
wrapping first mol.:      -22.84794       16.15594       27.98291

 NSTEP =    18000   TIME(PS) =      36.000  TEMP(K) =   292.69  PRESS =   368.8
 Etot   =     -7955.9918  EKtot   =      1785.0513  EPtot      =     -9741.0431
 BOND   =         3.8211  ANGLE   =        10.9887  DIHED      =         7.3545
 UB     =         0.0000  IMP     =         0.0000  CMAP       =        -0.0288
 1-4 NB =         3.5155  1-4 EEL =        49.8552  VDWAALS    =      1507.9618
 EELEC  =    -11324.5111  EHBOND  =         0.0000  RESTRAINT  =         0.0000
 EKCMT  =       892.0275  VIRIAL  =       645.3150  VOLUME     =     30986.9701
                                                    Density    =         0.9867
 ------------------------------------------------------------------------------

wrapping first mol.:      -22.88439       16.18171       28.02754
wrapping first mol.:      -22.88439       16.18171       28.02754

 NSTEP =    18500   TIME(PS) =      37.000  TEMP(K) =   304.82  PRESS =  -126.7
 Etot   =     -7871.3586  EKtot   =      1858.9910  EPtot      =     -9730.3496
 BOND   =         2.8909  ANGLE   =        13.0814  DIHED      =         5.8698
 UB     =         0.0000  IMP     =         0.0000  CMAP       =         0.7816
 1-4 NB =         2.5413  1-4 EEL =        43.4532  VDWAALS    =      1449.9542
 EELEC  =    -11248.9219  EHBOND  =         0.0000  RESTRAINT  =         0.0000
 EKCMT  =       886.4579  VIRIAL  =       971.6335  VOLUME     =     31136.8585
                                                    Density    =         0.9820
 ------------------------------------------------------------------------------

wrapping first mol.:      -22.84725       16.15545       27.98206
wrapping first mol.:      -22.84725       16.15545       27.98206

 NSTEP =    19000   TIME(PS) =      38.000  TEMP(K) =   290.32  PRESS =   230.9
 Etot   =     -7946.9117  EKtot   =      1770.5504  EPtot      =     -9717.4621
 BOND   =         3.1251  ANGLE   =        13.8747  DIHED      =         6.1531
 UB     =         0.0000  IMP     =         0.0000  CMAP       =        -0.1341
 1-4 NB =         3.0928  1-4 EEL =        46.8089  VDWAALS    =      1478.3303
 EELEC  =    -11268.7129  EHBOND  =         0.0000  RESTRAINT  =         0.0000
 EKCMT  =       896.1727  VIRIAL  =       741.7339  VOLUME     =     30984.5289
                                                    Density    =         0.9868
 ------------------------------------------------------------------------------

wrapping first mol.:      -22.87784       16.17708       28.01952
wrapping first mol.:      -22.87784       16.17708       28.01952

 NSTEP =    19500   TIME(PS) =      39.000  TEMP(K) =   302.84  PRESS =   -37.8
 Etot   =     -7830.8247  EKtot   =      1846.9170  EPtot      =     -9677.7417
 BOND   =         2.4067  ANGLE   =         6.5838  DIHED      =         4.6067
 UB     =         0.0000  IMP     =         0.0000  CMAP       =         0.8370
 1-4 NB =         3.9931  1-4 EEL =        46.4484  VDWAALS    =      1410.5470
 EELEC  =    -11153.1643  EHBOND  =         0.0000  RESTRAINT  =         0.0000
 EKCMT  =       929.4385  VIRIAL  =       954.8436  VOLUME     =     31109.8827
                                                    Density    =         0.9828
 ------------------------------------------------------------------------------

wrapping first mol.:      -22.88626       16.18303       28.02983
wrapping first mol.:      -22.88626       16.18303       28.02983

 NSTEP =    20000   TIME(PS) =      40.000  TEMP(K) =   294.98  PRESS =  -188.9
 Etot   =     -7814.2694  EKtot   =      1798.9644  EPtot      =     -9613.2338
 BOND   =         0.6928  ANGLE   =         7.1059  DIHED      =         4.9384
 UB     =         0.0000  IMP     =         0.0000  CMAP       =         0.8239
 1-4 NB =         3.9034  1-4 EEL =        49.3781  VDWAALS    =      1376.9437
 EELEC  =    -11057.0199  EHBOND  =         0.0000  RESTRAINT  =         0.0000
 EKCMT  =       919.8685  VIRIAL  =      1046.8779  VOLUME     =     31144.6720
                                                    Density    =         0.9817
 ------------------------------------------------------------------------------

wrapping first mol.:      -22.86740       16.16970       28.00673
wrapping first mol.:      -22.86740       16.16970       28.00673

 NSTEP =    20500   TIME(PS) =      41.000  TEMP(K) =   307.61  PRESS =   108.5
 Etot   =     -7744.2089  EKtot   =      1876.0256  EPtot      =     -9620.2345
 BOND   =         4.5611  ANGLE   =         7.1721  DIHED      =         3.8209
 UB     =         0.0000  IMP     =         0.0000  CMAP       =         1.2880
 1-4 NB =         4.3736  1-4 EEL =        49.6083  VDWAALS    =      1412.7160
 EELEC  =    -11103.7746  EHBOND  =         0.0000  RESTRAINT  =         0.0000
 EKCMT  =       929.6809  VIRIAL  =       856.9015  VOLUME     =     31066.9128
                                                    Density    =         0.9842
 ------------------------------------------------------------------------------

wrapping first mol.:      -22.89319       16.18794       28.03833
wrapping first mol.:      -22.89319       16.18794       28.03833

 NSTEP =    21000   TIME(PS) =      42.000  TEMP(K) =   306.35  PRESS =   450.5
 Etot   =     -7747.5714  EKtot   =      1868.3607  EPtot      =     -9615.9321
 BOND   =         5.6555  ANGLE   =        10.3975  DIHED      =         3.7705
 UB     =         0.0000  IMP     =         0.0000  CMAP       =         0.8876
 1-4 NB =         2.4046  1-4 EEL =        42.9282  VDWAALS    =      1472.1235
 EELEC  =    -11154.0994  EHBOND  =         0.0000  RESTRAINT  =         0.0000
 EKCMT  =       921.8320  VIRIAL  =       618.6024  VOLUME     =     31171.2203
                                                    Density    =         0.9809
 ------------------------------------------------------------------------------

wrapping first mol.:      -22.91345       16.20226       28.06313
wrapping first mol.:      -22.91345       16.20226       28.06313

 NSTEP =    21500   TIME(PS) =      43.000  TEMP(K) =   303.22  PRESS =   656.4
 Etot   =     -7760.4890  EKtot   =      1849.2246  EPtot      =     -9609.7136
 BOND   =         1.4599  ANGLE   =         9.5983  DIHED      =         6.2873
 UB     =         0.0000  IMP     =         0.0000  CMAP       =        -0.6429
 1-4 NB =         3.0110  1-4 EEL =        46.6332  VDWAALS    =      1495.2728
 EELEC  =    -11171.3332  EHBOND  =         0.0000  RESTRAINT  =         0.0000
 EKCMT  =       942.8191  VIRIAL  =       499.8644  VOLUME     =     31253.4392
                                                    Density    =         0.9783
 ------------------------------------------------------------------------------

wrapping first mol.:      -22.94373       16.22367       28.10022
wrapping first mol.:      -22.94373       16.22367       28.10022

 NSTEP =    22000   TIME(PS) =      44.000  TEMP(K) =   308.31  PRESS =  -162.5
 Etot   =     -7720.9422  EKtot   =      1880.2654  EPtot      =     -9601.2075
 BOND   =         4.2668  ANGLE   =        12.3357  DIHED      =         4.7256
 UB     =         0.0000  IMP     =         0.0000  CMAP       =        -1.2260
 1-4 NB =         3.5743  1-4 EEL =        44.4322  VDWAALS    =      1386.7088
 EELEC  =    -11056.0249  EHBOND  =         0.0000  RESTRAINT  =         0.0000
 EKCMT  =       944.7614  VIRIAL  =      1054.8630  VOLUME     =     31379.8348
                                                    Density    =         0.9744
 ------------------------------------------------------------------------------

wrapping first mol.:      -22.91352       16.20231       28.06322
wrapping first mol.:      -22.91352       16.20231       28.06322

 NSTEP =    22500   TIME(PS) =      45.000  TEMP(K) =   300.78  PRESS =   221.9
 Etot   =     -7774.6418  EKtot   =      1834.3925  EPtot      =     -9609.0342
 BOND   =         3.1628  ANGLE   =        10.5686  DIHED      =         5.3170
 UB     =         0.0000  IMP     =         0.0000  CMAP       =         0.6160
 1-4 NB =         3.7905  1-4 EEL =        45.5304  VDWAALS    =      1419.2967
 EELEC  =    -11097.3161  EHBOND  =         0.0000  RESTRAINT  =         0.0000
 EKCMT  =       939.4329  VIRIAL  =       789.7009  VOLUME     =     31254.9571
                                                    Density    =         0.9782
 ------------------------------------------------------------------------------

wrapping first mol.:      -22.91387       16.20255       28.06365
wrapping first mol.:      -22.91387       16.20255       28.06365

 NSTEP =    23000   TIME(PS) =      46.000  TEMP(K) =   301.65  PRESS =    49.3
 Etot   =     -7818.3050  EKtot   =      1839.6948  EPtot      =     -9657.9998
 BOND   =         1.8464  ANGLE   =         7.8920  DIHED      =         5.8658
 UB     =         0.0000  IMP     =         0.0000  CMAP       =        -0.8764
 1-4 NB =         3.1833  1-4 EEL =        44.6626  VDWAALS    =      1426.3004
 EELEC  =    -11146.8739  EHBOND  =         0.0000  RESTRAINT  =         0.0000
 EKCMT  =       932.6227  VIRIAL  =       899.3789  VOLUME     =     31256.8585
                                                    Density    =         0.9782
 ------------------------------------------------------------------------------

wrapping first mol.:      -22.88116       16.17943       28.02359
wrapping first mol.:      -22.88116       16.17943       28.02359

 NSTEP =    23500   TIME(PS) =      47.000  TEMP(K) =   302.56  PRESS =  -164.8
 Etot   =     -7890.8803  EKtot   =      1845.1921  EPtot      =     -9736.0724
 BOND   =         4.2788  ANGLE   =         9.2245  DIHED      =         6.4092
 UB     =         0.0000  IMP     =         0.0000  CMAP       =         0.0495
 1-4 NB =         3.4367  1-4 EEL =        43.8868  VDWAALS    =      1439.1784
 EELEC  =    -11242.5363  EHBOND  =         0.0000  RESTRAINT  =         0.0000
 EKCMT  =       894.0549  VIRIAL  =      1004.7676  VOLUME     =     31123.7951
                                                    Density    =         0.9824
 ------------------------------------------------------------------------------

wrapping first mol.:      -22.84284       16.15233       27.97665
wrapping first mol.:      -22.84284       16.15233       27.97665

 NSTEP =    24000   TIME(PS) =      48.000  TEMP(K) =   292.80  PRESS =  -109.4
 Etot   =     -7945.5952  EKtot   =      1785.7257  EPtot      =     -9731.3209
 BOND   =         1.2702  ANGLE   =         5.5922  DIHED      =         4.8860
 UB     =         0.0000  IMP     =         0.0000  CMAP       =         0.4740
 1-4 NB =         3.5610  1-4 EEL =        45.6219  VDWAALS    =      1429.7136
 EELEC  =    -11222.4398  EHBOND  =         0.0000  RESTRAINT  =         0.0000
 EKCMT  =       895.2262  VIRIAL  =       968.3778  VOLUME     =     30967.5299
                                                    Density    =         0.9873
 ------------------------------------------------------------------------------

wrapping first mol.:      -22.85041       16.15768       27.98592
wrapping first mol.:      -22.85041       16.15768       27.98592

 NSTEP =    24500   TIME(PS) =      49.000  TEMP(K) =   291.20  PRESS =   359.6
 Etot   =     -7932.5469  EKtot   =      1775.9209  EPtot      =     -9708.4678
 BOND   =         3.7636  ANGLE   =        12.3181  DIHED      =         5.4016
 UB     =         0.0000  IMP     =         0.0000  CMAP       =         1.4654
 1-4 NB =         1.3905  1-4 EEL =        46.8535  VDWAALS    =      1481.2498
 EELEC  =    -11260.9102  EHBOND  =         0.0000  RESTRAINT  =         0.0000
 EKCMT  =       910.5099  VIRIAL  =       669.8093  VOLUME     =     30997.0282
                                                    Density    =         0.9864
 ------------------------------------------------------------------------------

wrapping first mol.:      -22.84303       16.15247       27.97689
wrapping first mol.:      -22.84303       16.15247       27.97689

 NSTEP =    25000   TIME(PS) =      50.000  TEMP(K) =   298.23  PRESS =   120.7
 Etot   =     -7935.3193  EKtot   =      1818.7942  EPtot      =     -9754.1135
 BOND   =         2.9053  ANGLE   =         9.5415  DIHED      =         2.8314
 UB     =         0.0000  IMP     =         0.0000  CMAP       =         0.0882
 1-4 NB =         2.3879  1-4 EEL =        46.0325  VDWAALS    =      1469.1853
 EELEC  =    -11287.0858  EHBOND  =         0.0000  RESTRAINT  =         0.0000
 EKCMT  =       888.4286  VIRIAL  =       807.7295  VOLUME     =     30967.6759
                                                    Density    =         0.9873
 ------------------------------------------------------------------------------

wrapping first mol.:      -22.85625       16.16181       27.99308
wrapping first mol.:      -22.85625       16.16181       27.99308

 NSTEP =    25500   TIME(PS) =      51.000  TEMP(K) =   297.03  PRESS =  -252.1
 Etot   =     -7895.1385  EKtot   =      1811.4932  EPtot      =     -9706.6317
 BOND   =         2.2314  ANGLE   =        13.0375  DIHED      =         4.1012
 UB     =         0.0000  IMP     =         0.0000  CMAP       =         0.7639
 1-4 NB =         2.4401  1-4 EEL =        42.6691  VDWAALS    =      1413.0209
 EELEC  =    -11184.8958  EHBOND  =         0.0000  RESTRAINT  =         0.0000
 EKCMT  =       881.0481  VIRIAL  =      1049.9183  VOLUME     =     31022.4994
                                                    Density    =         0.9856
 ------------------------------------------------------------------------------

wrapping first mol.:      -22.89648       16.19026       28.04234
wrapping first mol.:      -22.89648       16.19026       28.04234

 NSTEP =    26000   TIME(PS) =      52.000  TEMP(K) =   305.58  PRESS =   -26.9
 Etot   =     -7850.8571  EKtot   =      1863.6581  EPtot      =     -9714.5152
 BOND   =         4.1084  ANGLE   =         7.7771  DIHED      =         4.6069
 UB     =         0.0000  IMP     =         0.0000  CMAP       =         0.8392
 1-4 NB =         2.6234  1-4 EEL =        48.1310  VDWAALS    =      1440.6714
 EELEC  =    -11223.2726  EHBOND  =         0.0000  RESTRAINT  =         0.0000
 EKCMT  =       913.4885  VIRIAL  =       931.5776  VOLUME     =     31185.9513
                                                    Density    =         0.9804
 ------------------------------------------------------------------------------

wrapping first mol.:      -22.87419       16.17450       28.01505
wrapping first mol.:      -22.87419       16.17450       28.01505

 NSTEP =    26500   TIME(PS) =      53.000  TEMP(K) =   289.97  PRESS =  -256.6
 Etot   =     -7937.0612  EKtot   =      1768.4225  EPtot      =     -9705.4837
 BOND   =         3.8893  ANGLE   =         8.5715  DIHED      =         5.6741
 UB     =         0.0000  IMP     =         0.0000  CMAP       =         0.0936
 1-4 NB =         2.6913  1-4 EEL =        45.6798  VDWAALS    =      1406.7820
 EELEC  =    -11178.8653  EHBOND  =         0.0000  RESTRAINT  =         0.0000
 EKCMT  =       861.8178  VIRIAL  =      1034.0989  VOLUME     =     31095.6071
                                                    Density    =         0.9833
 ------------------------------------------------------------------------------

wrapping first mol.:      -22.81652       16.13372       27.94442
wrapping first mol.:      -22.81652       16.13372       27.94442

 NSTEP =    27000   TIME(PS) =      54.000  TEMP(K) =   307.83  PRESS =   -47.2
 Etot   =     -7852.6448  EKtot   =      1877.3519  EPtot      =     -9729.9968
 BOND   =         4.6793  ANGLE   =         7.0291  DIHED      =         4.3921
 UB     =         0.0000  IMP     =         0.0000  CMAP       =         0.5787
 1-4 NB =         3.2600  1-4 EEL =        48.4684  VDWAALS    =      1405.5876
 EELEC  =    -11203.9919  EHBOND  =         0.0000  RESTRAINT  =         0.0000
 EKCMT  =       935.3336  VIRIAL  =       966.8056  VOLUME     =     30860.4543
                                                    Density    =         0.9908
 ------------------------------------------------------------------------------

wrapping first mol.:      -22.86020       16.16461       27.99792
wrapping first mol.:      -22.86020       16.16461       27.99792

 NSTEP =    27500   TIME(PS) =      55.000  TEMP(K) =   301.43  PRESS =   201.5
 Etot   =     -7868.7863  EKtot   =      1838.3455  EPtot      =     -9707.1317
 BOND   =         5.0102  ANGLE   =         6.0910  DIHED      =         3.7067
 UB     =         0.0000  IMP     =         0.0000  CMAP       =         0.6622
 1-4 NB =         2.3961  1-4 EEL =        43.0809  VDWAALS    =      1449.5112
 EELEC  =    -11217.5900  EHBOND  =         0.0000  RESTRAINT  =         0.0000
 EKCMT  =       931.0291  VIRIAL  =       795.9798  VOLUME     =     31037.3294
                                                    Density    =         0.9851
 ------------------------------------------------------------------------------

wrapping first mol.:      -22.87832       16.17742       28.02010
wrapping first mol.:      -22.87832       16.17742       28.02010

 NSTEP =    28000   TIME(PS) =      56.000  TEMP(K) =   302.47  PRESS =   180.7
 Etot   =     -7847.6988  EKtot   =      1844.6575  EPtot      =     -9692.3563
 BOND   =         1.1574  ANGLE   =        14.5950  DIHED      =         4.1058
 UB     =         0.0000  IMP     =         0.0000  CMAP       =         0.4632
 1-4 NB =         2.8668  1-4 EEL =        43.8036  VDWAALS    =      1463.0291
 EELEC  =    -11222.3772  EHBOND  =         0.0000  RESTRAINT  =         0.0000
 EKCMT  =       911.9007  VIRIAL  =       790.5307  VOLUME     =     31111.2304
                                                    Density    =         0.9828
 ------------------------------------------------------------------------------

wrapping first mol.:      -22.87421       16.17452       28.01508
wrapping first mol.:      -22.87421       16.17452       28.01508

 NSTEP =    28500   TIME(PS) =      57.000  TEMP(K) =   300.24  PRESS =   -82.2
 Etot   =     -7953.4483  EKtot   =      1831.0798  EPtot      =     -9784.5281
 BOND   =         1.3331  ANGLE   =         8.9957  DIHED      =         5.5328
 UB     =         0.0000  IMP     =         0.0000  CMAP       =        -0.2121
 1-4 NB =         3.6969  1-4 EEL =        46.6904  VDWAALS    =      1467.6590
 EELEC  =    -11318.2239  EHBOND  =         0.0000  RESTRAINT  =         0.0000
 EKCMT  =       895.1415  VIRIAL  =       950.3184  VOLUME     =     31095.2312
                                                    Density    =         0.9833
 ------------------------------------------------------------------------------

wrapping first mol.:      -22.86482       16.16787       28.00357
wrapping first mol.:      -22.86482       16.16787       28.00357

 NSTEP =    29000   TIME(PS) =      58.000  TEMP(K) =   294.00  PRESS =   153.5
 Etot   =     -7996.3278  EKtot   =      1793.0020  EPtot      =     -9789.3298
 BOND   =         4.4010  ANGLE   =         4.4839  DIHED      =         4.4577
 UB     =         0.0000  IMP     =         0.0000  CMAP       =        -0.8155
 1-4 NB =         5.0840  1-4 EEL =        50.1364  VDWAALS    =      1495.1388
 EELEC  =    -11352.2160  EHBOND  =         0.0000  RESTRAINT  =         0.0000
 EKCMT  =       902.0497  VIRIAL  =       799.1405  VOLUME     =     31056.2662
                                                    Density    =         0.9845
 ------------------------------------------------------------------------------

wrapping first mol.:      -22.87917       16.17802       28.02115
wrapping first mol.:      -22.87917       16.17802       28.02115

 NSTEP =    29500   TIME(PS) =      59.000  TEMP(K) =   296.39  PRESS =  -323.6
 Etot   =     -7917.9704  EKtot   =      1807.5648  EPtot      =     -9725.5352
 BOND   =         2.2833  ANGLE   =         9.3633  DIHED      =         5.4637
 UB     =         0.0000  IMP     =         0.0000  CMAP       =        -1.1262
 1-4 NB =         3.4045  1-4 EEL =        44.5076  VDWAALS    =      1387.9205
 EELEC  =    -11177.3518  EHBOND  =         0.0000  RESTRAINT  =         0.0000
 EKCMT  =       936.7067  VIRIAL  =      1154.0804  VOLUME     =     31116.1054
                                                    Density    =         0.9826
 ------------------------------------------------------------------------------

wrapping first mol.:      -22.84131       16.15125       27.97478
wrapping first mol.:      -22.84131       16.15125       27.97478

 NSTEP =    30000   TIME(PS) =      60.000  TEMP(K) =   307.88  PRESS =  -272.5
 Etot   =     -7945.4654  EKtot   =      1877.6855  EPtot      =     -9823.1509
 BOND   =         2.4802  ANGLE   =         7.7157  DIHED      =         6.9672
 UB     =         0.0000  IMP     =         0.0000  CMAP       =        -0.3480
 1-4 NB =         3.9469  1-4 EEL =        49.7856  VDWAALS    =      1423.8849
 EELEC  =    -11317.5833  EHBOND  =         0.0000  RESTRAINT  =         0.0000
 EKCMT  =       959.4974  VIRIAL  =      1141.6666  VOLUME     =     30961.7490
                                                    Density    =         0.9875
 ------------------------------------------------------------------------------

wrapping first mol.:      -22.87420       16.17451       28.01506
wrapping first mol.:      -22.87420       16.17451       28.01506

 NSTEP =    30500   TIME(PS) =      61.000  TEMP(K) =   307.76  PRESS =    70.5
 Etot   =     -7842.6894  EKtot   =      1876.9253  EPtot      =     -9719.6147
 BOND   =         1.9319  ANGLE   =        12.3379  DIHED      =         4.3494
 UB     =         0.0000  IMP     =         0.0000  CMAP       =        -0.3576
 1-4 NB =         4.1194  1-4 EEL =        44.9772  VDWAALS    =      1443.2137
 EELEC  =    -11230.1864  EHBOND  =         0.0000  RESTRAINT  =         0.0000
 EKCMT  =       970.9205  VIRIAL  =       923.5610  VOLUME     =     31094.7568
                                                    Density    =         0.9833
 ------------------------------------------------------------------------------

wrapping first mol.:      -22.88738       16.18382       28.03120
wrapping first mol.:      -22.88738       16.18382       28.03120

 NSTEP =    31000   TIME(PS) =      62.000  TEMP(K) =   297.43  PRESS =   436.0
 Etot   =     -7847.2734  EKtot   =      1813.9368  EPtot      =     -9661.2102
 BOND   =         3.5260  ANGLE   =         7.8283  DIHED      =         4.7009
 UB     =         0.0000  IMP     =         0.0000  CMAP       =         0.4718
 1-4 NB =         2.4334  1-4 EEL =        46.0835  VDWAALS    =      1483.0269
 EELEC  =    -11209.2810  EHBOND  =         0.0000  RESTRAINT  =         0.0000
 EKCMT  =       909.0104  VIRIAL  =       615.7967  VOLUME     =     31147.4994
                                                    Density    =         0.9816
 ------------------------------------------------------------------------------

wrapping first mol.:      -22.90873       16.19892       28.05735
wrapping first mol.:      -22.90873       16.19892       28.05735

 NSTEP =    31500   TIME(PS) =      63.000  TEMP(K) =   303.38  PRESS =  -219.6
 Etot   =     -7843.5942  EKtot   =      1850.1932  EPtot      =     -9693.7874
 BOND   =         4.4189  ANGLE   =        10.3688  DIHED      =         3.3366
 UB     =         0.0000  IMP     =         0.0000  CMAP       =        -0.2259
 1-4 NB =         3.6326  1-4 EEL =        47.4295  VDWAALS    =      1410.7837
 EELEC  =    -11173.5317  EHBOND  =         0.0000  RESTRAINT  =         0.0000
 EKCMT  =       889.9017  VIRIAL  =      1038.0385  VOLUME     =     31236.5909
                                                    Density    =         0.9788
 ------------------------------------------------------------------------------

wrapping first mol.:      -22.90986       16.19972       28.05874
wrapping first mol.:      -22.90986       16.19972       28.05874

 NSTEP =    32000   TIME(PS) =      64.000  TEMP(K) =   298.92  PRESS =   -41.6
 Etot   =     -7854.6477  EKtot   =      1823.0107  EPtot      =     -9677.6584
 BOND   =         1.7526  ANGLE   =         7.1948  DIHED      =         3.6348
 UB     =         0.0000  IMP     =         0.0000  CMAP       =         0.0900
 1-4 NB =         3.0569  1-4 EEL =        48.9253  VDWAALS    =      1423.4691
 EELEC  =    -11165.7820  EHBOND  =         0.0000  RESTRAINT  =         0.0000
 EKCMT  =       922.3968  VIRIAL  =       950.4802  VOLUME     =     31240.7200
                                                    Density    =         0.9787
 ------------------------------------------------------------------------------

wrapping first mol.:      -22.91617       16.20418       28.06647
wrapping first mol.:      -22.91617       16.20418       28.06647

 NSTEP =    32500   TIME(PS) =      65.000  TEMP(K) =   292.94  PRESS =   271.3
 Etot   =     -7927.6992  EKtot   =      1786.5779  EPtot      =     -9714.2771
 BOND   =         3.3341  ANGLE   =         6.0688  DIHED      =         4.1291
 UB     =         0.0000  IMP     =         0.0000  CMAP       =         0.0192
 1-4 NB =         3.1209  1-4 EEL =        50.2522  VDWAALS    =      1493.2924
 EELEC  =    -11274.4937  EHBOND  =         0.0000  RESTRAINT  =         0.0000
 EKCMT  =       889.5798  VIRIAL  =       706.4581  VOLUME     =     31265.6696
                                                    Density    =         0.9779
 ------------------------------------------------------------------------------

wrapping first mol.:      -22.89857       16.19173       28.04490
wrapping first mol.:      -22.89857       16.19173       28.04490

 NSTEP =    33000   TIME(PS) =      66.000  TEMP(K) =   294.07  PRESS =  -321.1
 Etot   =     -7938.8859  EKtot   =      1793.4280  EPtot      =     -9732.3139
 BOND   =         5.1059  ANGLE   =         6.7672  DIHED      =         5.4243
 UB     =         0.0000  IMP     =         0.0000  CMAP       =         0.0200
 1-4 NB =         2.2932  1-4 EEL =        48.4798  VDWAALS    =      1416.4915
 EELEC  =    -11216.8957  EHBOND  =         0.0000  RESTRAINT  =         0.0000
 EKCMT  =       857.5354  VIRIAL  =      1073.8199  VOLUME     =     31195.3115
                                                    Density    =         0.9801
 ------------------------------------------------------------------------------

wrapping first mol.:      -22.82822       16.14199       27.95875
wrapping first mol.:      -22.82822       16.14199       27.95875

 NSTEP =    33500   TIME(PS) =      67.000  TEMP(K) =   293.24  PRESS =  -153.9
 Etot   =     -8013.5745  EKtot   =      1788.3516  EPtot      =     -9801.9260
 BOND   =         1.9767  ANGLE   =         7.9451  DIHED      =         3.6855
 UB     =         0.0000  IMP     =         0.0000  CMAP       =         1.0758
 1-4 NB =         2.3340  1-4 EEL =        47.0433  VDWAALS    =      1451.7733
 EELEC  =    -11317.7597  EHBOND  =         0.0000  RESTRAINT  =         0.0000
 EKCMT  =       874.2939  VIRIAL  =       976.9979  VOLUME     =     30908.2352
                                                    Density    =         0.9892
 ------------------------------------------------------------------------------

wrapping first mol.:      -22.83110       16.14403       27.96227
wrapping first mol.:      -22.83110       16.14403       27.96227

 NSTEP =    34000   TIME(PS) =      68.000  TEMP(K) =   295.83  PRESS =  -289.1
 Etot   =     -7962.9307  EKtot   =      1804.1633  EPtot      =     -9767.0941
 BOND   =         2.0520  ANGLE   =         6.1848  DIHED      =         5.5751
 UB     =         0.0000  IMP     =         0.0000  CMAP       =         1.1909
 1-4 NB =         3.0611  1-4 EEL =        48.5173  VDWAALS    =      1411.2621
 EELEC  =    -11244.9374  EHBOND  =         0.0000  RESTRAINT  =         0.0000
 EKCMT  =       884.9552  VIRIAL  =      1077.9414  VOLUME     =     30920.2977
                                                    Density    =         0.9888
 ------------------------------------------------------------------------------

wrapping first mol.:      -22.81434       16.13218       27.94175
wrapping first mol.:      -22.81434       16.13218       27.94175

 NSTEP =    34500   TIME(PS) =      69.000  TEMP(K) =   287.43  PRESS =  -230.5
 Etot   =     -7911.1865  EKtot   =      1752.9543  EPtot      =     -9664.1409
 BOND   =         3.9775  ANGLE   =         6.5454  DIHED      =         3.8741
 UB     =         0.0000  IMP     =         0.0000  CMAP       =         0.4223
 1-4 NB =         3.8059  1-4 EEL =        48.3467  VDWAALS    =      1374.1891
 EELEC  =    -11105.3020  EHBOND  =         0.0000  RESTRAINT  =         0.0000
 EKCMT  =       878.9329  VIRIAL  =      1032.4743  VOLUME     =     30852.1128
                                                    Density    =         0.9910
 ------------------------------------------------------------------------------

wrapping first mol.:      -22.84852       16.15634       27.98361
wrapping first mol.:      -22.84852       16.15634       27.98361

 NSTEP =    35000   TIME(PS) =      70.000  TEMP(K) =   297.29  PRESS =  -132.0
 Etot   =     -7887.6301  EKtot   =      1813.0574  EPtot      =     -9700.6874
 BOND   =         4.2737  ANGLE   =         5.6811  DIHED      =         3.8006
 UB     =         0.0000  IMP     =         0.0000  CMAP       =         0.0709
 1-4 NB =         2.4244  1-4 EEL =        46.8035  VDWAALS    =      1414.5433
 EELEC  =    -11178.2850  EHBOND  =         0.0000  RESTRAINT  =         0.0000
 EKCMT  =       905.9846  VIRIAL  =       994.2883  VOLUME     =     30990.6837
                                                    Density    =         0.9866
 ------------------------------------------------------------------------------

wrapping first mol.:      -22.88837       16.18452       28.03241
wrapping first mol.:      -22.88837       16.18452       28.03241

 NSTEP =    35500   TIME(PS) =      71.000  TEMP(K) =   310.13  PRESS =   206.2
 Etot   =     -7824.1985  EKtot   =      1891.3616  EPtot      =     -9715.5601
 BOND   =         2.6157  ANGLE   =         7.9773  DIHED      =         6.9837
 UB     =         0.0000  IMP     =         0.0000  CMAP       =         1.0557
 1-4 NB =         4.5574  1-4 EEL =        48.6869  VDWAALS    =      1457.3991
 EELEC  =    -11244.8359  EHBOND  =         0.0000  RESTRAINT  =         0.0000
 EKCMT  =       979.5081  VIRIAL  =       840.8056  VOLUME     =     31152.1814
                                                    Density    =         0.9815
 ------------------------------------------------------------------------------

wrapping first mol.:      -22.86414       16.16739       28.00274
wrapping first mol.:      -22.86414       16.16739       28.00274

 NSTEP =    36000   TIME(PS) =      72.000  TEMP(K) =   305.86  PRESS =  -144.6
 Etot   =     -7916.9737  EKtot   =      1865.3696  EPtot      =     -9782.3434
 BOND   =         2.4940  ANGLE   =         7.3274  DIHED      =         3.9088
 UB     =         0.0000  IMP     =         0.0000  CMAP       =        -0.1557
 1-4 NB =         1.9849  1-4 EEL =        45.3952  VDWAALS    =      1427.8272
 EELEC  =    -11271.1252  EHBOND  =         0.0000  RESTRAINT  =         0.0000
 EKCMT  =       933.3152  VIRIAL  =      1030.2857  VOLUME     =     31054.3294
                                                    Density    =         0.9846
 ------------------------------------------------------------------------------

wrapping first mol.:      -22.88048       16.17895       28.02276
wrapping first mol.:      -22.88048       16.17895       28.02276

 NSTEP =    36500   TIME(PS) =      73.000  TEMP(K) =   301.27  PRESS =    56.8
 Etot   =     -7856.9995  EKtot   =      1837.3615  EPtot      =     -9694.3609
 BOND   =         2.4553  ANGLE   =        10.4143  DIHED      =         4.4843
 UB     =         0.0000  IMP     =         0.0000  CMAP       =         0.4687
 1-4 NB =         3.7170  1-4 EEL =        48.0145  VDWAALS    =      1418.2459
 EELEC  =    -11182.1610  EHBOND  =         0.0000  RESTRAINT  =         0.0000
 EKCMT  =       931.2200  VIRIAL  =       893.0628  VOLUME     =     31120.4146
                                                    Density    =         0.9825
 ------------------------------------------------------------------------------

wrapping first mol.:      -22.87439       16.17464       28.01529
wrapping first mol.:      -22.87439       16.17464       28.01529

 NSTEP =    37000   TIME(PS) =      74.000  TEMP(K) =   303.72  PRESS =   285.1
 Etot   =     -7849.2888  EKtot   =      1852.2681  EPtot      =     -9701.5569
 BOND   =         3.5023  ANGLE   =         9.0815  DIHED      =         3.9536
 UB     =         0.0000  IMP     =         0.0000  CMAP       =         0.3976
 1-4 NB =         3.1103  1-4 EEL =        47.6568  VDWAALS    =      1467.1257
 EELEC  =    -11236.3847  EHBOND  =         0.0000  RESTRAINT  =         0.0000
 EKCMT  =       937.2098  VIRIAL  =       745.7869  VOLUME     =     31094.9196
                                                    Density    =         0.9833
 ------------------------------------------------------------------------------

wrapping first mol.:      -22.85828       16.16325       27.99557
wrapping first mol.:      -22.85828       16.16325       27.99557

 NSTEP =    37500   TIME(PS) =      75.000  TEMP(K) =   296.96  PRESS =  -197.4
 Etot   =     -7888.1159  EKtot   =      1811.0876  EPtot      =     -9699.2036
 BOND   =         3.5963  ANGLE   =        11.7924  DIHED      =         3.4437
 UB     =         0.0000  IMP     =         0.0000  CMAP       =         0.0327
 1-4 NB =         2.7579  1-4 EEL =        48.8992  VDWAALS    =      1393.5144
 EELEC  =    -11163.2402  EHBOND  =         0.0000  RESTRAINT  =         0.0000
 EKCMT  =       905.5324  VIRIAL  =      1037.7950  VOLUME     =     31030.6241
                                                    Density    =         0.9853
 ------------------------------------------------------------------------------

wrapping first mol.:      -22.85013       16.15748       27.98558
wrapping first mol.:      -22.85013       16.15748       27.98558

 NSTEP =    38000   TIME(PS) =      76.000  TEMP(K) =   306.52  PRESS =  -198.2
 Etot   =     -7816.6330  EKtot   =      1869.3438  EPtot      =     -9685.9768
 BOND   =         4.2888  ANGLE   =         8.0177  DIHED      =         6.2505
 UB     =         0.0000  IMP     =         0.0000  CMAP       =         0.7245
 1-4 NB =         3.8005  1-4 EEL =        45.3161  VDWAALS    =      1382.8094
 EELEC  =    -11137.1843  EHBOND  =         0.0000  RESTRAINT  =         0.0000
 EKCMT  =       906.1998  VIRIAL  =      1038.8718  VOLUME     =     30997.4331
                                                    Density    =         0.9864
 ------------------------------------------------------------------------------

wrapping first mol.:      -22.81827       16.13496       27.94656
wrapping first mol.:      -22.81827       16.13496       27.94656

 NSTEP =    38500   TIME(PS) =      77.000  TEMP(K) =   300.57  PRESS =  -252.3
 Etot   =     -7898.5572  EKtot   =      1833.0553  EPtot      =     -9731.6125
 BOND   =         3.6922  ANGLE   =         9.8076  DIHED      =         5.6958
 UB     =         0.0000  IMP     =         0.0000  CMAP       =         0.1116
 1-4 NB =         3.2584  1-4 EEL =        48.4635  VDWAALS    =      1392.3354
 EELEC  =    -11194.9769  EHBOND  =         0.0000  RESTRAINT  =         0.0000
 EKCMT  =       912.7886  VIRIAL  =      1080.9385  VOLUME     =     30868.0950
                                                    Density    =         0.9905
 ------------------------------------------------------------------------------

wrapping first mol.:      -22.78041       16.10819       27.90019
wrapping first mol.:      -22.78041       16.10819       27.90019

 NSTEP =    39000   TIME(PS) =      78.000  TEMP(K) =   296.11  PRESS =  -141.2
 Etot   =     -7981.3876  EKtot   =      1805.9060  EPtot      =     -9787.2936
 BOND   =         0.4996  ANGLE   =        14.4405  DIHED      =         8.4130
 UB     =         0.0000  IMP     =         0.0000  CMAP       =         0.4090
 1-4 NB =         2.5843  1-4 EEL =        42.3843  VDWAALS    =      1433.4207
 EELEC  =    -11289.4452  EHBOND  =         0.0000  RESTRAINT  =         0.0000
 EKCMT  =       882.4103  VIRIAL  =       976.0669  VOLUME     =     30714.4033
                                                    Density    =         0.9955
 ------------------------------------------------------------------------------

wrapping first mol.:      -22.79061       16.11540       27.91269
wrapping first mol.:      -22.79061       16.11540       27.91269

 NSTEP =    39500   TIME(PS) =      79.000  TEMP(K) =   298.62  PRESS =  -578.4
 Etot   =     -7912.7399  EKtot   =      1821.2079  EPtot      =     -9733.9478
 BOND   =         2.1464  ANGLE   =        13.0572  DIHED      =         4.6531
 UB     =         0.0000  IMP     =         0.0000  CMAP       =         0.5899
 1-4 NB =         2.1044  1-4 EEL =        48.7626  VDWAALS    =      1349.3930
 EELEC  =    -11154.6542  EHBOND  =         0.0000  RESTRAINT  =         0.0000
 EKCMT  =       889.4567  VIRIAL  =      1273.5590  VOLUME     =     30756.9002
                                                    Density    =         0.9941
 ------------------------------------------------------------------------------

wrapping first mol.:      -22.84448       16.15349       27.97866
wrapping first mol.:      -22.84448       16.15349       27.97866

 NSTEP =    40000   TIME(PS) =      80.000  TEMP(K) =   291.53  PRESS =  -230.9
 Etot   =     -7937.5071  EKtot   =      1777.9250  EPtot      =     -9715.4321
 BOND   =         3.4605  ANGLE   =         9.3305  DIHED      =         5.0526
 UB     =         0.0000  IMP     =         0.0000  CMAP       =         0.6172
 1-4 NB =         2.9295  1-4 EEL =        46.6872  VDWAALS    =      1402.0690
 EELEC  =    -11185.5788  EHBOND  =         0.0000  RESTRAINT  =         0.0000
 EKCMT  =       907.1302  VIRIAL  =      1061.5768  VOLUME     =     30974.5189
                                                    Density    =         0.9871
 ------------------------------------------------------------------------------

wrapping first mol.:      -22.82104       16.13691       27.94995
wrapping first mol.:      -22.82104       16.13691       27.94995

 NSTEP =    40500   TIME(PS) =      81.000  TEMP(K) =   293.43  PRESS =  -586.8
 Etot   =     -7914.3473  EKtot   =      1789.5415  EPtot      =     -9703.8888
 BOND   =         4.2904  ANGLE   =         9.8060  DIHED      =         3.5239
 UB     =         0.0000  IMP     =         0.0000  CMAP       =         0.1657
 1-4 NB =         3.8998  1-4 EEL =        46.8338  VDWAALS    =      1350.0220
 EELEC  =    -11122.4304  EHBOND  =         0.0000  RESTRAINT  =         0.0000
 EKCMT  =       869.9649  VIRIAL  =      1261.2228  VOLUME     =     30880.2525
                                                    Density    =         0.9901
 ------------------------------------------------------------------------------

wrapping first mol.:       11.41114       16.13779       27.95147
wrapping first mol.:       11.41114       16.13779       27.95147

 NSTEP =    41000   TIME(PS) =      82.000  TEMP(K) =   290.50  PRESS =   -90.0
 Etot   =     -7926.7271  EKtot   =      1771.6431  EPtot      =     -9698.3702
 BOND   =         4.6650  ANGLE   =         7.9825  DIHED      =         4.2497
 UB     =         0.0000  IMP     =         0.0000  CMAP       =         0.0537
 1-4 NB =         3.6432  1-4 EEL =        48.0375  VDWAALS    =      1422.5067
 EELEC  =    -11189.5084  EHBOND  =         0.0000  RESTRAINT  =         0.0000
 EKCMT  =       867.9815  VIRIAL  =       928.0036  VOLUME     =     30883.9126
                                                    Density    =         0.9900
 ------------------------------------------------------------------------------

wrapping first mol.:       11.41757       16.14689       27.96723
wrapping first mol.:       11.41757       16.14689       27.96723

 NSTEP =    41500   TIME(PS) =      83.000  TEMP(K) =   292.29  PRESS =  -206.6
 Etot   =     -7928.2992  EKtot   =      1782.5819  EPtot      =     -9710.8811
 BOND   =         5.9887  ANGLE   =         8.6829  DIHED      =         3.6557
 UB     =         0.0000  IMP     =         0.0000  CMAP       =         0.0506
 1-4 NB =         2.0844  1-4 EEL =        46.1255  VDWAALS    =      1390.2068
 EELEC  =    -11167.6756  EHBOND  =         0.0000  RESTRAINT  =         0.0000
 EKCMT  =       853.6933  VIRIAL  =       991.7259  VOLUME     =     30936.5016
                                                    Density    =         0.9883
 ------------------------------------------------------------------------------

wrapping first mol.:      -22.87766       16.17695       28.01930
wrapping first mol.:      -22.87766       16.17695       28.01930

 NSTEP =    42000   TIME(PS) =      84.000  TEMP(K) =   304.35  PRESS =   595.8
 Etot   =     -7874.2015  EKtot   =      1856.1586  EPtot      =     -9730.3601
 BOND   =         1.7295  ANGLE   =         7.7793  DIHED      =         4.7285
 UB     =         0.0000  IMP     =         0.0000  CMAP       =        -0.0988
 1-4 NB =         2.4687  1-4 EEL =        48.2713  VDWAALS    =      1515.0050
 EELEC  =    -11310.2435  EHBOND  =         0.0000  RESTRAINT  =         0.0000
 EKCMT  =       922.0373  VIRIAL  =       521.8778  VOLUME     =     31107.3958
                                                    Density    =         0.9829
 ------------------------------------------------------------------------------

wrapping first mol.:      -22.90899       16.19911       28.05768
wrapping first mol.:      -22.90899       16.19911       28.05768

 NSTEP =    42500   TIME(PS) =      85.000  TEMP(K) =   297.20  PRESS =  -119.2
 Etot   =     -7952.9956  EKtot   =      1812.5256  EPtot      =     -9765.5213
 BOND   =         4.1768  ANGLE   =         8.5105  DIHED      =         3.9060
 UB     =         0.0000  IMP     =         0.0000  CMAP       =         0.4267
 1-4 NB =         2.6971  1-4 EEL =        46.7837  VDWAALS    =      1453.6197
 EELEC  =    -11285.6419  EHBOND  =         0.0000  RESTRAINT  =         0.0000
 EKCMT  =       886.1446  VIRIAL  =       966.5240  VOLUME     =     31237.3846
                                                    Density    =         0.9788
 ------------------------------------------------------------------------------

wrapping first mol.:      -22.92570       16.21092       28.07814
wrapping first mol.:      -22.92570       16.21092       28.07814

 NSTEP =    43000   TIME(PS) =      86.000  TEMP(K) =   291.89  PRESS =   -51.3
 Etot   =     -7922.1634  EKtot   =      1780.1375  EPtot      =     -9702.3009
 BOND   =         4.3852  ANGLE   =         4.4489  DIHED      =         5.2666
 UB     =         0.0000  IMP     =         0.0000  CMAP       =        -0.0993
 1-4 NB =         3.4447  1-4 EEL =        49.0920  VDWAALS    =      1437.0399
 EELEC  =    -11205.8788  EHBOND  =         0.0000  RESTRAINT  =         0.0000
 EKCMT  =       868.0977  VIRIAL  =       902.8064  VOLUME     =     31305.5990
                                                    Density    =         0.9767
 ------------------------------------------------------------------------------

wrapping first mol.:      -22.87843       16.17749       28.02024
wrapping first mol.:      -22.87843       16.17749       28.02024

 NSTEP =    43500   TIME(PS) =      87.000  TEMP(K) =   287.42  PRESS =   -98.3
 Etot   =     -7934.8290  EKtot   =      1752.9091  EPtot      =     -9687.7381
 BOND   =         2.9320  ANGLE   =        12.1047  DIHED      =         4.5521
 UB     =         0.0000  IMP     =         0.0000  CMAP       =         0.1570
 1-4 NB =         3.1351  1-4 EEL =        50.1695  VDWAALS    =      1408.1597
 EELEC  =    -11168.9481  EHBOND  =         0.0000  RESTRAINT  =         0.0000
 EKCMT  =       913.0827  VIRIAL  =       979.1326  VOLUME     =     31112.4549
                                                    Density    =         0.9827
 ------------------------------------------------------------------------------

wrapping first mol.:       11.44283       16.18261       28.02909
wrapping first mol.:       11.44283       16.18261       28.02909

 NSTEP =    44000   TIME(PS) =      88.000  TEMP(K) =   308.18  PRESS =   110.3
 Etot   =     -7866.5597  EKtot   =      1879.4830  EPtot      =     -9746.0427
 BOND   =         4.7367  ANGLE   =        11.3088  DIHED      =         5.0783
 UB     =         0.0000  IMP     =         0.0000  CMAP       =        -0.0688
 1-4 NB =         2.7990  1-4 EEL =        48.2451  VDWAALS    =      1462.4005
 EELEC  =    -11280.5424  EHBOND  =         0.0000  RESTRAINT  =         0.0000
 EKCMT  =       930.7329  VIRIAL  =       856.5411  VOLUME     =     31141.3819
                                                    Density    =         0.9818
 ------------------------------------------------------------------------------

wrapping first mol.:      -22.85932       16.16398       27.99683
wrapping first mol.:      -22.85932       16.16398       27.99683

 NSTEP =    44500   TIME(PS) =      89.000  TEMP(K) =   298.72  PRESS =  -285.1
 Etot   =     -7931.4977  EKtot   =      1821.7712  EPtot      =     -9753.2689
 BOND   =         2.1589  ANGLE   =         8.5270  DIHED      =         3.8002
 UB     =         0.0000  IMP     =         0.0000  CMAP       =         0.2378
 1-4 NB =         3.3772  1-4 EEL =        49.4537  VDWAALS    =      1410.3758
 EELEC  =    -11231.1996  EHBOND  =         0.0000  RESTRAINT  =         0.0000
 EKCMT  =       907.1282  VIRIAL  =      1098.1373  VOLUME     =     31035.0777
                                                    Density    =         0.9852
 ------------------------------------------------------------------------------

wrapping first mol.:       11.42773       16.16125       27.99211
wrapping first mol.:       11.42773       16.16125       27.99211

 NSTEP =    45000   TIME(PS) =      90.000  TEMP(K) =   299.76  PRESS =  -118.9
 Etot   =     -7867.6455  EKtot   =      1828.1511  EPtot      =     -9695.7967
 BOND   =         1.1402  ANGLE   =         8.5398  DIHED      =         4.0909
 UB     =         0.0000  IMP     =         0.0000  CMAP       =        -0.1023
 1-4 NB =         3.5514  1-4 EEL =        48.9767  VDWAALS    =      1405.7872
 EELEC  =    -11167.7806  EHBOND  =         0.0000  RESTRAINT  =         0.0000
 EKCMT  =       892.7570  VIRIAL  =       972.3609  VOLUME     =     31018.8963
                                                    Density    =         0.9857
 ------------------------------------------------------------------------------

wrapping first mol.:       11.43439       16.17066       28.00841
wrapping first mol.:       11.43439       16.17066       28.00841

 NSTEP =    45500   TIME(PS) =      91.000  TEMP(K) =   292.79  PRESS =   -85.9
 Etot   =     -7882.6400  EKtot   =      1785.6204  EPtot      =     -9668.2604
 BOND   =         1.9836  ANGLE   =         9.0025  DIHED      =         3.6137
 UB     =         0.0000  IMP     =         0.0000  CMAP       =         0.5617
 1-4 NB =         2.9223  1-4 EEL =        45.8477  VDWAALS    =      1402.0125
 EELEC  =    -11134.2044  EHBOND  =         0.0000  RESTRAINT  =         0.0000
 EKCMT  =       885.4768  VIRIAL  =       943.0939  VOLUME     =     31073.0293
                                                    Density    =         0.9840
 ------------------------------------------------------------------------------

wrapping first mol.:       11.45811       16.20422       28.06653
wrapping first mol.:       11.45811       16.20422       28.06653

 NSTEP =    46000   TIME(PS) =      92.000  TEMP(K) =   292.21  PRESS =    99.9
 Etot   =     -7866.0198  EKtot   =      1782.1221  EPtot      =     -9648.1418
 BOND   =         2.8805  ANGLE   =         8.8698  DIHED      =         3.5275
 UB     =         0.0000  IMP     =         0.0000  CMAP       =        -0.2070
 1-4 NB =         2.3164  1-4 EEL =        45.8548  VDWAALS    =      1445.8349
 EELEC  =    -11157.2188  EHBOND  =         0.0000  RESTRAINT  =         0.0000
 EKCMT  =       891.4964  VIRIAL  =       824.0783  VOLUME     =     31266.3583
                                                    Density    =         0.9779
 ------------------------------------------------------------------------------

wrapping first mol.:       11.44487       16.18550       28.03410
wrapping first mol.:       11.44487       16.18550       28.03410

 NSTEP =    46500   TIME(PS) =      93.000  TEMP(K) =   300.11  PRESS =  -647.9
 Etot   =     -7889.8203  EKtot   =      1830.2700  EPtot      =     -9720.0904
 BOND   =         1.7355  ANGLE   =         7.2597  DIHED      =         5.3264
 UB     =         0.0000  IMP     =         0.0000  CMAP       =         1.0100
 1-4 NB =         3.4854  1-4 EEL =        51.4051  VDWAALS    =      1340.4899
 EELEC  =    -11130.8024  EHBOND  =         0.0000  RESTRAINT  =         0.0000
 EKCMT  =       913.9052  VIRIAL  =      1349.7799  VOLUME     =     31160.1746
                                                    Density    =         0.9812
 ------------------------------------------------------------------------------

wrapping first mol.:       11.44031       16.17905       28.02293
wrapping first mol.:       11.44031       16.17905       28.02293

 NSTEP =    47000   TIME(PS) =      94.000  TEMP(K) =   296.77  PRESS =  -138.6
 Etot   =     -7871.3058  EKtot   =      1809.8802  EPtot      =     -9681.1861
 BOND   =         3.8778  ANGLE   =         8.7065  DIHED      =         3.3008
 UB     =         0.0000  IMP     =         0.0000  CMAP       =         0.1155
 1-4 NB =         2.9227  1-4 EEL =        43.9559  VDWAALS    =      1398.6485
 EELEC  =    -11142.7136  EHBOND  =         0.0000  RESTRAINT  =         0.0000
 EKCMT  =       912.9517  VIRIAL  =      1006.0705  VOLUME     =     31121.5237
                                                    Density    =         0.9824
 ------------------------------------------------------------------------------

wrapping first mol.:       11.44948       16.19202       28.04539
wrapping first mol.:       11.44948       16.19202       28.04539

 NSTEP =    47500   TIME(PS) =      95.000  TEMP(K) =   301.27  PRESS =   175.7
 Etot   =     -7890.6823  EKtot   =      1837.3622  EPtot      =     -9728.0445
 BOND   =         3.1540  ANGLE   =         6.4835  DIHED      =         5.3202
 UB     =         0.0000  IMP     =         0.0000  CMAP       =         0.2205
 1-4 NB =         3.8099  1-4 EEL =        48.2962  VDWAALS    =      1473.5959
 EELEC  =    -11268.9247  EHBOND  =         0.0000  RESTRAINT  =         0.0000
 EKCMT  =       927.5940  VIRIAL  =       809.2649  VOLUME     =     31195.5581
                                                    Density    =         0.9801
 ------------------------------------------------------------------------------

wrapping first mol.:       11.44747       16.18917       28.04046
wrapping first mol.:       11.44747       16.18917       28.04046

 NSTEP =    48000   TIME(PS) =      96.000  TEMP(K) =   299.96  PRESS =   148.3
 Etot   =     -7804.1951  EKtot   =      1829.3765  EPtot      =     -9633.5715
 BOND   =         2.9857  ANGLE   =         4.9166  DIHED      =         7.3609
 UB     =         0.0000  IMP     =         0.0000  CMAP       =        -0.0812
 1-4 NB =         2.1271  1-4 EEL =        45.7148  VDWAALS    =      1406.9690
 EELEC  =    -11103.5643  EHBOND  =         0.0000  RESTRAINT  =         0.0000
 EKCMT  =       924.8285  VIRIAL  =       824.9675  VOLUME     =     31179.1916
                                                    Density    =         0.9806
 ------------------------------------------------------------------------------

wrapping first mol.:       11.42690       16.16008       27.99007
wrapping first mol.:       11.42690       16.16008       27.99007

 NSTEP =    48500   TIME(PS) =      97.000  TEMP(K) =   297.88  PRESS =  -277.7
 Etot   =     -7821.2360  EKtot   =      1816.6719  EPtot      =     -9637.9079
 BOND   =         3.1445  ANGLE   =         9.5636  DIHED      =         2.7709
 UB     =         0.0000  IMP     =         0.0000  CMAP       =         0.0854
 1-4 NB =         3.6569  1-4 EEL =        49.8584  VDWAALS    =      1365.3602
 EELEC  =    -11072.3479  EHBOND  =         0.0000  RESTRAINT  =         0.0000
 EKCMT  =       911.3814  VIRIAL  =      1097.3457  VOLUME     =     31012.5802
                                                    Density    =         0.9859
 ------------------------------------------------------------------------------

wrapping first mol.:       11.41414       16.14204       27.95882
wrapping first mol.:       11.41414       16.14204       27.95882

 NSTEP =    49000   TIME(PS) =      98.000  TEMP(K) =   291.84  PRESS =     3.9
 Etot   =     -7922.2781  EKtot   =      1779.8130  EPtot      =     -9702.0911
 BOND   =         2.8946  ANGLE   =         8.2186  DIHED      =         4.4329
 UB     =         0.0000  IMP     =         0.0000  CMAP       =         0.3081
 1-4 NB =         2.0138  1-4 EEL =        48.1222  VDWAALS    =      1405.6721
 EELEC  =    -11173.7533  EHBOND  =         0.0000  RESTRAINT  =         0.0000
 EKCMT  =       887.1516  VIRIAL  =       884.5197  VOLUME     =     30908.0422
                                                    Density    =         0.9892
 ------------------------------------------------------------------------------

wrapping first mol.:       11.40968       16.13573       27.94790
wrapping first mol.:       11.40968       16.13573       27.94790

 NSTEP =    49500   TIME(PS) =      99.000  TEMP(K) =   292.74  PRESS =   454.3
 Etot   =     -8001.1703  EKtot   =      1785.3245  EPtot      =     -9786.4947
 BOND   =         3.9125  ANGLE   =        10.2920  DIHED      =         3.7944
 UB     =         0.0000  IMP     =         0.0000  CMAP       =         0.1930
 1-4 NB =         2.9671  1-4 EEL =        46.8906  VDWAALS    =      1515.1591
 EELEC  =    -11369.7033  EHBOND  =         0.0000  RESTRAINT  =         0.0000
 EKCMT  =       890.0604  VIRIAL  =       587.2328  VOLUME     =     30870.5950
                                                    Density    =         0.9904
 ------------------------------------------------------------------------------

wrapping first mol.:       11.39857       16.12001       27.92068
wrapping first mol.:       11.39857       16.12001       27.92068

 NSTEP =    50000   TIME(PS) =     100.000  TEMP(K) =   289.76  PRESS =  -465.4
 Etot   =     -8083.3137  EKtot   =      1767.1393  EPtot      =     -9850.4530
 BOND   =         2.2254  ANGLE   =         7.5634  DIHED      =         5.3846
 UB     =         0.0000  IMP     =         0.0000  CMAP       =        -0.1593
 1-4 NB =         3.5898  1-4 EEL =        50.3231  VDWAALS    =      1414.9982
 EELEC  =    -11334.3783  EHBOND  =         0.0000  RESTRAINT  =         0.0000
 EKCMT  =       878.1501  VIRIAL  =      1187.4738  VOLUME     =     30782.9944
                                                    Density    =         0.9932
 ------------------------------------------------------------------------------


      A V E R A G E S   O V E R     100 S T E P S


 NSTEP =    50000   TIME(PS) =     100.000  TEMP(K) =   298.42  PRESS =   -24.3
 Etot   =     -7889.6061  EKtot   =      1819.9948  EPtot      =     -9709.6009
 BOND   =         3.2358  ANGLE   =         9.3784  DIHED      =         4.7394
 UB     =         0.0000  IMP     =         0.0000  CMAP       =         0.3703
 1-4 NB =         3.1158  1-4 EEL =        46.8993  VDWAALS    =      1430.9098
 EELEC  =    -11208.2498  EHBOND  =         0.0000  RESTRAINT  =         0.0000
 EKCMT  =       905.6593  VIRIAL  =       921.7992  VOLUME     =     31062.7750
                                                    Density    =         0.9843
 ------------------------------------------------------------------------------


      R M S  F L U C T U A T I O N S


 NSTEP =    50000   TIME(PS) =     100.000  TEMP(K) =     5.46  PRESS =   268.9
 Etot   =        61.0305  EKtot   =        33.2923  EPtot      =        49.9065
 BOND   =         1.3439  ANGLE   =         2.5201  DIHED      =         1.1675
 UB     =         0.0000  IMP     =         0.0000  CMAP       =         0.5929
 1-4 NB =         0.6795  1-4 EEL =         2.1923  VDWAALS    =        38.6431
 EELEC  =        69.4798  EHBOND  =         0.0000  RESTRAINT  =         0.0000
 EKCMT  =        24.1772  VIRIAL  =       174.4275  VOLUME     =       131.3606
                                                    Density    =         0.0042
 ------------------------------------------------------------------------------

--------------------------------------------------------------------------------
   5.  TIMINGS
--------------------------------------------------------------------------------

|  NonSetup CPU Time in Major Routines:
|
|     Routine           Sec        %
|     ------------------------------
|     Nonbond           8.76   74.47
|     Bond              0.00    0.00
|     Angle             0.00    0.00
|     Dihedral          0.00    0.00
|     Shake             0.16    1.37
|     RunMD             2.76   23.46
|     Other             0.08    0.70
|     ------------------------------
|     Total            11.76

|  PME Nonbond Pairlist CPU Time:
|
|     Routine              Sec        %
|     ---------------------------------
|     Set Up Cit           0.00    0.00
|     Build List           0.00    0.00
|     ---------------------------------
|     Total                0.00    0.00

|  PME Direct Force CPU Time:
|
|     Routine              Sec        %
|     ---------------------------------
|     NonBonded Calc       0.00    0.00
|     Exclude Masked       0.00    0.00
|     Other                0.05    0.45
|     ---------------------------------
|     Total                0.05    0.45

|  PME Reciprocal Force CPU Time:
|
|     Routine              Sec        %
|     ---------------------------------
|     1D bspline           0.00    0.00
|     Grid Charges         0.00    0.00
|     Scalar Sum           0.00    0.00
|     Gradient Sum         0.00    0.00
|     FFT                  0.00    0.00
|     ---------------------------------
|     Total                0.00    0.00

|  Final Performance Info:
|     -----------------------------------------------------
|     Average timings for last   50000 steps:
|     Elapsed(s) =      11.79 Per Step(ms) =       0.24
|         ns/day =     732.62   seconds/ns =     117.93
|
|     Average timings for all steps:
|     Elapsed(s) =      11.79 Per Step(ms) =       0.24
|         ns/day =     732.62   seconds/ns =     117.93
|     -----------------------------------------------------

|  Setup CPU time:            0.18 seconds
|  NonSetup CPU time:        11.76 seconds
|  Total CPU time:           11.94 seconds     0.00 hours

|  Setup wall time:           1    seconds
|  NonSetup wall time:       11    seconds
|  Total wall time:          12    seconds     0.00 hours
