
          -------------------------------------------------------
          Amber 24 PMEMD                              2024
          -------------------------------------------------------

| PMEMD implementation of SANDER, Release 24

|  Compiled date/time: Wed Aug 21 09:34:12 2024
| Run on 06/01/2026 at 23:17:43

|   Executable path: pmemd.cuda
| Working directory: /localscratch/kbui/NexusMol/examples
|          Hostname: Unknown
  [-O]verwriting output

File Assignments:
|   MDIN: /localscratch/kbui/NexusMol/examples/artifacts/AMBER_DiAla/min2.in    
|  MDOUT: /localscratch/kbui/NexusMol/examples/artifacts/AMBER_DiAla/min2.out   
| INPCRD: /localscratch/kbui/NexusMol/examples/artifacts/AMBER_DiAla/min1.ncrst 
|   PARM: /localscratch/kbui/NexusMol/examples/ALA.prmtop                       
| RESTRT: /localscratch/kbui/NexusMol/examples/artifacts/AMBER_DiAla/min2.ncrst 
|   REFC: /localscratch/kbui/NexusMol/examples/artifacts/AMBER_DiAla/min1.ncrst 
|  MDVEL: mdvel                                                                 
|   MDEN: mden                                                                  
|  MDCRD: /localscratch/kbui/NexusMol/examples/artifacts/AMBER_DiAla/min2.nc    
| MDINFO: /localscratch/kbui/NexusMol/examples/artifacts/AMBER_DiAla/min2.info  
|  MDFRC: mdfrc                                                                 


 Here is the input file:

Minimization                                                                   
&cntrl                                                                         
  imin=1,                                                                      
  ncyc=1000,                                                                   
  maxcyc=5000,                                                                 
  ntpr=50,                                                                     
  cut=10.0,                                                                    
  iwrap=1,                                                                     
  ntr=1,                                                                       
  restraint_wt=5.0,                                                            
  restraintmask='!@H=',                                                        
/                                                                              


Note: ig = -1. Setting random seed to   804741 based on wallclock time in 
      microseconds.
| irandom = 1, using AMBER's internal random number generator (default).
 
|--------------------- INFORMATION ----------------------
| GPU (CUDA) Version of PMEMD in use: NVIDIA GPU IN USE.
|                    Version 18.0.0
| 
|                      03/25/2018
| 
| Implementation by:
|                    Ross C. Walker     (SDSC)
|                    Scott Le Grand     (nVIDIA)
| 
| Version 18 performance extensions by:
|                    David Cerutti     (Rutgers)
| 
| Precision model in use:
|      [SPFP] - Single Precision Forces, 64-bit Fixed Point
|               Accumulation. (Default)
| 
|--------------------------------------------------------
 
|----------------- CITATION INFORMATION -----------------
|
|    When publishing work that utilized the CUDA version
|    of AMBER, please cite the following in addition to
|    the regular AMBER citations:
|
|  - Romelia Salomon-Ferrer; Andreas W. Goetz; Duncan
|    Poole; Scott Le Grand; Ross C. Walker "Routine
|    microsecond molecular dynamics simulations with
|    AMBER - Part II: Particle Mesh Ewald", J. Chem.
|    Theory Comput., 2013, 9 (9), pp3878-3888,
|    DOI: 10.1021/ct400314y.
|
|  - Andreas W. Goetz; Mark J. Williamson; Dong Xu;
|    Duncan Poole; Scott Le Grand; Ross C. Walker
|    "Routine microsecond molecular dynamics simulations
|    with AMBER - Part I: Generalized Born", J. Chem.
|    Theory Comput., 2012, 8 (5), pp1542-1555.
|
|  - Scott Le Grand; Andreas W. Goetz; Ross C. Walker
|    "SPFP: Speed without compromise - a mixed precision
|    model for GPU accelerated molecular dynamics
|    simulations.", Comp. Phys. Comm., 2013, 184
|    pp374-380, DOI: 10.1016/j.cpc.2012.09.022
|
|--------------------------------------------------------
 
|------------------- GPU DEVICE INFO --------------------
|
|            CUDA_VISIBLE_DEVICES: not set
|   CUDA Capable Devices Detected:      1
|           CUDA Device ID in use:      0
|                CUDA Device Name: NVIDIA GeForce RTX 4090
|     CUDA Device Global Mem Size:  24079 MB
| CUDA Device Num Multiprocessors:    128
|           CUDA Device Core Freq:   2.62 GHz
|
|--------------------------------------------------------
 
 
| Conditional Compilation Defines Used:
| PUBFFT
| BINTRAJ
| CUDA
| EMIL

| Largest sphere to fit in unit cell has radius =    14.010

| New format PARM file being parsed.
| Version =    1.000 Date = 03/28/26 Time = 21:23:47

| Note: 1-4 EEL scale factors are being read from the topology file.

| Note: 1-4 VDW scale factors are being read from the topology file.
| Duplicated    0 dihedrals

| Duplicated    0 dihedrals

--------------------------------------------------------------------------------
   1.  RESOURCE   USE: 
--------------------------------------------------------------------------------

 getting box info from netcdf restart file
 NATOM  =    3064 NTYPES =       9 NBONH =    3054 MBONA  =       9
 NTHETH =      25 MTHETA =      11 NPHIH =      43 MPHIA  =      24
 NHPARM =       0 NPARM  =       0 NNB   =    4155 NRES   =    1017
 NBONA  =       9 NTHETA =      11 NPHIA =      24 NUMBND =      13
 NUMANG =      21 NPTRA  =      14 NATYP =      10 NPHB   =       0
 IFBOX  =       2 NMXRS  =      10 IFCAP =       0 NEXTRA =       0
 NCOPY  =       0

| Coordinate Index Table dimensions:     5    5    5
| Direct force subcell size =     6.8634    6.8634    6.8634

     BOX TYPE: TRUNCATED OCTAHEDRON

--------------------------------------------------------------------------------
   2.  CONTROL  DATA  FOR  THE  RUN
--------------------------------------------------------------------------------

ACE                                                                             

General flags:
     imin    =       1, nmropt  =       0

Nature and format of input:
     ntx     =       1, irest   =       0, ntrx    =       1

Nature and format of output:
     ntxo    =       2, ntpr    =      50, ntrx    =       1, ntwr    =       1
     iwrap   =       1, ntwx    =       0, ntwv    =       0, ntwe    =       0
     ioutfm  =       1, ntwprt  =       0, idecomp =       0, rbornstat=      0

Potential function:
     ntf     =       1, ntb     =       1, igb     =       0, nsnb    =      25
     ipol    =       0, gbsa    =       0, iesp    =       0
     dielc   =   1.00000, cut     =  10.00000, intdiel =   1.00000

Frozen or restrained atoms:
     ibelly  =       0, ntr     =       1
     restraint_wt =   5.00000

Energy minimization:
     maxcyc  =    5000, ncyc    =    1000, ntmin   =       1
     dx0     =   0.01000, drms    =   0.00010

| Intermolecular bonds treatment:
|     no_intermolecular_bonds =       1

| Energy averages sample interval:
|     ene_avg_sampling =       1

Ewald parameters:
     verbose =       0, ew_type =       0, nbflag  =       1, use_pme =       1
     vdwmeth =       1, eedmeth =       1, netfrc  =       0
     Box X =   34.317   Box Y =   34.317   Box Z =   34.317
     Alpha =  109.471   Beta  =  109.471   Gamma =  109.471
     NFFT1 =   36       NFFT2 =   36       NFFT3 =   36
     Cutoff=   10.000   Tol   =0.100E-04
     Ewald Coefficient =  0.27511
     Interpolation order =    4

    LOADING THE CONSTRAINED ATOMS AS GROUPS


   5.  REFERENCE ATOM COORDINATES

  ACE                                                                             
     Mask !@H=; matches  1024 atoms

--------------------------------------------------------------------------------
   3.  ATOMIC COORDINATES AND VELOCITIES
--------------------------------------------------------------------------------

ACE                                                                             
 begin time read from input coords =     0.000 ps

 
 Number of triangulated 3-point waters found:     1014

     Sum of charges from parm topology file =  -0.00000000
     Forcing neutrality...

| Dynamic Memory, Types Used:
| Reals              225609
| Integers            95792

| Nonbonded Pairs Initial Allocation:      926783

| GPU memory information (estimate):
| KB of GPU memory in use:     31936
| KB of CPU memory in use:     13036

--------------------------------------------------------------------------------
   4.  RESULTS
--------------------------------------------------------------------------------



   NSTEP       ENERGY          RMS            GMAX         NAME    NUMBER
      1      -1.2238E+04     1.0358E+00     6.9687E+00     O        1211

 BOND    =      816.4693  ANGLE   =        0.8944  DIHED      =        2.4964
 UB      =        0.0000  IMP     =        0.0000  CMAP       =        0.4818
 VDWAALS =     1461.6248  EEL     =   -14568.1348  HBOND      =        0.0000
 1-4 VDW =        2.5124  1-4 EEL =       45.7496  RESTRAINT  =        0.0000


   NSTEP       ENERGY          RMS            GMAX         NAME    NUMBER
     50      -1.2337E+04     1.2810E+00     1.0755E+01     H1       2460

 BOND    =      840.8843  ANGLE   =        0.9280  DIHED      =        2.4948
 UB      =        0.0000  IMP     =        0.0000  CMAP       =        0.4562
 VDWAALS =     1573.6013  EEL     =   -14813.9284  HBOND      =        0.0000
 1-4 VDW =        2.5020  1-4 EEL =       45.7492  RESTRAINT  =       10.1164
 EAMBER  =   -12347.3126


   NSTEP       ENERGY          RMS            GMAX         NAME    NUMBER
    100      -1.2380E+04     4.8887E-01     3.5615E+00     H1        402

 BOND    =      849.8425  ANGLE   =        0.9153  DIHED      =        2.4932
 UB      =        0.0000  IMP     =        0.0000  CMAP       =        0.4509
 VDWAALS =     1629.7012  EEL     =   -14934.5750  HBOND      =        0.0000
 1-4 VDW =        2.5107  1-4 EEL =       45.7511  RESTRAINT  =       22.8119
 EAMBER  =   -12402.9101


   NSTEP       ENERGY          RMS            GMAX         NAME    NUMBER
    150      -1.2404E+04     2.4253E-01     1.2291E+00     H1        153

 BOND    =      857.7162  ANGLE   =        0.9136  DIHED      =        2.4914
 UB      =        0.0000  IMP     =        0.0000  CMAP       =        0.4501
 VDWAALS =     1667.9342  EEL     =   -15017.0987  HBOND      =        0.0000
 1-4 VDW =        2.5143  1-4 EEL =       45.7604  RESTRAINT  =       34.9389
 EAMBER  =   -12439.3186


   NSTEP       ENERGY          RMS            GMAX         NAME    NUMBER
    200      -1.2420E+04     6.4851E-01     5.3632E+00     C           5

 BOND    =      865.0754  ANGLE   =        0.9145  DIHED      =        2.4898
 UB      =        0.0000  IMP     =        0.0000  CMAP       =        0.4504
 VDWAALS =     1696.9985  EEL     =   -15080.5341  HBOND      =        0.0000
 1-4 VDW =        2.5156  1-4 EEL =       45.7700  RESTRAINT  =       46.4954
 EAMBER  =   -12466.3200


   NSTEP       ENERGY          RMS            GMAX         NAME    NUMBER
    250      -1.2431E+04     2.4557E-01     2.8905E+00     C          15

 BOND    =      867.6118  ANGLE   =        0.8969  DIHED      =        2.4903
 UB      =        0.0000  IMP     =        0.0000  CMAP       =        0.4544
 VDWAALS =     1718.2013  EEL     =   -15125.2972  HBOND      =        0.0000
 1-4 VDW =        2.5295  1-4 EEL =       45.7544  RESTRAINT  =       56.5559
 EAMBER  =   -12487.3586


   NSTEP       ENERGY          RMS            GMAX         NAME    NUMBER
    300      -1.2438E+04     5.5721E-01     1.0039E+01     C          15

 BOND    =      870.3500  ANGLE   =        0.8979  DIHED      =        2.4907
 UB      =        0.0000  IMP     =        0.0000  CMAP       =        0.4583
 VDWAALS =     1734.1345  EEL     =   -15159.4260  HBOND      =        0.0000
 1-4 VDW =        2.5399  1-4 EEL =       45.7394  RESTRAINT  =       65.2556
 EAMBER  =   -12502.8154


   NSTEP       ENERGY          RMS            GMAX         NAME    NUMBER
    350      -1.2443E+04     3.6443E-01     9.2836E+00     C          15

 BOND    =      875.1385  ANGLE   =        0.8941  DIHED      =        2.4876
 UB      =        0.0000  IMP     =        0.0000  CMAP       =        0.4555
 VDWAALS =     1746.9149  EEL     =   -15190.2637  HBOND      =        0.0000
 1-4 VDW =        2.5287  1-4 EEL =       45.7619  RESTRAINT  =       73.0853
 EAMBER  =   -12516.0826


   NSTEP       ENERGY          RMS            GMAX         NAME    NUMBER
    400      -1.2447E+04     1.0090E-01     1.3811E+00     C          15

 BOND    =      875.8770  ANGLE   =        0.8835  DIHED      =        2.4884
 UB      =        0.0000  IMP     =        0.0000  CMAP       =        0.4596
 VDWAALS =     1756.4910  EEL     =   -15210.9071  HBOND      =        0.0000
 1-4 VDW =        2.5395  1-4 EEL =       45.7412  RESTRAINT  =       79.6173
 EAMBER  =   -12526.4269


   NSTEP       ENERGY          RMS            GMAX         NAME    NUMBER
    450      -1.2449E+04     2.8039E-01     1.0865E+01     C          15

 BOND    =      876.9919  ANGLE   =        0.8929  DIHED      =        2.4891
 UB      =        0.0000  IMP     =        0.0000  CMAP       =        0.4633
 VDWAALS =     1764.3934  EEL     =   -15228.4670  HBOND      =        0.0000
 1-4 VDW =        2.5481  1-4 EEL =       45.7228  RESTRAINT  =       85.4967
 EAMBER  =   -12534.9655


   NSTEP       ENERGY          RMS            GMAX         NAME    NUMBER
    500      -1.2452E+04     7.5406E-02     1.1777E+00     C          15

 BOND    =      879.0610  ANGLE   =        0.8761  DIHED      =        2.4871
 UB      =        0.0000  IMP     =        0.0000  CMAP       =        0.4613
 VDWAALS =     1770.5456  EEL     =   -15243.7343  HBOND      =        0.0000
 1-4 VDW =        2.5425  1-4 EEL =       45.7339  RESTRAINT  =       90.4177
 EAMBER  =   -12542.0267


   NSTEP       ENERGY          RMS            GMAX         NAME    NUMBER
    550      -1.2453E+04     2.4491E-01     1.1014E+01     C          15

 BOND    =      880.7017  ANGLE   =        0.8772  DIHED      =        2.4856
 UB      =        0.0000  IMP     =        0.0000  CMAP       =        0.4596
 VDWAALS =     1775.5797  EEL     =   -15256.2121  HBOND      =        0.0000
 1-4 VDW =        2.5385  1-4 EEL =       45.7422  RESTRAINT  =       94.7300
 EAMBER  =   -12547.8277


   NSTEP       ENERGY          RMS            GMAX         NAME    NUMBER
    600      -1.2454E+04     1.4358E-01     6.5345E+00     C          15

 BOND    =      880.7719  ANGLE   =        0.8793  DIHED      =        2.4873
 UB      =        0.0000  IMP     =        0.0000  CMAP       =        0.4647
 VDWAALS =     1779.7481  EEL     =   -15265.5254  HBOND      =        0.0000
 1-4 VDW =        2.5501  1-4 EEL =       45.7150  RESTRAINT  =       98.5356
 EAMBER  =   -12552.9091


   NSTEP       ENERGY          RMS            GMAX         NAME    NUMBER
    650      -1.2455E+04     6.0801E-02     1.7546E+00     C          15

 BOND    =      881.7872  ANGLE   =        0.8692  DIHED      =        2.4861
 UB      =        0.0000  IMP     =        0.0000  CMAP       =        0.4631
 VDWAALS =     1783.1312  EEL     =   -15274.1362  HBOND      =        0.0000
 1-4 VDW =        2.5466  1-4 EEL =       45.7222  RESTRAINT  =      101.7731
 EAMBER  =   -12557.1307


   NSTEP       ENERGY          RMS            GMAX         NAME    NUMBER
    700      -1.2456E+04     7.4094E-02     2.9673E+00     C          15

 BOND    =      882.4315  ANGLE   =        0.8672  DIHED      =        2.4857
 UB      =        0.0000  IMP     =        0.0000  CMAP       =        0.4632
 VDWAALS =     1785.9472  EEL     =   -15281.1960  HBOND      =        0.0000
 1-4 VDW =        2.5469  1-4 EEL =       45.7207  RESTRAINT  =      104.5899
 EAMBER  =   -12560.7336


   NSTEP       ENERGY          RMS            GMAX         NAME    NUMBER
    750      -1.2457E+04     5.2134E-02     1.6903E+00     C          15

 BOND    =      882.8456  ANGLE   =        0.8684  DIHED      =        2.4861
 UB      =        0.0000  IMP     =        0.0000  CMAP       =        0.4647
 VDWAALS =     1788.3134  EEL     =   -15287.0770  HBOND      =        0.0000
 1-4 VDW =        2.5504  1-4 EEL =       45.7119  RESTRAINT  =      107.0562
 EAMBER  =   -12563.8365


   NSTEP       ENERGY          RMS            GMAX         NAME    NUMBER
    800      -1.2457E+04     1.1572E-01     5.5949E+00     C          15

 BOND    =      883.2501  ANGLE   =        0.8721  DIHED      =        2.4865
 UB      =        0.0000  IMP     =        0.0000  CMAP       =        0.4660
 VDWAALS =     1790.3369  EEL     =   -15292.2035  HBOND      =        0.0000
 1-4 VDW =        2.5532  1-4 EEL =       45.7044  RESTRAINT  =      109.2332
 EAMBER  =   -12566.5343


   NSTEP       ENERGY          RMS            GMAX         NAME    NUMBER
    850      -1.2458E+04     3.4985E-02     5.8412E-01     H2       1405

 BOND    =      883.7090  ANGLE   =        0.8644  DIHED      =        2.4856
 UB      =        0.0000  IMP     =        0.0000  CMAP       =        0.4648
 VDWAALS =     1792.0506  EEL     =   -15296.7177  HBOND      =        0.0000
 1-4 VDW =        2.5506  1-4 EEL =       45.7100  RESTRAINT  =      111.1176
 EAMBER  =   -12568.8826


   NSTEP       ENERGY          RMS            GMAX         NAME    NUMBER
    900      -1.2458E+04     9.6695E-02     4.6783E+00     C          15

 BOND    =      884.0979  ANGLE   =        0.8618  DIHED      =        2.4851
 UB      =        0.0000  IMP     =        0.0000  CMAP       =        0.4640
 VDWAALS =     1793.5904  EEL     =   -15300.7734  HBOND      =        0.0000
 1-4 VDW =        2.5489  1-4 EEL =       45.7137  RESTRAINT  =      112.8535
 EAMBER  =   -12571.0115


   NSTEP       ENERGY          RMS            GMAX         NAME    NUMBER
    950      -1.2458E+04     1.3455E-01     6.7274E+00     C          15

 BOND    =      884.4031  ANGLE   =        0.8609  DIHED      =        2.4848
 UB      =        0.0000  IMP     =        0.0000  CMAP       =        0.4637
 VDWAALS =     1794.8749  EEL     =   -15304.1457  HBOND      =        0.0000
 1-4 VDW =        2.5484  1-4 EEL =       45.7148  RESTRAINT  =      114.3372
 EAMBER  =   -12572.7950


   NSTEP       ENERGY          RMS            GMAX         NAME    NUMBER
   1000      -1.2459E+04     8.3860E-02     4.0689E+00     C          15

 BOND    =      884.5555  ANGLE   =        0.8660  DIHED      =        2.4861
 UB      =        0.0000  IMP     =        0.0000  CMAP       =        0.4667
 VDWAALS =     1796.0065  EEL     =   -15307.0788  HBOND      =        0.0000
 1-4 VDW =        2.5546  1-4 EEL =       45.6997  RESTRAINT  =      115.6797
 EAMBER  =   -12574.4436


   NSTEP       ENERGY          RMS            GMAX         NAME    NUMBER
   1050      -1.2460E+04     2.9794E-02     7.7842E-01     O        1403

 BOND    =      886.9282  ANGLE   =        0.8532  DIHED      =        2.4866
 UB      =        0.0000  IMP     =        0.0000  CMAP       =        0.4680
 VDWAALS =     1806.8739  EEL     =   -15335.1456  HBOND      =        0.0000
 1-4 VDW =        2.5566  1-4 EEL =       45.6945  RESTRAINT  =      128.9374
 EAMBER  =   -12589.2847


   NSTEP       ENERGY          RMS            GMAX         NAME    NUMBER
   1100      -1.2461E+04     5.6570E-02     1.5642E+00     H2        703

 BOND    =      886.7179  ANGLE   =        0.8446  DIHED      =        2.4886
 UB      =        0.0000  IMP     =        0.0000  CMAP       =        0.4771
 VDWAALS =     1805.7523  EEL     =   -15332.4714  HBOND      =        0.0000
 1-4 VDW =        2.5488  1-4 EEL =       45.7021  RESTRAINT  =      127.1988
 EAMBER  =   -12587.9401


   NSTEP       ENERGY          RMS            GMAX         NAME    NUMBER
   1150      -1.2461E+04     8.5641E-02     1.3496E+00     H           8

 BOND    =      886.9076  ANGLE   =        0.8287  DIHED      =        2.4918
 UB      =        0.0000  IMP     =        0.0000  CMAP       =        0.4738
 VDWAALS =     1805.9018  EEL     =   -15333.7862  HBOND      =        0.0000
 1-4 VDW =        2.5474  1-4 EEL =       45.7588  RESTRAINT  =      127.7909
 EAMBER  =   -12588.8763


   NSTEP       ENERGY          RMS            GMAX         NAME    NUMBER
   1200      -1.2462E+04     1.1344E-01     3.3308E+00     CB         11

 BOND    =      887.7847  ANGLE   =        0.8560  DIHED      =        2.4801
 UB      =        0.0000  IMP     =        0.0000  CMAP       =        0.4710
 VDWAALS =     1809.4841  EEL     =   -15342.0997  HBOND      =        0.0000
 1-4 VDW =        2.5608  1-4 EEL =       45.6575  RESTRAINT  =      130.7435
 EAMBER  =   -12592.8054


   NSTEP       ENERGY          RMS            GMAX         NAME    NUMBER
   1250      -1.2463E+04     8.8349E-02     2.9182E+00     C          15

 BOND    =      887.3144  ANGLE   =        0.8549  DIHED      =        2.4880
 UB      =        0.0000  IMP     =        0.0000  CMAP       =        0.4752
 VDWAALS =     1810.1213  EEL     =   -15343.5127  HBOND      =        0.0000
 1-4 VDW =        2.5545  1-4 EEL =       45.7325  RESTRAINT  =      131.3841
 EAMBER  =   -12593.9719


   NSTEP       ENERGY          RMS            GMAX         NAME    NUMBER
   1300      -1.2463E+04     6.2566E-02     1.9882E+00     CH3         2

 BOND    =      887.7192  ANGLE   =        0.8694  DIHED      =        2.4822
 UB      =        0.0000  IMP     =        0.0000  CMAP       =        0.4743
 VDWAALS =     1811.1627  EEL     =   -15346.1259  HBOND      =        0.0000
 1-4 VDW =        2.5626  1-4 EEL =       45.6586  RESTRAINT  =      132.2024
 EAMBER  =   -12595.1970


   NSTEP       ENERGY          RMS            GMAX         NAME    NUMBER
   1350      -1.2463E+04     1.5920E-02     4.3772E-01     H1       1878

 BOND    =      887.6909  ANGLE   =        0.8421  DIHED      =        2.4894
 UB      =        0.0000  IMP     =        0.0000  CMAP       =        0.4713
 VDWAALS =     1811.6367  EEL     =   -15346.8024  HBOND      =        0.0000
 1-4 VDW =        2.5611  1-4 EEL =       45.7158  RESTRAINT  =      132.3159
 EAMBER  =   -12595.3950


   NSTEP       ENERGY          RMS            GMAX         NAME    NUMBER
   1400      -1.2464E+04     3.8798E-02     1.1108E+00     N          17

 BOND    =      888.3350  ANGLE   =        0.8451  DIHED      =        2.4899
 UB      =        0.0000  IMP     =        0.0000  CMAP       =        0.4705
 VDWAALS =     1815.2715  EEL     =   -15354.7956  HBOND      =        0.0000
 1-4 VDW =        2.5619  1-4 EEL =       45.7087  RESTRAINT  =      135.3318
 EAMBER  =   -12599.1130


   NSTEP       ENERGY          RMS            GMAX         NAME    NUMBER
   1450      -1.2464E+04     1.4507E-02     2.9315E-01     N          17

 BOND    =      888.3253  ANGLE   =        0.8384  DIHED      =        2.4910
 UB      =        0.0000  IMP     =        0.0000  CMAP       =        0.4706
 VDWAALS =     1815.1468  EEL     =   -15354.8165  HBOND      =        0.0000
 1-4 VDW =        2.5618  1-4 EEL =       45.7224  RESTRAINT  =      135.4095
 EAMBER  =   -12599.2602


   NSTEP       ENERGY          RMS            GMAX         NAME    NUMBER
   1500      -1.2464E+04     4.4929E-02     1.3313E+00     N          17

 BOND    =      888.3733  ANGLE   =        0.8644  DIHED      =        2.4848
 UB      =        0.0000  IMP     =        0.0000  CMAP       =        0.4807
 VDWAALS =     1815.2644  EEL     =   -15355.5024  HBOND      =        0.0000
 1-4 VDW =        2.5596  1-4 EEL =       45.6948  RESTRAINT  =      135.7982
 EAMBER  =   -12599.7804


   NSTEP       ENERGY          RMS            GMAX         NAME    NUMBER
   1550      -1.2464E+04     1.2714E-02     3.5537E-01     H1       2985

 BOND    =      888.3807  ANGLE   =        0.8417  DIHED      =        2.4893
 UB      =        0.0000  IMP     =        0.0000  CMAP       =        0.4728
 VDWAALS =     1815.5319  EEL     =   -15355.9026  HBOND      =        0.0000
 1-4 VDW =        2.5620  1-4 EEL =       45.7152  RESTRAINT  =      135.8554
 EAMBER  =   -12599.9090

     .... RESTARTED DUE TO LINMIN FAILURE ...


   NSTEP       ENERGY          RMS            GMAX         NAME    NUMBER
   1600      -1.2464E+04     5.1473E-02     1.2767E+00     CB         11

 BOND    =      888.5034  ANGLE   =        0.8508  DIHED      =        2.4902
 UB      =        0.0000  IMP     =        0.0000  CMAP       =        0.4724
 VDWAALS =     1815.8075  EEL     =   -15356.6746  HBOND      =        0.0000
 1-4 VDW =        2.5593  1-4 EEL =       45.6933  RESTRAINT  =      136.1831
 EAMBER  =   -12600.2978

     .... RESTARTED DUE TO LINMIN FAILURE ...


   NSTEP       ENERGY          RMS            GMAX         NAME    NUMBER
   1650      -1.2464E+04     4.4586E-02     1.2830E+00     N           7

 BOND    =      888.5046  ANGLE   =        0.8608  DIHED      =        2.4839
 UB      =        0.0000  IMP     =        0.0000  CMAP       =        0.4796
 VDWAALS =     1816.0331  EEL     =   -15357.9785  HBOND      =        0.0000
 1-4 VDW =        2.5657  1-4 EEL =       45.7406  RESTRAINT  =      136.9417
 EAMBER  =   -12601.3101


   NSTEP       ENERGY          RMS            GMAX         NAME    NUMBER
   1700      -1.2464E+04     1.3927E-02     5.0224E-01     H1       2985

 BOND    =      888.6211  ANGLE   =        0.8419  DIHED      =        2.4898
 UB      =        0.0000  IMP     =        0.0000  CMAP       =        0.4737
 VDWAALS =     1816.3412  EEL     =   -15358.5070  HBOND      =        0.0000
 1-4 VDW =        2.5619  1-4 EEL =       45.7183  RESTRAINT  =      137.0288
 EAMBER  =   -12601.4592


   NSTEP       ENERGY          RMS            GMAX         NAME    NUMBER
   1750      -1.2465E+04     3.6093E-02     7.7287E-01     O        2984

 BOND    =      889.0205  ANGLE   =        0.8393  DIHED      =        2.4939
 UB      =        0.0000  IMP     =        0.0000  CMAP       =        0.4745
 VDWAALS =     1817.6278  EEL     =   -15362.7167  HBOND      =        0.0000
 1-4 VDW =        2.5599  1-4 EEL =       45.7203  RESTRAINT  =      139.1238
 EAMBER  =   -12603.9806

     .... RESTARTED DUE TO LINMIN FAILURE ...


   NSTEP       ENERGY          RMS            GMAX         NAME    NUMBER
   1800      -1.2465E+04     1.0422E-02     2.1558E-01     H1       2985

 BOND    =      889.0322  ANGLE   =        0.8464  DIHED      =        2.4899
 UB      =        0.0000  IMP     =        0.0000  CMAP       =        0.4759
 VDWAALS =     1817.6661  EEL     =   -15362.8485  HBOND      =        0.0000
 1-4 VDW =        2.5630  1-4 EEL =       45.7122  RESTRAINT  =      139.1786
 EAMBER  =   -12604.0629

     .... RESTARTED DUE TO LINMIN FAILURE ...


   NSTEP       ENERGY          RMS            GMAX         NAME    NUMBER
   1850      -1.2465E+04     1.0898E-02     2.2508E-01     H2       1849

 BOND    =      889.0488  ANGLE   =        0.8406  DIHED      =        2.4918
 UB      =        0.0000  IMP     =        0.0000  CMAP       =        0.4746
 VDWAALS =     1817.7140  EEL     =   -15362.9725  HBOND      =        0.0000
 1-4 VDW =        2.5613  1-4 EEL =       45.7216  RESTRAINT  =      139.2148
 EAMBER  =   -12604.1198


   NSTEP       ENERGY          RMS            GMAX         NAME    NUMBER
   1900      -1.2465E+04     1.1845E-02     2.2472E-01     H2       1849

 BOND    =      889.0536  ANGLE   =        0.8386  DIHED      =        2.4928
 UB      =        0.0000  IMP     =        0.0000  CMAP       =        0.4738
 VDWAALS =     1817.7403  EEL     =   -15363.0590  HBOND      =        0.0000
 1-4 VDW =        2.5601  1-4 EEL =       45.7214  RESTRAINT  =      139.2564
 EAMBER  =   -12604.1785


   NSTEP       ENERGY          RMS            GMAX         NAME    NUMBER
   1950      -1.2465E+04     3.3443E-02     6.7921E-01     C          15

 BOND    =      889.0286  ANGLE   =        0.8502  DIHED      =        2.4908
 UB      =        0.0000  IMP     =        0.0000  CMAP       =        0.4729
 VDWAALS =     1817.7407  EEL     =   -15363.1298  HBOND      =        0.0000
 1-4 VDW =        2.5657  1-4 EEL =       45.7122  RESTRAINT  =      139.3262
 EAMBER  =   -12604.2687

     .... RESTARTED DUE TO LINMIN FAILURE ...


                    FINAL RESULTS



   NSTEP       ENERGY          RMS            GMAX         NAME    NUMBER
   1995      -1.2465E+04     9.0157E-03     3.7120E-01     C          15

 BOND    =      889.0575  ANGLE   =        0.8445  DIHED      =        2.4904
 UB      =        0.0000  IMP     =        0.0000  CMAP       =        0.4779
 VDWAALS =     1817.7528  EEL     =   -15363.1856  HBOND      =        0.0000
 1-4 VDW =        2.5616  1-4 EEL =       45.7196  RESTRAINT  =      139.3335
 EAMBER  =   -12604.2814

     ***** REPEATED LINMIN FAILURE *****
--------------------------------------------------------------------------------
   5.  TIMINGS
--------------------------------------------------------------------------------

|  NonSetup CPU Time in Major Routines:
|
|     Routine           Sec        %
|     ------------------------------
|     Nonbond           0.17   53.61
|     Bond              0.00    0.00
|     Angle             0.00    0.00
|     Dihedral          0.00    0.00
|     Shake             0.00    0.00
|     Other             0.14   46.39
|     ------------------------------
|     Total             0.31

|  PME Nonbond Pairlist CPU Time:
|
|     Routine              Sec        %
|     ---------------------------------
|     Set Up Cit           0.00    0.00
|     Build List           0.00    0.00
|     ---------------------------------
|     Total                0.00    0.00

|  PME Direct Force CPU Time:
|
|     Routine              Sec        %
|     ---------------------------------
|     NonBonded Calc       0.00    0.00
|     Exclude Masked       0.00    0.00
|     Other                0.00    0.76
|     ---------------------------------
|     Total                0.00    0.76

|  PME Reciprocal Force CPU Time:
|
|     Routine              Sec        %
|     ---------------------------------
|     1D bspline           0.00    0.00
|     Grid Charges         0.00    0.00
|     Scalar Sum           0.00    0.00
|     Gradient Sum         0.00    0.00
|     FFT                  0.00    0.00
|     ---------------------------------
|     Total                0.00    0.00

|  Setup CPU time:            0.19 seconds
|  NonSetup CPU time:         0.31 seconds
|  Total CPU time:            0.50 seconds     0.00 hours

|  Setup wall time:           0    seconds
|  NonSetup wall time:        0    seconds
|  Total wall time:           0    seconds     0.00 hours
