
          -------------------------------------------------------
          Amber 24 PMEMD                              2024
          -------------------------------------------------------

| PMEMD implementation of SANDER, Release 24

|  Compiled date/time: Wed Aug 21 09:34:12 2024
| Run on 06/01/2026 at 23:17:44

|   Executable path: pmemd.cuda
| Working directory: /localscratch/kbui/NexusMol/examples
|          Hostname: Unknown
  [-O]verwriting output

File Assignments:
|   MDIN: /localscratch/kbui/NexusMol/examples/artifacts/AMBER_DiAla/min3.in    
|  MDOUT: /localscratch/kbui/NexusMol/examples/artifacts/AMBER_DiAla/min3.out   
| INPCRD: /localscratch/kbui/NexusMol/examples/artifacts/AMBER_DiAla/min2.ncrst 
|   PARM: /localscratch/kbui/NexusMol/examples/ALA.prmtop                       
| RESTRT: /localscratch/kbui/NexusMol/examples/artifacts/AMBER_DiAla/min3.ncrst 
|   REFC: /localscratch/kbui/NexusMol/examples/artifacts/AMBER_DiAla/min2.ncrst 
|  MDVEL: mdvel                                                                 
|   MDEN: mden                                                                  
|  MDCRD: /localscratch/kbui/NexusMol/examples/artifacts/AMBER_DiAla/min3.nc    
| MDINFO: /localscratch/kbui/NexusMol/examples/artifacts/AMBER_DiAla/min3.info  
|  MDFRC: mdfrc                                                                 


 Here is the input file:

Minimization                                                                   
&cntrl                                                                         
  imin=1,                                                                      
  ncyc=1000,                                                                   
  maxcyc=5000,                                                                 
  ntpr=50,                                                                     
  cut=10.0,                                                                    
  iwrap=1,                                                                     
  ntr=1,                                                                       
  restraint_wt=2.0,                                                            
  restraintmask='!@H=',                                                        
/                                                                              


Note: ig = -1. Setting random seed to   392427 based on wallclock time in 
      microseconds.
| irandom = 1, using AMBER's internal random number generator (default).
 
|--------------------- INFORMATION ----------------------
| GPU (CUDA) Version of PMEMD in use: NVIDIA GPU IN USE.
|                    Version 18.0.0
| 
|                      03/25/2018
| 
| Implementation by:
|                    Ross C. Walker     (SDSC)
|                    Scott Le Grand     (nVIDIA)
| 
| Version 18 performance extensions by:
|                    David Cerutti     (Rutgers)
| 
| Precision model in use:
|      [SPFP] - Single Precision Forces, 64-bit Fixed Point
|               Accumulation. (Default)
| 
|--------------------------------------------------------
 
|----------------- CITATION INFORMATION -----------------
|
|    When publishing work that utilized the CUDA version
|    of AMBER, please cite the following in addition to
|    the regular AMBER citations:
|
|  - Romelia Salomon-Ferrer; Andreas W. Goetz; Duncan
|    Poole; Scott Le Grand; Ross C. Walker "Routine
|    microsecond molecular dynamics simulations with
|    AMBER - Part II: Particle Mesh Ewald", J. Chem.
|    Theory Comput., 2013, 9 (9), pp3878-3888,
|    DOI: 10.1021/ct400314y.
|
|  - Andreas W. Goetz; Mark J. Williamson; Dong Xu;
|    Duncan Poole; Scott Le Grand; Ross C. Walker
|    "Routine microsecond molecular dynamics simulations
|    with AMBER - Part I: Generalized Born", J. Chem.
|    Theory Comput., 2012, 8 (5), pp1542-1555.
|
|  - Scott Le Grand; Andreas W. Goetz; Ross C. Walker
|    "SPFP: Speed without compromise - a mixed precision
|    model for GPU accelerated molecular dynamics
|    simulations.", Comp. Phys. Comm., 2013, 184
|    pp374-380, DOI: 10.1016/j.cpc.2012.09.022
|
|--------------------------------------------------------
 
|------------------- GPU DEVICE INFO --------------------
|
|            CUDA_VISIBLE_DEVICES: not set
|   CUDA Capable Devices Detected:      1
|           CUDA Device ID in use:      0
|                CUDA Device Name: NVIDIA GeForce RTX 4090
|     CUDA Device Global Mem Size:  24079 MB
| CUDA Device Num Multiprocessors:    128
|           CUDA Device Core Freq:   2.62 GHz
|
|--------------------------------------------------------
 
 
| Conditional Compilation Defines Used:
| PUBFFT
| BINTRAJ
| CUDA
| EMIL

| Largest sphere to fit in unit cell has radius =    14.010

| New format PARM file being parsed.
| Version =    1.000 Date = 03/28/26 Time = 21:23:47

| Note: 1-4 EEL scale factors are being read from the topology file.

| Note: 1-4 VDW scale factors are being read from the topology file.
| Duplicated    0 dihedrals

| Duplicated    0 dihedrals

--------------------------------------------------------------------------------
   1.  RESOURCE   USE: 
--------------------------------------------------------------------------------

 getting box info from netcdf restart file
 NATOM  =    3064 NTYPES =       9 NBONH =    3054 MBONA  =       9
 NTHETH =      25 MTHETA =      11 NPHIH =      43 MPHIA  =      24
 NHPARM =       0 NPARM  =       0 NNB   =    4155 NRES   =    1017
 NBONA  =       9 NTHETA =      11 NPHIA =      24 NUMBND =      13
 NUMANG =      21 NPTRA  =      14 NATYP =      10 NPHB   =       0
 IFBOX  =       2 NMXRS  =      10 IFCAP =       0 NEXTRA =       0
 NCOPY  =       0

| Coordinate Index Table dimensions:     5    5    5
| Direct force subcell size =     6.8634    6.8634    6.8634

     BOX TYPE: TRUNCATED OCTAHEDRON

--------------------------------------------------------------------------------
   2.  CONTROL  DATA  FOR  THE  RUN
--------------------------------------------------------------------------------

ACE                                                                             

General flags:
     imin    =       1, nmropt  =       0

Nature and format of input:
     ntx     =       1, irest   =       0, ntrx    =       1

Nature and format of output:
     ntxo    =       2, ntpr    =      50, ntrx    =       1, ntwr    =       1
     iwrap   =       1, ntwx    =       0, ntwv    =       0, ntwe    =       0
     ioutfm  =       1, ntwprt  =       0, idecomp =       0, rbornstat=      0

Potential function:
     ntf     =       1, ntb     =       1, igb     =       0, nsnb    =      25
     ipol    =       0, gbsa    =       0, iesp    =       0
     dielc   =   1.00000, cut     =  10.00000, intdiel =   1.00000

Frozen or restrained atoms:
     ibelly  =       0, ntr     =       1
     restraint_wt =   2.00000

Energy minimization:
     maxcyc  =    5000, ncyc    =    1000, ntmin   =       1
     dx0     =   0.01000, drms    =   0.00010

| Intermolecular bonds treatment:
|     no_intermolecular_bonds =       1

| Energy averages sample interval:
|     ene_avg_sampling =       1

Ewald parameters:
     verbose =       0, ew_type =       0, nbflag  =       1, use_pme =       1
     vdwmeth =       1, eedmeth =       1, netfrc  =       0
     Box X =   34.317   Box Y =   34.317   Box Z =   34.317
     Alpha =  109.471   Beta  =  109.471   Gamma =  109.471
     NFFT1 =   36       NFFT2 =   36       NFFT3 =   36
     Cutoff=   10.000   Tol   =0.100E-04
     Ewald Coefficient =  0.27511
     Interpolation order =    4

    LOADING THE CONSTRAINED ATOMS AS GROUPS


   5.  REFERENCE ATOM COORDINATES

  ACE                                                                             
     Mask !@H=; matches  1024 atoms

--------------------------------------------------------------------------------
   3.  ATOMIC COORDINATES AND VELOCITIES
--------------------------------------------------------------------------------

ACE                                                                             
 begin time read from input coords =     0.000 ps

 
 Number of triangulated 3-point waters found:     1014

     Sum of charges from parm topology file =  -0.00000000
     Forcing neutrality...

| Dynamic Memory, Types Used:
| Reals              225609
| Integers            95792

| Nonbonded Pairs Initial Allocation:      926783

| GPU memory information (estimate):
| KB of GPU memory in use:     31936
| KB of CPU memory in use:     13036

--------------------------------------------------------------------------------
   4.  RESULTS
--------------------------------------------------------------------------------



   NSTEP       ENERGY          RMS            GMAX         NAME    NUMBER
      1      -1.2604E+04     5.5096E-01     4.7288E+00     O        2039

 BOND    =      889.0575  ANGLE   =        0.8445  DIHED      =        2.4904
 UB      =        0.0000  IMP     =        0.0000  CMAP       =        0.4779
 VDWAALS =     1817.7527  EEL     =   -15363.1858  HBOND      =        0.0000
 1-4 VDW =        2.5616  1-4 EEL =       45.7196  RESTRAINT  =        0.0000


   NSTEP       ENERGY          RMS            GMAX         NAME    NUMBER
     50      -1.2642E+04     2.7796E-01     2.1501E+00     O        2039

 BOND    =      903.0470  ANGLE   =        0.8641  DIHED      =        2.4885
 UB      =        0.0000  IMP     =        0.0000  CMAP       =        0.4715
 VDWAALS =     1885.5231  EEL     =   -15484.4579  HBOND      =        0.0000
 1-4 VDW =        2.5544  1-4 EEL =       45.7119  RESTRAINT  =        1.6431
 EAMBER  =   -12643.7974


   NSTEP       ENERGY          RMS            GMAX         NAME    NUMBER
    100      -1.2663E+04     7.6469E-01     6.0547E+00     C           5

 BOND    =      912.6886  ANGLE   =        0.8839  DIHED      =        2.4895
 UB      =        0.0000  IMP     =        0.0000  CMAP       =        0.4726
 VDWAALS =     1922.9568  EEL     =   -15555.1646  HBOND      =        0.0000
 1-4 VDW =        2.5481  1-4 EEL =       45.7192  RESTRAINT  =        4.2820
 EAMBER  =   -12667.4058


   NSTEP       ENERGY          RMS            GMAX         NAME    NUMBER
    150      -1.2680E+04     2.6755E-01     2.3705E+00     C          15

 BOND    =      913.8266  ANGLE   =        0.8542  DIHED      =        2.4925
 UB      =        0.0000  IMP     =        0.0000  CMAP       =        0.4781
 VDWAALS =     1951.0116  EEL     =   -15603.9824  HBOND      =        0.0000
 1-4 VDW =        2.5628  1-4 EEL =       45.7058  RESTRAINT  =        7.3051
 EAMBER  =   -12687.0506


   NSTEP       ENERGY          RMS            GMAX         NAME    NUMBER
    200      -1.2692E+04     6.5861E-01     1.1058E+01     C          15

 BOND    =      915.6733  ANGLE   =        0.8494  DIHED      =        2.4957
 UB      =        0.0000  IMP     =        0.0000  CMAP       =        0.4844
 VDWAALS =     1973.7590  EEL     =   -15643.7696  HBOND      =        0.0000
 1-4 VDW =        2.5772  1-4 EEL =       45.6883  RESTRAINT  =       10.5747
 EAMBER  =   -12702.2424


   NSTEP       ENERGY          RMS            GMAX         NAME    NUMBER
    250      -1.2702E+04     2.2730E-01     4.6588E+00     C          15

 BOND    =      923.6547  ANGLE   =        0.8540  DIHED      =        2.4945
 UB      =        0.0000  IMP     =        0.0000  CMAP       =        0.4836
 VDWAALS =     1993.0188  EEL     =   -15685.1219  HBOND      =        0.0000
 1-4 VDW =        2.5637  1-4 EEL =       45.7082  RESTRAINT  =       14.0260
 EAMBER  =   -12716.3443


   NSTEP       ENERGY          RMS            GMAX         NAME    NUMBER
    300      -1.2710E+04     5.5701E-01     1.9229E+01     C          15

 BOND    =      929.4827  ANGLE   =        0.8861  DIHED      =        2.4941
 UB      =        0.0000  IMP     =        0.0000  CMAP       =        0.4823
 VDWAALS =     2008.8578  EEL     =   -15718.0113  HBOND      =        0.0000
 1-4 VDW =        2.5555  1-4 EEL =       45.7218  RESTRAINT  =       17.4303
 EAMBER  =   -12727.5308


   NSTEP       ENERGY          RMS            GMAX         NAME    NUMBER
    350      -1.2717E+04     2.0380E-01     6.9090E+00     C          15

 BOND    =      927.1371  ANGLE   =        0.8448  DIHED      =        2.4994
 UB      =        0.0000  IMP     =        0.0000  CMAP       =        0.4917
 VDWAALS =     2022.1431  EEL     =   -15739.3996  HBOND      =        0.0000
 1-4 VDW =        2.5793  1-4 EEL =       45.6759  RESTRAINT  =       20.7809
 EAMBER  =   -12738.0284


   NSTEP       ENERGY          RMS            GMAX         NAME    NUMBER
    400      -1.2723E+04     1.4232E-01     3.3896E+00     C          15

 BOND    =      930.5381  ANGLE   =        0.8401  DIHED      =        2.4995
 UB      =        0.0000  IMP     =        0.0000  CMAP       =        0.4906
 VDWAALS =     2033.4935  EEL     =   -15763.0981  HBOND      =        0.0000
 1-4 VDW =        2.5740  1-4 EEL =       45.6813  RESTRAINT  =       24.0417
 EAMBER  =   -12746.9810


   NSTEP       ENERGY          RMS            GMAX         NAME    NUMBER
    450      -1.2728E+04     1.7490E-01     6.3892E+00     C          15

 BOND    =      932.6293  ANGLE   =        0.8394  DIHED      =        2.5007
 UB      =        0.0000  IMP     =        0.0000  CMAP       =        0.4911
 VDWAALS =     2043.4596  EEL     =   -15783.3068  HBOND      =        0.0000
 1-4 VDW =        2.5742  1-4 EEL =       45.6758  RESTRAINT  =       27.2694
 EAMBER  =   -12755.1367


   NSTEP       ENERGY          RMS            GMAX         NAME    NUMBER
    500      -1.2732E+04     4.0568E-01     1.9206E+01     C          15

 BOND    =      935.1296  ANGLE   =        0.8599  DIHED      =        2.5006
 UB      =        0.0000  IMP     =        0.0000  CMAP       =        0.4885
 VDWAALS =     2052.0226  EEL     =   -15801.5208  HBOND      =        0.0000
 1-4 VDW =        2.5678  1-4 EEL =       45.6838  RESTRAINT  =       30.3464
 EAMBER  =   -12762.2680


   NSTEP       ENERGY          RMS            GMAX         NAME    NUMBER
    550      -1.2736E+04     1.4558E-01     5.5002E+00     C          15

 BOND    =      935.2008  ANGLE   =        0.8396  DIHED      =        2.5052
 UB      =        0.0000  IMP     =        0.0000  CMAP       =        0.4964
 VDWAALS =     2059.7018  EEL     =   -15816.2862  HBOND      =        0.0000
 1-4 VDW =        2.5844  1-4 EEL =       45.6425  RESTRAINT  =       33.3705
 EAMBER  =   -12769.3155


   NSTEP       ENERGY          RMS            GMAX         NAME    NUMBER
    600      -1.2739E+04     3.5154E-01     1.7275E+01     C          15

 BOND    =      936.3716  ANGLE   =        0.8636  DIHED      =        2.5081
 UB      =        0.0000  IMP     =        0.0000  CMAP       =        0.5005
 VDWAALS =     2066.4122  EEL     =   -15830.1567  HBOND      =        0.0000
 1-4 VDW =        2.5926  1-4 EEL =       45.6196  RESTRAINT  =       36.2182
 EAMBER  =   -12775.2886


   NSTEP       ENERGY          RMS            GMAX         NAME    NUMBER
    650      -1.2742E+04     1.2014E-01     4.1715E+00     C          15

 BOND    =      938.1228  ANGLE   =        0.8334  DIHED      =        2.5063
 UB      =        0.0000  IMP     =        0.0000  CMAP       =        0.4951
 VDWAALS =     2072.4884  EEL     =   -15843.7395  HBOND      =        0.0000
 1-4 VDW =        2.5806  1-4 EEL =       45.6399  RESTRAINT  =       38.9584
 EAMBER  =   -12781.0730


   NSTEP       ENERGY          RMS            GMAX         NAME    NUMBER
    700      -1.2745E+04     2.9078E-01     1.4170E+01     C          15

 BOND    =      939.5334  ANGLE   =        0.8420  DIHED      =        2.5061
 UB      =        0.0000  IMP     =        0.0000  CMAP       =        0.4929
 VDWAALS =     2077.9864  EEL     =   -15855.8133  HBOND      =        0.0000
 1-4 VDW =        2.5756  1-4 EEL =       45.6461  RESTRAINT  =       41.5876
 EAMBER  =   -12786.2306


   NSTEP       ENERGY          RMS            GMAX         NAME    NUMBER
    750      -1.2747E+04     1.0393E-01     3.6486E+00     C          15

 BOND    =      940.1612  ANGLE   =        0.8352  DIHED      =        2.5093
 UB      =        0.0000  IMP     =        0.0000  CMAP       =        0.4987
 VDWAALS =     2082.9207  EEL     =   -15866.2395  HBOND      =        0.0000
 1-4 VDW =        2.5865  1-4 EEL =       45.6174  RESTRAINT  =       44.0818
 EAMBER  =   -12791.1106


   NSTEP       ENERGY          RMS            GMAX         NAME    NUMBER
    800      -1.2749E+04     2.6089E-01     1.2878E+01     C          15

 BOND    =      941.1062  ANGLE   =        0.8499  DIHED      =        2.5114
 UB      =        0.0000  IMP     =        0.0000  CMAP       =        0.5020
 VDWAALS =     2087.4558  EEL     =   -15876.0796  HBOND      =        0.0000
 1-4 VDW =        2.5924  1-4 EEL =       45.6003  RESTRAINT  =       46.4961
 EAMBER  =   -12795.4615


   NSTEP       ENERGY          RMS            GMAX         NAME    NUMBER
    850      -1.2751E+04     9.3173E-02     3.1669E+00     C          15

 BOND    =      942.1067  ANGLE   =        0.8306  DIHED      =        2.5101
 UB      =        0.0000  IMP     =        0.0000  CMAP       =        0.4982
 VDWAALS =     2091.5341  EEL     =   -15885.3226  HBOND      =        0.0000
 1-4 VDW =        2.5837  1-4 EEL =       45.6160  RESTRAINT  =       48.7596
 EAMBER  =   -12799.6434


   NSTEP       ENERGY          RMS            GMAX         NAME    NUMBER
    900      -1.2752E+04     2.5127E-01     1.2335E+01     C          15

 BOND    =      943.0762  ANGLE   =        0.8365  DIHED      =        2.5096
 UB      =        0.0000  IMP     =        0.0000  CMAP       =        0.4962
 VDWAALS =     2095.2784  EEL     =   -15893.8238  HBOND      =        0.0000
 1-4 VDW =        2.5790  1-4 EEL =       45.6238  RESTRAINT  =       50.9471
 EAMBER  =   -12803.4240


   NSTEP       ENERGY          RMS            GMAX         NAME    NUMBER
    950      -1.2754E+04     1.1684E-01     5.1032E+00     C          15

 BOND    =      943.5932  ANGLE   =        0.8342  DIHED      =        2.5125
 UB      =        0.0000  IMP     =        0.0000  CMAP       =        0.5020
 VDWAALS =     2098.5460  EEL     =   -15901.0902  HBOND      =        0.0000
 1-4 VDW =        2.5893  1-4 EEL =       45.5984  RESTRAINT  =       52.9576
 EAMBER  =   -12806.9146


   NSTEP       ENERGY          RMS            GMAX         NAME    NUMBER
   1000      -1.2755E+04     1.9217E-01     9.3783E+00     C          15

 BOND    =      944.2599  ANGLE   =        0.8398  DIHED      =        2.5137
 UB      =        0.0000  IMP     =        0.0000  CMAP       =        0.5039
 VDWAALS =     2101.5456  EEL     =   -15907.9518  HBOND      =        0.0000
 1-4 VDW =        2.5922  1-4 EEL =       45.5901  RESTRAINT  =       54.8775
 EAMBER  =   -12810.1065


   NSTEP       ENERGY          RMS            GMAX         NAME    NUMBER
   1050      -1.2763E+04     1.1326E-01     2.8064E+00     O         182

 BOND    =      950.6617  ANGLE   =        0.8873  DIHED      =        2.5269
 UB      =        0.0000  IMP     =        0.0000  CMAP       =        0.5054
 VDWAALS =     2131.7321  EEL     =   -15973.3083  HBOND      =        0.0000
 1-4 VDW =        2.6089  1-4 EEL =       45.5640  RESTRAINT  =       75.5911
 EAMBER  =   -12838.8220


   NSTEP       ENERGY          RMS            GMAX         NAME    NUMBER
   1100      -1.2765E+04     6.6943E-02     1.4021E+00     H1         20

 BOND    =      950.8131  ANGLE   =        0.8446  DIHED      =        2.5087
 UB      =        0.0000  IMP     =        0.0000  CMAP       =        0.5291
 VDWAALS =     2131.7245  EEL     =   -15977.3771  HBOND      =        0.0000
 1-4 VDW =        2.5833  1-4 EEL =       45.5605  RESTRAINT  =       78.2007
 EAMBER  =   -12842.8134


   NSTEP       ENERGY          RMS            GMAX         NAME    NUMBER
   1150      -1.2766E+04     7.5943E-02     2.0609E+00     N          17

 BOND    =      951.3077  ANGLE   =        0.8438  DIHED      =        2.5135
 UB      =        0.0000  IMP     =        0.0000  CMAP       =        0.5267
 VDWAALS =     2132.3744  EEL     =   -15982.0379  HBOND      =        0.0000
 1-4 VDW =        2.5924  1-4 EEL =       45.5872  RESTRAINT  =       80.5796
 EAMBER  =   -12846.2923


   NSTEP       ENERGY          RMS            GMAX         NAME    NUMBER
   1200      -1.2767E+04     3.8768E-02     8.5897E-01     C           5

 BOND    =      951.8537  ANGLE   =        0.8007  DIHED      =        2.5196
 UB      =        0.0000  IMP     =        0.0000  CMAP       =        0.5206
 VDWAALS =     2133.0108  EEL     =   -15987.3656  HBOND      =        0.0000
 1-4 VDW =        2.5937  1-4 EEL =       45.6092  RESTRAINT  =       83.3268
 EAMBER  =   -12850.4572


   NSTEP       ENERGY          RMS            GMAX         NAME    NUMBER
   1250      -1.2768E+04     4.9379E-02     8.9026E-01     O        1880

 BOND    =      952.3320  ANGLE   =        0.7978  DIHED      =        2.5284
 UB      =        0.0000  IMP     =        0.0000  CMAP       =        0.5170
 VDWAALS =     2133.6918  EEL     =   -15992.4558  HBOND      =        0.0000
 1-4 VDW =        2.5967  1-4 EEL =       45.6085  RESTRAINT  =       86.0868
 EAMBER  =   -12854.3836


   NSTEP       ENERGY          RMS            GMAX         NAME    NUMBER
   1300      -1.2768E+04     3.3402E-02     5.5395E-01     O        1739

 BOND    =      952.4714  ANGLE   =        0.8044  DIHED      =        2.5212
 UB      =        0.0000  IMP     =        0.0000  CMAP       =        0.5223
 VDWAALS =     2133.7030  EEL     =   -15993.0392  HBOND      =        0.0000
 1-4 VDW =        2.5967  1-4 EEL =       45.6081  RESTRAINT  =       86.3814
 EAMBER  =   -12854.8121


   NSTEP       ENERGY          RMS            GMAX         NAME    NUMBER
   1350      -1.2770E+04     5.8997E-02     2.3285E+00     CA          9

 BOND    =      953.0372  ANGLE   =        0.8106  DIHED      =        2.5096
 UB      =        0.0000  IMP     =        0.0000  CMAP       =        0.5362
 VDWAALS =     2134.7437  EEL     =   -15999.9265  HBOND      =        0.0000
 1-4 VDW =        2.5885  1-4 EEL =       45.6322  RESTRAINT  =       90.5341
 EAMBER  =   -12860.0684


   NSTEP       ENERGY          RMS            GMAX         NAME    NUMBER
   1400      -1.2770E+04     2.8000E-02     5.6645E-01     H1         39

 BOND    =      953.2356  ANGLE   =        0.8002  DIHED      =        2.5192
 UB      =        0.0000  IMP     =        0.0000  CMAP       =        0.5257
 VDWAALS =     2136.0568  EEL     =   -16002.0918  HBOND      =        0.0000
 1-4 VDW =        2.5954  1-4 EEL =       45.6117  RESTRAINT  =       90.9769
 EAMBER  =   -12860.7472


   NSTEP       ENERGY          RMS            GMAX         NAME    NUMBER
   1450      -1.2770E+04     3.0664E-02     7.6373E-01     O         260

 BOND    =      953.2235  ANGLE   =        0.7974  DIHED      =        2.5193
 UB      =        0.0000  IMP     =        0.0000  CMAP       =        0.5259
 VDWAALS =     2135.8626  EEL     =   -16002.2403  HBOND      =        0.0000
 1-4 VDW =        2.5959  1-4 EEL =       45.6139  RESTRAINT  =       91.2060
 EAMBER  =   -12861.1017


   NSTEP       ENERGY          RMS            GMAX         NAME    NUMBER
   1500      -1.2770E+04     4.5034E-02     1.2907E+00     C          19

 BOND    =      953.2523  ANGLE   =        0.8035  DIHED      =        2.5193
 UB      =        0.0000  IMP     =        0.0000  CMAP       =        0.5258
 VDWAALS =     2136.2082  EEL     =   -16003.0632  HBOND      =        0.0000
 1-4 VDW =        2.5965  1-4 EEL =       45.5918  RESTRAINT  =       91.5622
 EAMBER  =   -12861.5658


   NSTEP       ENERGY          RMS            GMAX         NAME    NUMBER
   1550      -1.2770E+04     1.9079E-02     2.9450E-01     H2       1453

 BOND    =      953.2739  ANGLE   =        0.7970  DIHED      =        2.5192
 UB      =        0.0000  IMP     =        0.0000  CMAP       =        0.5261
 VDWAALS =     2136.1702  EEL     =   -16003.1681  HBOND      =        0.0000
 1-4 VDW =        2.5958  1-4 EEL =       45.6162  RESTRAINT  =       91.6196
 EAMBER  =   -12861.6698


   NSTEP       ENERGY          RMS            GMAX         NAME    NUMBER
   1600      -1.2770E+04     1.7290E-02     2.7474E-01     H1        558

 BOND    =      953.2922  ANGLE   =        0.7989  DIHED      =        2.5191
 UB      =        0.0000  IMP     =        0.0000  CMAP       =        0.5258
 VDWAALS =     2136.3473  EEL     =   -16003.5035  HBOND      =        0.0000
 1-4 VDW =        2.5964  1-4 EEL =       45.6120  RESTRAINT  =       91.7235
 EAMBER  =   -12861.8117


   NSTEP       ENERGY          RMS            GMAX         NAME    NUMBER
   1650      -1.2770E+04     2.0423E-02     4.3495E-01     H2        559

 BOND    =      953.3798  ANGLE   =        0.7977  DIHED      =        2.5191
 UB      =        0.0000  IMP     =        0.0000  CMAP       =        0.5260
 VDWAALS =     2136.4999  EEL     =   -16004.0184  HBOND      =        0.0000
 1-4 VDW =        2.5964  1-4 EEL =       45.6145  RESTRAINT  =       91.9304
 EAMBER  =   -12862.0849


   NSTEP       ENERGY          RMS            GMAX         NAME    NUMBER
   1700      -1.2771E+04     1.6003E-02     1.8858E-01     H1        558

 BOND    =      953.6342  ANGLE   =        0.7972  DIHED      =        2.5190
 UB      =        0.0000  IMP     =        0.0000  CMAP       =        0.5263
 VDWAALS =     2138.2958  EEL     =   -16008.0045  HBOND      =        0.0000
 1-4 VDW =        2.5967  1-4 EEL =       45.6142  RESTRAINT  =       93.4835
 EAMBER  =   -12864.0211

     .... RESTARTED DUE TO LINMIN FAILURE ...

     .... RESTARTED DUE TO LINMIN FAILURE ...


   NSTEP       ENERGY          RMS            GMAX         NAME    NUMBER
   1750      -1.2766E+04     1.2373E+00     3.7844E+01     H2       1255

 BOND    =      960.9263  ANGLE   =        0.8291  DIHED      =        2.5243
 UB      =        0.0000  IMP     =        0.0000  CMAP       =        0.5307
 VDWAALS =     2141.7898  EEL     =   -16017.5526  HBOND      =        0.0000
 1-4 VDW =        2.5905  1-4 EEL =       45.6849  RESTRAINT  =       96.3573
 EAMBER  =   -12862.6770


   NSTEP       ENERGY          RMS            GMAX         NAME    NUMBER
   1800      -1.2771E+04     3.0237E-02     6.4170E-01     O         557

 BOND    =      954.0423  ANGLE   =        0.7946  DIHED      =        2.5192
 UB      =        0.0000  IMP     =        0.0000  CMAP       =        0.5271
 VDWAALS =     2139.7555  EEL     =   -16013.4336  HBOND      =        0.0000
 1-4 VDW =        2.5978  1-4 EEL =       45.6226  RESTRAINT  =       96.4803
 EAMBER  =   -12867.5746


   NSTEP       ENERGY          RMS            GMAX         NAME    NUMBER
   1850      -1.2772E+04     6.8847E-02     1.6163E+00     C          19

 BOND    =      954.1727  ANGLE   =        0.7752  DIHED      =        2.5133
 UB      =        0.0000  IMP     =        0.0000  CMAP       =        0.5286
 VDWAALS =     2138.3925  EEL     =   -16013.6025  HBOND      =        0.0000
 1-4 VDW =        2.6030  1-4 EEL =       45.5968  RESTRAINT  =       97.4373
 EAMBER  =   -12869.0203


   NSTEP       ENERGY          RMS            GMAX         NAME    NUMBER
   1900      -1.2772E+04     1.1003E-01     1.3638E+00     H2        559

 BOND    =      953.7659  ANGLE   =        0.7889  DIHED      =        2.5177
 UB      =        0.0000  IMP     =        0.0000  CMAP       =        0.5249
 VDWAALS =     2138.6174  EEL     =   -16013.9000  HBOND      =        0.0000
 1-4 VDW =        2.5937  1-4 EEL =       45.6227  RESTRAINT  =       97.6740
 EAMBER  =   -12869.4690


   NSTEP       ENERGY          RMS            GMAX         NAME    NUMBER
   1950      -1.2772E+04     2.0352E-02     3.4651E-01     H1         20

 BOND    =      954.0647  ANGLE   =        0.7983  DIHED      =        2.5204
 UB      =        0.0000  IMP     =        0.0000  CMAP       =        0.5268
 VDWAALS =     2138.6265  EEL     =   -16014.2895  HBOND      =        0.0000
 1-4 VDW =        2.6024  1-4 EEL =       45.6123  RESTRAINT  =       97.6876
 EAMBER  =   -12869.5380


   NSTEP       ENERGY          RMS            GMAX         NAME    NUMBER
   2000      -1.2772E+04     1.3081E-02     3.3185E-01     H1         20

 BOND    =      954.0946  ANGLE   =        0.7908  DIHED      =        2.5188
 UB      =        0.0000  IMP     =        0.0000  CMAP       =        0.5267
 VDWAALS =     2138.6741  EEL     =   -16014.4146  HBOND      =        0.0000
 1-4 VDW =        2.5947  1-4 EEL =       45.6236  RESTRAINT  =       97.7182
 EAMBER  =   -12869.5913


   NSTEP       ENERGY          RMS            GMAX         NAME    NUMBER
   2050      -1.2772E+04     3.1447E-02     7.9570E-01     O        2792

 BOND    =      954.5060  ANGLE   =        0.7926  DIHED      =        2.5195
 UB      =        0.0000  IMP     =        0.0000  CMAP       =        0.5267
 VDWAALS =     2139.1099  EEL     =   -16015.9544  HBOND      =        0.0000
 1-4 VDW =        2.5988  1-4 EEL =       45.6170  RESTRAINT  =       98.2985
 EAMBER  =   -12870.2838


   NSTEP       ENERGY          RMS            GMAX         NAME    NUMBER
   2100      -1.2772E+04     7.3807E-02     1.3223E+00     O        2492

 BOND    =      954.4383  ANGLE   =        0.7931  DIHED      =        2.5195
 UB      =        0.0000  IMP     =        0.0000  CMAP       =        0.5281
 VDWAALS =     2139.1504  EEL     =   -16016.1161  HBOND      =        0.0000
 1-4 VDW =        2.6059  1-4 EEL =       45.6221  RESTRAINT  =       98.4037
 EAMBER  =   -12870.4587

     .... RESTARTED DUE TO LINMIN FAILURE ...

     .... RESTARTED DUE TO LINMIN FAILURE ...


   NSTEP       ENERGY          RMS            GMAX         NAME    NUMBER
   2150      -1.2772E+04     1.2462E-02     3.7544E-01     H2        910

 BOND    =      954.3639  ANGLE   =        0.7919  DIHED      =        2.5194
 UB      =        0.0000  IMP     =        0.0000  CMAP       =        0.5270
 VDWAALS =     2139.2101  EEL     =   -16016.2058  HBOND      =        0.0000
 1-4 VDW =        2.5994  1-4 EEL =       45.6200  RESTRAINT  =       98.4702
 EAMBER  =   -12870.5742


   NSTEP       ENERGY          RMS            GMAX         NAME    NUMBER
   2200      -1.2772E+04     1.4129E-02     3.7157E-01     H2        910

 BOND    =      954.3780  ANGLE   =        0.7927  DIHED      =        2.5197
 UB      =        0.0000  IMP     =        0.0000  CMAP       =        0.5269
 VDWAALS =     2139.2267  EEL     =   -16016.2618  HBOND      =        0.0000
 1-4 VDW =        2.6013  1-4 EEL =       45.6184  RESTRAINT  =       98.4869
 EAMBER  =   -12870.5982

     .... RESTARTED DUE TO LINMIN FAILURE ...


                    FINAL RESULTS



   NSTEP       ENERGY          RMS            GMAX         NAME    NUMBER
   2249      -1.2772E+04     1.1409E-02     3.9125E-01     H2        910

 BOND    =      954.3791  ANGLE   =        0.7923  DIHED      =        2.5196
 UB      =        0.0000  IMP     =        0.0000  CMAP       =        0.5270
 VDWAALS =     2139.2388  EEL     =   -16016.2857  HBOND      =        0.0000
 1-4 VDW =        2.6004  1-4 EEL =       45.6193  RESTRAINT  =       98.4940
 EAMBER  =   -12870.6093

     ***** REPEATED LINMIN FAILURE *****
--------------------------------------------------------------------------------
   5.  TIMINGS
--------------------------------------------------------------------------------

|  NonSetup CPU Time in Major Routines:
|
|     Routine           Sec        %
|     ------------------------------
|     Nonbond           0.19   53.45
|     Bond              0.00    0.00
|     Angle             0.00    0.00
|     Dihedral          0.00    0.00
|     Shake             0.00    0.00
|     Other             0.16   46.55
|     ------------------------------
|     Total             0.35

|  PME Nonbond Pairlist CPU Time:
|
|     Routine              Sec        %
|     ---------------------------------
|     Set Up Cit           0.00    0.00
|     Build List           0.00    0.00
|     ---------------------------------
|     Total                0.00    0.00

|  PME Direct Force CPU Time:
|
|     Routine              Sec        %
|     ---------------------------------
|     NonBonded Calc       0.00    0.00
|     Exclude Masked       0.00    0.00
|     Other                0.00    0.75
|     ---------------------------------
|     Total                0.00    0.75

|  PME Reciprocal Force CPU Time:
|
|     Routine              Sec        %
|     ---------------------------------
|     1D bspline           0.00    0.00
|     Grid Charges         0.00    0.00
|     Scalar Sum           0.00    0.00
|     Gradient Sum         0.00    0.00
|     FFT                  0.00    0.00
|     ---------------------------------
|     Total                0.00    0.00

|  Setup CPU time:            0.18 seconds
|  NonSetup CPU time:         0.35 seconds
|  Total CPU time:            0.53 seconds     0.00 hours

|  Setup wall time:           1    seconds
|  NonSetup wall time:        0    seconds
|  Total wall time:           1    seconds     0.00 hours
