
          -------------------------------------------------------
          Amber 24 PMEMD                              2024
          -------------------------------------------------------

| PMEMD implementation of SANDER, Release 24

|  Compiled date/time: Wed Aug 21 09:34:12 2024
| Run on 06/01/2026 at 23:17:45

|   Executable path: pmemd.cuda
| Working directory: /localscratch/kbui/NexusMol/examples
|          Hostname: Unknown
  [-O]verwriting output

File Assignments:
|   MDIN: /localscratch/kbui/NexusMol/examples/artifacts/AMBER_DiAla/min4.in    
|  MDOUT: /localscratch/kbui/NexusMol/examples/artifacts/AMBER_DiAla/min4.out   
| INPCRD: /localscratch/kbui/NexusMol/examples/artifacts/AMBER_DiAla/min3.ncrst 
|   PARM: /localscratch/kbui/NexusMol/examples/ALA.prmtop                       
| RESTRT: /localscratch/kbui/NexusMol/examples/artifacts/AMBER_DiAla/min4.ncrst 
|   REFC: /localscratch/kbui/NexusMol/examples/artifacts/AMBER_DiAla/min3.ncrst 
|  MDVEL: mdvel                                                                 
|   MDEN: mden                                                                  
|  MDCRD: /localscratch/kbui/NexusMol/examples/artifacts/AMBER_DiAla/min4.nc    
| MDINFO: /localscratch/kbui/NexusMol/examples/artifacts/AMBER_DiAla/min4.info  
|  MDFRC: mdfrc                                                                 


 Here is the input file:

Minimization                                                                   
&cntrl                                                                         
  imin=1,                                                                      
  ncyc=1000,                                                                   
  maxcyc=5000,                                                                 
  ntpr=50,                                                                     
  cut=10.0,                                                                    
  iwrap=1,                                                                     
  ntr=1,                                                                       
  restraint_wt=1.0,                                                            
  restraintmask='!@H=',                                                        
/                                                                              


Note: ig = -1. Setting random seed to    14442 based on wallclock time in 
      microseconds.
| irandom = 1, using AMBER's internal random number generator (default).
 
|--------------------- INFORMATION ----------------------
| GPU (CUDA) Version of PMEMD in use: NVIDIA GPU IN USE.
|                    Version 18.0.0
| 
|                      03/25/2018
| 
| Implementation by:
|                    Ross C. Walker     (SDSC)
|                    Scott Le Grand     (nVIDIA)
| 
| Version 18 performance extensions by:
|                    David Cerutti     (Rutgers)
| 
| Precision model in use:
|      [SPFP] - Single Precision Forces, 64-bit Fixed Point
|               Accumulation. (Default)
| 
|--------------------------------------------------------
 
|----------------- CITATION INFORMATION -----------------
|
|    When publishing work that utilized the CUDA version
|    of AMBER, please cite the following in addition to
|    the regular AMBER citations:
|
|  - Romelia Salomon-Ferrer; Andreas W. Goetz; Duncan
|    Poole; Scott Le Grand; Ross C. Walker "Routine
|    microsecond molecular dynamics simulations with
|    AMBER - Part II: Particle Mesh Ewald", J. Chem.
|    Theory Comput., 2013, 9 (9), pp3878-3888,
|    DOI: 10.1021/ct400314y.
|
|  - Andreas W. Goetz; Mark J. Williamson; Dong Xu;
|    Duncan Poole; Scott Le Grand; Ross C. Walker
|    "Routine microsecond molecular dynamics simulations
|    with AMBER - Part I: Generalized Born", J. Chem.
|    Theory Comput., 2012, 8 (5), pp1542-1555.
|
|  - Scott Le Grand; Andreas W. Goetz; Ross C. Walker
|    "SPFP: Speed without compromise - a mixed precision
|    model for GPU accelerated molecular dynamics
|    simulations.", Comp. Phys. Comm., 2013, 184
|    pp374-380, DOI: 10.1016/j.cpc.2012.09.022
|
|--------------------------------------------------------
 
|------------------- GPU DEVICE INFO --------------------
|
|            CUDA_VISIBLE_DEVICES: not set
|   CUDA Capable Devices Detected:      1
|           CUDA Device ID in use:      0
|                CUDA Device Name: NVIDIA GeForce RTX 4090
|     CUDA Device Global Mem Size:  24079 MB
| CUDA Device Num Multiprocessors:    128
|           CUDA Device Core Freq:   2.62 GHz
|
|--------------------------------------------------------
 
 
| Conditional Compilation Defines Used:
| PUBFFT
| BINTRAJ
| CUDA
| EMIL

| Largest sphere to fit in unit cell has radius =    14.010

| New format PARM file being parsed.
| Version =    1.000 Date = 03/28/26 Time = 21:23:47

| Note: 1-4 EEL scale factors are being read from the topology file.

| Note: 1-4 VDW scale factors are being read from the topology file.
| Duplicated    0 dihedrals

| Duplicated    0 dihedrals

--------------------------------------------------------------------------------
   1.  RESOURCE   USE: 
--------------------------------------------------------------------------------

 getting box info from netcdf restart file
 NATOM  =    3064 NTYPES =       9 NBONH =    3054 MBONA  =       9
 NTHETH =      25 MTHETA =      11 NPHIH =      43 MPHIA  =      24
 NHPARM =       0 NPARM  =       0 NNB   =    4155 NRES   =    1017
 NBONA  =       9 NTHETA =      11 NPHIA =      24 NUMBND =      13
 NUMANG =      21 NPTRA  =      14 NATYP =      10 NPHB   =       0
 IFBOX  =       2 NMXRS  =      10 IFCAP =       0 NEXTRA =       0
 NCOPY  =       0

| Coordinate Index Table dimensions:     5    5    5
| Direct force subcell size =     6.8634    6.8634    6.8634

     BOX TYPE: TRUNCATED OCTAHEDRON

--------------------------------------------------------------------------------
   2.  CONTROL  DATA  FOR  THE  RUN
--------------------------------------------------------------------------------

ACE                                                                             

General flags:
     imin    =       1, nmropt  =       0

Nature and format of input:
     ntx     =       1, irest   =       0, ntrx    =       1

Nature and format of output:
     ntxo    =       2, ntpr    =      50, ntrx    =       1, ntwr    =       1
     iwrap   =       1, ntwx    =       0, ntwv    =       0, ntwe    =       0
     ioutfm  =       1, ntwprt  =       0, idecomp =       0, rbornstat=      0

Potential function:
     ntf     =       1, ntb     =       1, igb     =       0, nsnb    =      25
     ipol    =       0, gbsa    =       0, iesp    =       0
     dielc   =   1.00000, cut     =  10.00000, intdiel =   1.00000

Frozen or restrained atoms:
     ibelly  =       0, ntr     =       1
     restraint_wt =   1.00000

Energy minimization:
     maxcyc  =    5000, ncyc    =    1000, ntmin   =       1
     dx0     =   0.01000, drms    =   0.00010

| Intermolecular bonds treatment:
|     no_intermolecular_bonds =       1

| Energy averages sample interval:
|     ene_avg_sampling =       1

Ewald parameters:
     verbose =       0, ew_type =       0, nbflag  =       1, use_pme =       1
     vdwmeth =       1, eedmeth =       1, netfrc  =       0
     Box X =   34.317   Box Y =   34.317   Box Z =   34.317
     Alpha =  109.471   Beta  =  109.471   Gamma =  109.471
     NFFT1 =   36       NFFT2 =   36       NFFT3 =   36
     Cutoff=   10.000   Tol   =0.100E-04
     Ewald Coefficient =  0.27511
     Interpolation order =    4

    LOADING THE CONSTRAINED ATOMS AS GROUPS


   5.  REFERENCE ATOM COORDINATES

  ACE                                                                             
     Mask !@H=; matches  1024 atoms

--------------------------------------------------------------------------------
   3.  ATOMIC COORDINATES AND VELOCITIES
--------------------------------------------------------------------------------

ACE                                                                             
 begin time read from input coords =     0.000 ps

 
 Number of triangulated 3-point waters found:     1014

     Sum of charges from parm topology file =  -0.00000000
     Forcing neutrality...

| Dynamic Memory, Types Used:
| Reals              225609
| Integers            95792

| Nonbonded Pairs Initial Allocation:      926783

| GPU memory information (estimate):
| KB of GPU memory in use:     31936
| KB of CPU memory in use:     13036

--------------------------------------------------------------------------------
   4.  RESULTS
--------------------------------------------------------------------------------



   NSTEP       ENERGY          RMS            GMAX         NAME    NUMBER
      1      -1.2871E+04     2.9340E-01     2.3814E+00     O         395

 BOND    =      954.3791  ANGLE   =        0.7923  DIHED      =        2.5196
 UB      =        0.0000  IMP     =        0.0000  CMAP       =        0.5270
 VDWAALS =     2139.2388  EEL     =   -16016.2858  HBOND      =        0.0000
 1-4 VDW =        2.6004  1-4 EEL =       45.6193  RESTRAINT  =        0.0000


   NSTEP       ENERGY          RMS            GMAX         NAME    NUMBER
     50      -1.2881E+04     5.3112E-01     4.0137E+00     H2        910

 BOND    =      957.2501  ANGLE   =        0.8014  DIHED      =        2.5160
 UB      =        0.0000  IMP     =        0.0000  CMAP       =        0.5287
 VDWAALS =     2160.7624  EEL     =   -16051.6670  HBOND      =        0.0000
 1-4 VDW =        2.5923  1-4 EEL =       45.6077  RESTRAINT  =        0.2297
 EAMBER  =   -12881.6084


   NSTEP       ENERGY          RMS            GMAX         NAME    NUMBER
    100      -1.2889E+04     1.9064E-01     1.2278E+00     H1        363

 BOND    =      964.3705  ANGLE   =        0.8040  DIHED      =        2.5169
 UB      =        0.0000  IMP     =        0.0000  CMAP       =        0.5320
 VDWAALS =     2175.6840  EEL     =   -16082.2114  HBOND      =        0.0000
 1-4 VDW =        2.5898  1-4 EEL =       45.5991  RESTRAINT  =        0.6680
 EAMBER  =   -12890.1151


   NSTEP       ENERGY          RMS            GMAX         NAME    NUMBER
    150      -1.2896E+04     4.4543E-01     2.9375E+00     H1        504

 BOND    =      970.6399  ANGLE   =        0.8052  DIHED      =        2.5178
 UB      =        0.0000  IMP     =        0.0000  CMAP       =        0.5357
 VDWAALS =     2188.3397  EEL     =   -16107.8180  HBOND      =        0.0000
 1-4 VDW =        2.5894  1-4 EEL =       45.5926  RESTRAINT  =        1.2346
 EAMBER  =   -12896.7977


   NSTEP       ENERGY          RMS            GMAX         NAME    NUMBER
    200      -1.2901E+04     1.5270E-01     9.2147E-01     H2        910

 BOND    =      966.0517  ANGLE   =        0.8053  DIHED      =        2.5184
 UB      =        0.0000  IMP     =        0.0000  CMAP       =        0.5385
 VDWAALS =     2199.1746  EEL     =   -16120.1408  HBOND      =        0.0000
 1-4 VDW =        2.5885  1-4 EEL =       45.5895  RESTRAINT  =        1.8736
 EAMBER  =   -12902.8743


   NSTEP       ENERGY          RMS            GMAX         NAME    NUMBER
    250      -1.2905E+04     3.9398E-01     2.7100E+00     H1        504

 BOND    =      963.5816  ANGLE   =        0.8036  DIHED      =        2.5189
 UB      =        0.0000  IMP     =        0.0000  CMAP       =        0.5410
 VDWAALS =     2208.8819  EEL     =   -16132.3938  HBOND      =        0.0000
 1-4 VDW =        2.5881  1-4 EEL =       45.5865  RESTRAINT  =        2.5869
 EAMBER  =   -12907.8922


   NSTEP       ENERGY          RMS            GMAX         NAME    NUMBER
    300      -1.2909E+04     1.3500E-01     8.6433E-01     H2        910

 BOND    =      972.4419  ANGLE   =        0.8069  DIHED      =        2.5197
 UB      =        0.0000  IMP     =        0.0000  CMAP       =        0.5442
 VDWAALS =     2217.4789  EEL     =   -16154.6292  HBOND      =        0.0000
 1-4 VDW =        2.5887  1-4 EEL =       45.5799  RESTRAINT  =        3.3470
 EAMBER  =   -12912.6690


   NSTEP       ENERGY          RMS            GMAX         NAME    NUMBER
    350      -1.2913E+04     9.9193E-02     8.0530E-01     H2        910

 BOND    =      971.6133  ANGLE   =        0.8053  DIHED      =        2.5201
 UB      =        0.0000  IMP     =        0.0000  CMAP       =        0.5462
 VDWAALS =     2225.2747  EEL     =   -16165.7438  HBOND      =        0.0000
 1-4 VDW =        2.5887  1-4 EEL =       45.5770  RESTRAINT  =        4.1447
 EAMBER  =   -12916.8186


   NSTEP       ENERGY          RMS            GMAX         NAME    NUMBER
    400      -1.2916E+04     1.9946E-01     2.2392E+00     C          15

 BOND    =      970.0151  ANGLE   =        0.8022  DIHED      =        2.5203
 UB      =        0.0000  IMP     =        0.0000  CMAP       =        0.5477
 VDWAALS =     2232.2213  EEL     =   -16174.7716  HBOND      =        0.0000
 1-4 VDW =        2.5883  1-4 EEL =       45.5754  RESTRAINT  =        4.9526
 EAMBER  =   -12920.5013


   NSTEP       ENERGY          RMS            GMAX         NAME    NUMBER
    450      -1.2918E+04     2.8128E-01     4.5060E+00     C          15

 BOND    =      969.2498  ANGLE   =        0.7997  DIHED      =        2.5204
 UB      =        0.0000  IMP     =        0.0000  CMAP       =        0.5490
 VDWAALS =     2238.4687  EEL     =   -16183.5588  HBOND      =        0.0000
 1-4 VDW =        2.5877  1-4 EEL =       45.5744  RESTRAINT  =        5.7679
 EAMBER  =   -12923.8091


   NSTEP       ENERGY          RMS            GMAX         NAME    NUMBER
    500      -1.2920E+04     8.2083E-02     8.0431E-01     C          15

 BOND    =      976.4107  ANGLE   =        0.8072  DIHED      =        2.5212
 UB      =        0.0000  IMP     =        0.0000  CMAP       =        0.5522
 VDWAALS =     2244.0346  EEL     =   -16199.4164  HBOND      =        0.0000
 1-4 VDW =        2.5888  1-4 EEL =       45.5658  RESTRAINT  =        6.5711
 EAMBER  =   -12926.9359


   NSTEP       ENERGY          RMS            GMAX         NAME    NUMBER
    550      -1.2922E+04     2.4544E-01     6.4261E+00     C          15

 BOND    =      981.6545  ANGLE   =        0.8173  DIHED      =        2.5220
 UB      =        0.0000  IMP     =        0.0000  CMAP       =        0.5554
 VDWAALS =     2249.1920  EEL     =   -16212.5629  HBOND      =        0.0000
 1-4 VDW =        2.5904  1-4 EEL =       45.5568  RESTRAINT  =        7.3854
 EAMBER  =   -12929.6744


   NSTEP       ENERGY          RMS            GMAX         NAME    NUMBER
    600      -1.2924E+04     7.0895E-02     6.0750E-01     C          15

 BOND    =      977.1797  ANGLE   =        0.8057  DIHED      =        2.5214
 UB      =        0.0000  IMP     =        0.0000  CMAP       =        0.5551
 VDWAALS =     2253.7145  EEL     =   -16215.1385  HBOND      =        0.0000
 1-4 VDW =        2.5882  1-4 EEL =       45.5620  RESTRAINT  =        8.1573
 EAMBER  =   -12932.2120


   NSTEP       ENERGY          RMS            GMAX         NAME    NUMBER
    650      -1.2926E+04     2.1172E-01     7.9035E+00     C          15

 BOND    =      974.9440  ANGLE   =        0.8023  DIHED      =        2.5207
 UB      =        0.0000  IMP     =        0.0000  CMAP       =        0.5546
 VDWAALS =     2258.0923  EEL     =   -16219.5946  HBOND      =        0.0000
 1-4 VDW =        2.5853  1-4 EEL =       45.5677  RESTRAINT  =        8.9628
 EAMBER  =   -12934.5278


   NSTEP       ENERGY          RMS            GMAX         NAME    NUMBER
    700      -1.2927E+04     3.0262E-01     1.2989E+01     C          15

 BOND    =      974.7906  ANGLE   =        0.8054  DIHED      =        2.5201
 UB      =        0.0000  IMP     =        0.0000  CMAP       =        0.5547
 VDWAALS =     2262.0247  EEL     =   -16225.4836  HBOND      =        0.0000
 1-4 VDW =        2.5829  1-4 EEL =       45.5715  RESTRAINT  =        9.7360
 EAMBER  =   -12936.6337


   NSTEP       ENERGY          RMS            GMAX         NAME    NUMBER
    750      -1.2928E+04     1.9365E-01     9.1084E+00     C          15

 BOND    =      981.8507  ANGLE   =        0.8200  DIHED      =        2.5230
 UB      =        0.0000  IMP     =        0.0000  CMAP       =        0.5623
 VDWAALS =     2265.7489  EEL     =   -16238.4225  HBOND      =        0.0000
 1-4 VDW =        2.5918  1-4 EEL =       45.5434  RESTRAINT  =       10.5171
 EAMBER  =   -12938.7825


   NSTEP       ENERGY          RMS            GMAX         NAME    NUMBER
    800      -1.2929E+04     2.6047E-01     1.2812E+01     C          15

 BOND    =      982.7957  ANGLE   =        0.8277  DIHED      =        2.5236
 UB      =        0.0000  IMP     =        0.0000  CMAP       =        0.5647
 VDWAALS =     2269.0382  EEL     =   -16244.4371  HBOND      =        0.0000
 1-4 VDW =        2.5935  1-4 EEL =       45.5370  RESTRAINT  =       11.2467
 EAMBER  =   -12940.5567


   NSTEP       ENERGY          RMS            GMAX         NAME    NUMBER
    850      -1.2930E+04     1.5811E-01     7.5910E+00     C          15

 BOND    =      980.1207  ANGLE   =        0.8063  DIHED      =        2.5208
 UB      =        0.0000  IMP     =        0.0000  CMAP       =        0.5606
 VDWAALS =     2272.1964  EEL     =   -16246.7720  HBOND      =        0.0000
 1-4 VDW =        2.5837  1-4 EEL =       45.5597  RESTRAINT  =       11.9807
 EAMBER  =   -12942.4239


   NSTEP       ENERGY          RMS            GMAX         NAME    NUMBER
    900      -1.2931E+04     5.2502E-02     8.4931E-01     C          15

 BOND    =      981.6207  ANGLE   =        0.8080  DIHED      =        2.5219
 UB      =        0.0000  IMP     =        0.0000  CMAP       =        0.5643
 VDWAALS =     2275.0545  EEL     =   -16252.7613  HBOND      =        0.0000
 1-4 VDW =        2.5874  1-4 EEL =       45.5476  RESTRAINT  =       12.6803
 EAMBER  =   -12944.0569


   NSTEP       ENERGY          RMS            GMAX         NAME    NUMBER
    950      -1.2932E+04     8.2578E-02     3.5352E+00     C          15

 BOND    =      982.2844  ANGLE   =        0.8106  DIHED      =        2.5223
 UB      =        0.0000  IMP     =        0.0000  CMAP       =        0.5665
 VDWAALS =     2277.8261  EEL     =   -16257.8098  HBOND      =        0.0000
 1-4 VDW =        2.5884  1-4 EEL =       45.5427  RESTRAINT  =       13.3868
 EAMBER  =   -12945.6689


   NSTEP       ENERGY          RMS            GMAX         NAME    NUMBER
   1000      -1.2933E+04     1.8950E-01     9.5796E+00     C          15

 BOND    =      983.0287  ANGLE   =        0.8196  DIHED      =        2.5231
 UB      =        0.0000  IMP     =        0.0000  CMAP       =        0.5695
 VDWAALS =     2280.3417  EEL     =   -16262.5271  HBOND      =        0.0000
 1-4 VDW =        2.5912  1-4 EEL =       45.5338  RESTRAINT  =       14.0543
 EAMBER  =   -12947.1196


   NSTEP       ENERGY          RMS            GMAX         NAME    NUMBER
   1050      -1.2943E+04     8.8928E-02     2.1281E+00     O        1628

 BOND    =      992.7773  ANGLE   =        0.8097  DIHED      =        2.5195
 UB      =        0.0000  IMP     =        0.0000  CMAP       =        0.5933
 VDWAALS =     2329.1251  EEL     =   -16348.3092  HBOND      =        0.0000
 1-4 VDW =        2.5764  1-4 EEL =       45.5387  RESTRAINT  =       30.9329
 EAMBER  =   -12974.3691


   NSTEP       ENERGY          RMS            GMAX         NAME    NUMBER
   1100      -1.2946E+04     8.7150E-02     1.6935E+00     CH3         2

 BOND    =      993.2490  ANGLE   =        0.8000  DIHED      =        2.5189
 UB      =        0.0000  IMP     =        0.0000  CMAP       =        0.6010
 VDWAALS =     2329.1205  EEL     =   -16351.1408  HBOND      =        0.0000
 1-4 VDW =        2.5656  1-4 EEL =       45.5210  RESTRAINT  =       31.0470
 EAMBER  =   -12976.7649

     .... RESTARTED DUE TO LINMIN FAILURE ...


   NSTEP       ENERGY          RMS            GMAX         NAME    NUMBER
   1150      -1.2946E+04     1.2599E-01     3.3728E+00     CB         11

 BOND    =      992.1093  ANGLE   =        0.7820  DIHED      =        2.5296
 UB      =        0.0000  IMP     =        0.0000  CMAP       =        0.5952
 VDWAALS =     2326.3714  EEL     =   -16349.2151  HBOND      =        0.0000
 1-4 VDW =        2.5711  1-4 EEL =       45.5322  RESTRAINT  =       32.2407
 EAMBER  =   -12978.7244


   NSTEP       ENERGY          RMS            GMAX         NAME    NUMBER
   1200      -1.2947E+04     8.5961E-02     2.3474E+00     H           8

 BOND    =      991.8024  ANGLE   =        0.8045  DIHED      =        2.5107
 UB      =        0.0000  IMP     =        0.0000  CMAP       =        0.6108
 VDWAALS =     2329.1001  EEL     =   -16352.7413  HBOND      =        0.0000
 1-4 VDW =        2.5689  1-4 EEL =       45.5401  RESTRAINT  =       32.6517
 EAMBER  =   -12979.8039


   NSTEP       ENERGY          RMS            GMAX         NAME    NUMBER
   1250      -1.2949E+04     7.9896E-02     1.8318E+00     O        2201

 BOND    =      992.8306  ANGLE   =        0.8176  DIHED      =        2.5154
 UB      =        0.0000  IMP     =        0.0000  CMAP       =        0.6167
 VDWAALS =     2330.4989  EEL     =   -16359.6396  HBOND      =        0.0000
 1-4 VDW =        2.5696  1-4 EEL =       45.5285  RESTRAINT  =       35.2107
 EAMBER  =   -12984.2622

     .... RESTARTED DUE TO LINMIN FAILURE ...


   NSTEP       ENERGY          RMS            GMAX         NAME    NUMBER
   1300      -1.2950E+04     5.1536E-02     1.1654E+00     H           8

 BOND    =      992.3543  ANGLE   =        0.8386  DIHED      =        2.5139
 UB      =        0.0000  IMP     =        0.0000  CMAP       =        0.6181
 VDWAALS =     2330.5548  EEL     =   -16360.8205  HBOND      =        0.0000
 1-4 VDW =        2.5684  1-4 EEL =       45.5419  RESTRAINT  =       35.9746
 EAMBER  =   -12985.8306


   NSTEP       ENERGY          RMS            GMAX         NAME    NUMBER
   1350      -1.2951E+04     2.5377E-01     5.4383E+00     H1       1965

 BOND    =      993.8700  ANGLE   =        0.8553  DIHED      =        2.5030
 UB      =        0.0000  IMP     =        0.0000  CMAP       =        0.6340
 VDWAALS =     2331.5671  EEL     =   -16366.6874  HBOND      =        0.0000
 1-4 VDW =        2.5690  1-4 EEL =       45.6334  RESTRAINT  =       37.9698
 EAMBER  =   -12989.0557


   NSTEP       ENERGY          RMS            GMAX         NAME    NUMBER
   1400      -1.2952E+04     5.0174E-02     1.2070E+00     N          17

 BOND    =      993.1305  ANGLE   =        0.8418  DIHED      =        2.5058
 UB      =        0.0000  IMP     =        0.0000  CMAP       =        0.6300
 VDWAALS =     2332.4927  EEL     =   -16367.7857  HBOND      =        0.0000
 1-4 VDW =        2.5694  1-4 EEL =       45.5336  RESTRAINT  =       38.3855
 EAMBER  =   -12990.0819


   NSTEP       ENERGY          RMS            GMAX         NAME    NUMBER
   1450      -1.2954E+04     5.4117E-02     1.2713E+00     C          15

 BOND    =      993.7581  ANGLE   =        0.8261  DIHED      =        2.5177
 UB      =        0.0000  IMP     =        0.0000  CMAP       =        0.6207
 VDWAALS =     2335.4451  EEL     =   -16375.2891  HBOND      =        0.0000
 1-4 VDW =        2.5728  1-4 EEL =       45.5876  RESTRAINT  =       40.3237
 EAMBER  =   -12993.9610


   NSTEP       ENERGY          RMS            GMAX         NAME    NUMBER
   1500      -1.2955E+04     5.1173E-02     1.5804E+00     CA          9

 BOND    =      994.2364  ANGLE   =        0.8279  DIHED      =        2.5113
 UB      =        0.0000  IMP     =        0.0000  CMAP       =        0.6296
 VDWAALS =     2336.6203  EEL     =   -16380.2340  HBOND      =        0.0000
 1-4 VDW =        2.5619  1-4 EEL =       45.5605  RESTRAINT  =       42.2782
 EAMBER  =   -12997.2861


   NSTEP       ENERGY          RMS            GMAX         NAME    NUMBER
   1550      -1.2955E+04     3.8353E-02     1.0638E+00     H2       1081

 BOND    =      994.1422  ANGLE   =        0.8164  DIHED      =        2.5108
 UB      =        0.0000  IMP     =        0.0000  CMAP       =        0.6281
 VDWAALS =     2336.5859  EEL     =   -16380.1433  HBOND      =        0.0000
 1-4 VDW =        2.5636  1-4 EEL =       45.5622  RESTRAINT  =       42.3002
 EAMBER  =   -12997.3343


   NSTEP       ENERGY          RMS            GMAX         NAME    NUMBER
   1600      -1.2958E+04     6.7714E-02     1.6267E+00     C           5

 BOND    =      994.6178  ANGLE   =        0.8307  DIHED      =        2.5075
 UB      =        0.0000  IMP     =        0.0000  CMAP       =        0.6369
 VDWAALS =     2338.5774  EEL     =   -16390.6903  HBOND      =        0.0000
 1-4 VDW =        2.5591  1-4 EEL =       45.5730  RESTRAINT  =       47.2905
 EAMBER  =   -13005.3880

     .... RESTARTED DUE TO LINMIN FAILURE ...


   NSTEP       ENERGY          RMS            GMAX         NAME    NUMBER
   1650      -1.2959E+04     4.0384E-02     8.3383E-01     H           8

 BOND    =      994.5585  ANGLE   =        0.8236  DIHED      =        2.5130
 UB      =        0.0000  IMP     =        0.0000  CMAP       =        0.6303
 VDWAALS =     2338.6153  EEL     =   -16391.8022  HBOND      =        0.0000
 1-4 VDW =        2.5646  1-4 EEL =       45.5596  RESTRAINT  =       47.7516
 EAMBER  =   -13006.5373


   NSTEP       ENERGY          RMS            GMAX         NAME    NUMBER
   1700      -1.2961E+04     6.7887E-02     1.2717E+00     H1        186

 BOND    =      995.8826  ANGLE   =        0.8103  DIHED      =        2.5295
 UB      =        0.0000  IMP     =        0.0000  CMAP       =        0.6224
 VDWAALS =     2341.0999  EEL     =   -16400.1224  HBOND      =        0.0000
 1-4 VDW =        2.5606  1-4 EEL =       45.5706  RESTRAINT  =       50.2109
 EAMBER  =   -13011.0465


   NSTEP       ENERGY          RMS            GMAX         NAME    NUMBER
   1750      -1.2960E+04     6.2423E-01     1.7208E+01     CB         11

 BOND    =      997.2427  ANGLE   =        1.2237  DIHED      =        2.5087
 UB      =        0.0000  IMP     =        0.0000  CMAP       =        0.7444
 VDWAALS =     2342.0431  EEL     =   -16403.7632  HBOND      =        0.0000
 1-4 VDW =        2.5138  1-4 EEL =       45.3407  RESTRAINT  =       51.8830
 EAMBER  =   -13012.1460


   NSTEP       ENERGY          RMS            GMAX         NAME    NUMBER
   1800      -1.2962E+04     5.9942E-02     1.4248E+00     C          19

 BOND    =      995.5973  ANGLE   =        0.8211  DIHED      =        2.5178
 UB      =        0.0000  IMP     =        0.0000  CMAP       =        0.6303
 VDWAALS =     2341.9182  EEL     =   -16404.0208  HBOND      =        0.0000
 1-4 VDW =        2.5637  1-4 EEL =       45.5547  RESTRAINT  =       52.4790
 EAMBER  =   -13014.4177


   NSTEP       ENERGY          RMS            GMAX         NAME    NUMBER
   1850      -1.2962E+04     8.2714E-02     1.7154E+00     O        2765

 BOND    =      995.7398  ANGLE   =        0.8111  DIHED      =        2.5190
 UB      =        0.0000  IMP     =        0.0000  CMAP       =        0.6298
 VDWAALS =     2341.3258  EEL     =   -16405.1557  HBOND      =        0.0000
 1-4 VDW =        2.5660  1-4 EEL =       45.5806  RESTRAINT  =       53.5199
 EAMBER  =   -13015.9837


   NSTEP       ENERGY          RMS            GMAX         NAME    NUMBER
   1900      -1.2963E+04     4.0594E-02     7.1459E-01     C          15

 BOND    =      995.8395  ANGLE   =        0.8244  DIHED      =        2.5227
 UB      =        0.0000  IMP     =        0.0000  CMAP       =        0.6290
 VDWAALS =     2341.0948  EEL     =   -16406.4754  HBOND      =        0.0000
 1-4 VDW =        2.5616  1-4 EEL =       45.5843  RESTRAINT  =       54.4478
 EAMBER  =   -13017.4191


   NSTEP       ENERGY          RMS            GMAX         NAME    NUMBER
   1950      -1.2963E+04     6.5317E-01     2.4706E+01     C          15

 BOND    =      993.9760  ANGLE   =        0.8354  DIHED      =        2.5020
 UB      =        0.0000  IMP     =        0.0000  CMAP       =        0.6372
 VDWAALS =     2340.7439  EEL     =   -16405.4358  HBOND      =        0.0000
 1-4 VDW =        2.5601  1-4 EEL =       45.6337  RESTRAINT  =       55.7054
 EAMBER  =   -13018.5475


   NSTEP       ENERGY          RMS            GMAX         NAME    NUMBER
   2000      -1.2964E+04     1.4376E-01     4.4385E+00     C          15

 BOND    =      996.3538  ANGLE   =        0.7805  DIHED      =        2.5230
 UB      =        0.0000  IMP     =        0.0000  CMAP       =        0.6212
 VDWAALS =     2341.2425  EEL     =   -16410.9428  HBOND      =        0.0000
 1-4 VDW =        2.5629  1-4 EEL =       45.5047  RESTRAINT  =       57.1582
 EAMBER  =   -13021.3543

     .... RESTARTED DUE TO LINMIN FAILURE ...


   NSTEP       ENERGY          RMS            GMAX         NAME    NUMBER
   2050      -1.2965E+04     2.5369E-02     6.2578E-01     CA          9

 BOND    =      996.5677  ANGLE   =        0.8109  DIHED      =        2.5110
 UB      =        0.0000  IMP     =        0.0000  CMAP       =        0.6354
 VDWAALS =     2342.0366  EEL     =   -16414.0248  HBOND      =        0.0000
 1-4 VDW =        2.5581  1-4 EEL =       45.5501  RESTRAINT  =       58.5190
 EAMBER  =   -13023.3550


   NSTEP       ENERGY          RMS            GMAX         NAME    NUMBER
   2100      -1.2965E+04     4.4452E-02     1.4197E+00     C           5

 BOND    =      996.5975  ANGLE   =        0.8287  DIHED      =        2.5114
 UB      =        0.0000  IMP     =        0.0000  CMAP       =        0.6357
 VDWAALS =     2342.1918  EEL     =   -16414.5899  HBOND      =        0.0000
 1-4 VDW =        2.5627  1-4 EEL =       45.5633  RESTRAINT  =       58.7372
 EAMBER  =   -13023.6988

     .... RESTARTED DUE TO LINMIN FAILURE ...


                    FINAL RESULTS



   NSTEP       ENERGY          RMS            GMAX         NAME    NUMBER
   2122      -1.2965E+04     1.6215E-02     4.2311E-01     H1       1434

 BOND    =      996.6245  ANGLE   =        0.8211  DIHED      =        2.5110
 UB      =        0.0000  IMP     =        0.0000  CMAP       =        0.6360
 VDWAALS =     2342.2022  EEL     =   -16414.6314  HBOND      =        0.0000
 1-4 VDW =        2.5617  1-4 EEL =       45.5591  RESTRAINT  =       58.7461
 EAMBER  =   -13023.7158

     ***** REPEATED LINMIN FAILURE *****
--------------------------------------------------------------------------------
   5.  TIMINGS
--------------------------------------------------------------------------------

|  NonSetup CPU Time in Major Routines:
|
|     Routine           Sec        %
|     ------------------------------
|     Nonbond           0.18   52.81
|     Bond              0.00    0.00
|     Angle             0.00    0.00
|     Dihedral          0.00    0.00
|     Shake             0.00    0.00
|     Other             0.16   47.19
|     ------------------------------
|     Total             0.33

|  PME Nonbond Pairlist CPU Time:
|
|     Routine              Sec        %
|     ---------------------------------
|     Set Up Cit           0.00    0.00
|     Build List           0.00    0.00
|     ---------------------------------
|     Total                0.00    0.00

|  PME Direct Force CPU Time:
|
|     Routine              Sec        %
|     ---------------------------------
|     NonBonded Calc       0.00    0.00
|     Exclude Masked       0.00    0.00
|     Other                0.00    0.77
|     ---------------------------------
|     Total                0.00    0.77

|  PME Reciprocal Force CPU Time:
|
|     Routine              Sec        %
|     ---------------------------------
|     1D bspline           0.00    0.00
|     Grid Charges         0.00    0.00
|     Scalar Sum           0.00    0.00
|     Gradient Sum         0.00    0.00
|     FFT                  0.00    0.00
|     ---------------------------------
|     Total                0.00    0.00

|  Setup CPU time:            0.18 seconds
|  NonSetup CPU time:         0.33 seconds
|  Total CPU time:            0.51 seconds     0.00 hours

|  Setup wall time:           0    seconds
|  NonSetup wall time:        1    seconds
|  Total wall time:           1    seconds     0.00 hours
