
          -------------------------------------------------------
          Amber 24 PMEMD                              2024
          -------------------------------------------------------

| PMEMD implementation of SANDER, Release 24

|  Compiled date/time: Wed Aug 21 09:34:12 2024
| Run on 06/01/2026 at 23:17:45

|   Executable path: pmemd.cuda
| Working directory: /localscratch/kbui/NexusMol/examples
|          Hostname: Unknown
  [-O]verwriting output

File Assignments:
|   MDIN: /localscratch/kbui/NexusMol/examples/artifacts/AMBER_DiAla/min5.in    
|  MDOUT: /localscratch/kbui/NexusMol/examples/artifacts/AMBER_DiAla/min5.out   
| INPCRD: /localscratch/kbui/NexusMol/examples/artifacts/AMBER_DiAla/min4.ncrst 
|   PARM: /localscratch/kbui/NexusMol/examples/ALA.prmtop                       
| RESTRT: /localscratch/kbui/NexusMol/examples/artifacts/AMBER_DiAla/min5.ncrst 
|   REFC: /localscratch/kbui/NexusMol/examples/artifacts/AMBER_DiAla/min4.ncrst 
|  MDVEL: mdvel                                                                 
|   MDEN: mden                                                                  
|  MDCRD: /localscratch/kbui/NexusMol/examples/artifacts/AMBER_DiAla/min5.nc    
| MDINFO: /localscratch/kbui/NexusMol/examples/artifacts/AMBER_DiAla/min5.info  
|  MDFRC: mdfrc                                                                 


 Here is the input file:

Minimization                                                                   
&cntrl                                                                         
  imin=1,                                                                      
  ncyc=1000,                                                                   
  maxcyc=5000,                                                                 
  ntpr=50,                                                                     
  cut=10.0,                                                                    
  iwrap=1,                                                                     
  ntr=1,                                                                       
  restraint_wt=0.5,                                                            
  restraintmask='!@H=',                                                        
/                                                                              


Note: ig = -1. Setting random seed to   615290 based on wallclock time in 
      microseconds.
| irandom = 1, using AMBER's internal random number generator (default).
 
|--------------------- INFORMATION ----------------------
| GPU (CUDA) Version of PMEMD in use: NVIDIA GPU IN USE.
|                    Version 18.0.0
| 
|                      03/25/2018
| 
| Implementation by:
|                    Ross C. Walker     (SDSC)
|                    Scott Le Grand     (nVIDIA)
| 
| Version 18 performance extensions by:
|                    David Cerutti     (Rutgers)
| 
| Precision model in use:
|      [SPFP] - Single Precision Forces, 64-bit Fixed Point
|               Accumulation. (Default)
| 
|--------------------------------------------------------
 
|----------------- CITATION INFORMATION -----------------
|
|    When publishing work that utilized the CUDA version
|    of AMBER, please cite the following in addition to
|    the regular AMBER citations:
|
|  - Romelia Salomon-Ferrer; Andreas W. Goetz; Duncan
|    Poole; Scott Le Grand; Ross C. Walker "Routine
|    microsecond molecular dynamics simulations with
|    AMBER - Part II: Particle Mesh Ewald", J. Chem.
|    Theory Comput., 2013, 9 (9), pp3878-3888,
|    DOI: 10.1021/ct400314y.
|
|  - Andreas W. Goetz; Mark J. Williamson; Dong Xu;
|    Duncan Poole; Scott Le Grand; Ross C. Walker
|    "Routine microsecond molecular dynamics simulations
|    with AMBER - Part I: Generalized Born", J. Chem.
|    Theory Comput., 2012, 8 (5), pp1542-1555.
|
|  - Scott Le Grand; Andreas W. Goetz; Ross C. Walker
|    "SPFP: Speed without compromise - a mixed precision
|    model for GPU accelerated molecular dynamics
|    simulations.", Comp. Phys. Comm., 2013, 184
|    pp374-380, DOI: 10.1016/j.cpc.2012.09.022
|
|--------------------------------------------------------
 
|------------------- GPU DEVICE INFO --------------------
|
|            CUDA_VISIBLE_DEVICES: not set
|   CUDA Capable Devices Detected:      1
|           CUDA Device ID in use:      0
|                CUDA Device Name: NVIDIA GeForce RTX 4090
|     CUDA Device Global Mem Size:  24079 MB
| CUDA Device Num Multiprocessors:    128
|           CUDA Device Core Freq:   2.62 GHz
|
|--------------------------------------------------------
 
 
| Conditional Compilation Defines Used:
| PUBFFT
| BINTRAJ
| CUDA
| EMIL

| Largest sphere to fit in unit cell has radius =    14.010

| New format PARM file being parsed.
| Version =    1.000 Date = 03/28/26 Time = 21:23:47

| Note: 1-4 EEL scale factors are being read from the topology file.

| Note: 1-4 VDW scale factors are being read from the topology file.
| Duplicated    0 dihedrals

| Duplicated    0 dihedrals

--------------------------------------------------------------------------------
   1.  RESOURCE   USE: 
--------------------------------------------------------------------------------

 getting box info from netcdf restart file
 NATOM  =    3064 NTYPES =       9 NBONH =    3054 MBONA  =       9
 NTHETH =      25 MTHETA =      11 NPHIH =      43 MPHIA  =      24
 NHPARM =       0 NPARM  =       0 NNB   =    4155 NRES   =    1017
 NBONA  =       9 NTHETA =      11 NPHIA =      24 NUMBND =      13
 NUMANG =      21 NPTRA  =      14 NATYP =      10 NPHB   =       0
 IFBOX  =       2 NMXRS  =      10 IFCAP =       0 NEXTRA =       0
 NCOPY  =       0

| Coordinate Index Table dimensions:     5    5    5
| Direct force subcell size =     6.8634    6.8634    6.8634

     BOX TYPE: TRUNCATED OCTAHEDRON

--------------------------------------------------------------------------------
   2.  CONTROL  DATA  FOR  THE  RUN
--------------------------------------------------------------------------------

ACE                                                                             

General flags:
     imin    =       1, nmropt  =       0

Nature and format of input:
     ntx     =       1, irest   =       0, ntrx    =       1

Nature and format of output:
     ntxo    =       2, ntpr    =      50, ntrx    =       1, ntwr    =       1
     iwrap   =       1, ntwx    =       0, ntwv    =       0, ntwe    =       0
     ioutfm  =       1, ntwprt  =       0, idecomp =       0, rbornstat=      0

Potential function:
     ntf     =       1, ntb     =       1, igb     =       0, nsnb    =      25
     ipol    =       0, gbsa    =       0, iesp    =       0
     dielc   =   1.00000, cut     =  10.00000, intdiel =   1.00000

Frozen or restrained atoms:
     ibelly  =       0, ntr     =       1
     restraint_wt =   0.50000

Energy minimization:
     maxcyc  =    5000, ncyc    =    1000, ntmin   =       1
     dx0     =   0.01000, drms    =   0.00010

| Intermolecular bonds treatment:
|     no_intermolecular_bonds =       1

| Energy averages sample interval:
|     ene_avg_sampling =       1

Ewald parameters:
     verbose =       0, ew_type =       0, nbflag  =       1, use_pme =       1
     vdwmeth =       1, eedmeth =       1, netfrc  =       0
     Box X =   34.317   Box Y =   34.317   Box Z =   34.317
     Alpha =  109.471   Beta  =  109.471   Gamma =  109.471
     NFFT1 =   36       NFFT2 =   36       NFFT3 =   36
     Cutoff=   10.000   Tol   =0.100E-04
     Ewald Coefficient =  0.27511
     Interpolation order =    4

    LOADING THE CONSTRAINED ATOMS AS GROUPS


   5.  REFERENCE ATOM COORDINATES

  ACE                                                                             
     Mask !@H=; matches  1024 atoms

--------------------------------------------------------------------------------
   3.  ATOMIC COORDINATES AND VELOCITIES
--------------------------------------------------------------------------------

ACE                                                                             
 begin time read from input coords =     0.000 ps

 
 Number of triangulated 3-point waters found:     1014

     Sum of charges from parm topology file =  -0.00000000
     Forcing neutrality...

| Dynamic Memory, Types Used:
| Reals              225609
| Integers            95792

| Nonbonded Pairs Initial Allocation:      926783

| GPU memory information (estimate):
| KB of GPU memory in use:     31936
| KB of CPU memory in use:     13036

--------------------------------------------------------------------------------
   4.  RESULTS
--------------------------------------------------------------------------------



   NSTEP       ENERGY          RMS            GMAX         NAME    NUMBER
      1      -1.3024E+04     1.6296E-01     2.1775E+00     O        1769

 BOND    =      996.6245  ANGLE   =        0.8211  DIHED      =        2.5110
 UB      =        0.0000  IMP     =        0.0000  CMAP       =        0.6360
 VDWAALS =     2342.2023  EEL     =   -16414.6311  HBOND      =        0.0000
 1-4 VDW =        2.5617  1-4 EEL =       45.5591  RESTRAINT  =        0.0000


   NSTEP       ENERGY          RMS            GMAX         NAME    NUMBER
     50      -1.3027E+04     1.2690E-01     1.1885E+00     H2        781

 BOND    =      999.8178  ANGLE   =        0.8247  DIHED      =        2.5085
 UB      =        0.0000  IMP     =        0.0000  CMAP       =        0.6388
 VDWAALS =     2348.3291  EEL     =   -16427.6639  HBOND      =        0.0000
 1-4 VDW =        2.5564  1-4 EEL =       45.5495  RESTRAINT  =        0.0389
 EAMBER  =   -13027.4392


   NSTEP       ENERGY          RMS            GMAX         NAME    NUMBER
    100      -1.3030E+04     9.6248E-02     9.9252E-01     O         779

 BOND    =      999.6705  ANGLE   =        0.8277  DIHED      =        2.5085
 UB      =        0.0000  IMP     =        0.0000  CMAP       =        0.6410
 VDWAALS =     2353.1447  EEL     =   -16435.2089  HBOND      =        0.0000
 1-4 VDW =        2.5537  1-4 EEL =       45.5463  RESTRAINT  =        0.1160
 EAMBER  =   -13030.3164


   NSTEP       ENERGY          RMS            GMAX         NAME    NUMBER
    150      -1.3033E+04     1.9110E-01     1.2836E+00     H2        187

 BOND    =      999.0598  ANGLE   =        0.8294  DIHED      =        2.5085
 UB      =        0.0000  IMP     =        0.0000  CMAP       =        0.6432
 VDWAALS =     2357.5884  EEL     =   -16441.5425  HBOND      =        0.0000
 1-4 VDW =        2.5521  1-4 EEL =       45.5447  RESTRAINT  =        0.2203
 EAMBER  =   -13032.8164


   NSTEP       ENERGY          RMS            GMAX         NAME    NUMBER
    200      -1.3035E+04     2.7485E-01     1.6067E+00     H2        187

 BOND    =      998.3094  ANGLE   =        0.8298  DIHED      =        2.5083
 UB      =        0.0000  IMP     =        0.0000  CMAP       =        0.6451
 VDWAALS =     2361.8824  EEL     =   -16447.3492  HBOND      =        0.0000
 1-4 VDW =        2.5509  1-4 EEL =       45.5447  RESTRAINT  =        0.3500
 EAMBER  =   -13035.0786


   NSTEP       ENERGY          RMS            GMAX         NAME    NUMBER
    250      -1.3037E+04     7.5548E-02     5.6172E-01     H1       1434

 BOND    =     1002.9368  ANGLE   =        0.8300  DIHED      =        2.5084
 UB      =        0.0000  IMP     =        0.0000  CMAP       =        0.6474
 VDWAALS =     2365.8530  EEL     =   -16458.1363  HBOND      =        0.0000
 1-4 VDW =        2.5512  1-4 EEL =       45.5422  RESTRAINT  =        0.4959
 EAMBER  =   -13037.2673


   NSTEP       ENERGY          RMS            GMAX         NAME    NUMBER
    300      -1.3039E+04     2.2990E-01     2.4191E+00     C          15

 BOND    =     1007.1292  ANGLE   =        0.8323  DIHED      =        2.5086
 UB      =        0.0000  IMP     =        0.0000  CMAP       =        0.6498
 VDWAALS =     2369.7152  EEL     =   -16468.1051  HBOND      =        0.0000
 1-4 VDW =        2.5517  1-4 EEL =       45.5392  RESTRAINT  =        0.6617
 EAMBER  =   -13039.1790


   NSTEP       ENERGY          RMS            GMAX         NAME    NUMBER
    350      -1.3040E+04     7.0603E-02     5.2712E-01     H1       1434

 BOND    =     1003.3965  ANGLE   =        0.8300  DIHED      =        2.5080
 UB      =        0.0000  IMP     =        0.0000  CMAP       =        0.6509
 VDWAALS =     2373.2690  EEL     =   -16469.7756  HBOND      =        0.0000
 1-4 VDW =        2.5500  1-4 EEL =       45.5423  RESTRAINT  =        0.8358
 EAMBER  =   -13041.0289


   NSTEP       ENERGY          RMS            GMAX         NAME    NUMBER
    400      -1.3042E+04     1.9844E-01     4.2740E+00     C          15

 BOND    =     1000.9532  ANGLE   =        0.8278  DIHED      =        2.5072
 UB      =        0.0000  IMP     =        0.0000  CMAP       =        0.6517
 VDWAALS =     2376.6352  EEL     =   -16472.3008  HBOND      =        0.0000
 1-4 VDW =        2.5479  1-4 EEL =       45.5468  RESTRAINT  =        1.0245
 EAMBER  =   -13042.6310


   NSTEP       ENERGY          RMS            GMAX         NAME    NUMBER
    450      -1.3043E+04     6.4212E-02     7.9405E-01     C          15

 BOND    =     1005.4365  ANGLE   =        0.8315  DIHED      =        2.5077
 UB      =        0.0000  IMP     =        0.0000  CMAP       =        0.6544
 VDWAALS =     2379.6847  EEL     =   -16481.4423  HBOND      =        0.0000
 1-4 VDW =        2.5497  1-4 EEL =       45.5407  RESTRAINT  =        1.2170
 EAMBER  =   -13044.2371


   NSTEP       ENERGY          RMS            GMAX         NAME    NUMBER
    500      -1.3044E+04     1.8032E-01     6.9539E+00     C          15

 BOND    =     1008.2713  ANGLE   =        0.8407  DIHED      =        2.5085
 UB      =        0.0000  IMP     =        0.0000  CMAP       =        0.6575
 VDWAALS =     2382.6736  EEL     =   -16488.7540  HBOND      =        0.0000
 1-4 VDW =        2.5518  1-4 EEL =       45.5333  RESTRAINT  =        1.4268
 EAMBER  =   -13045.7174


   NSTEP       ENERGY          RMS            GMAX         NAME    NUMBER
    550      -1.3045E+04     7.2527E-02     1.9692E+00     C          15

 BOND    =     1005.3736  ANGLE   =        0.8297  DIHED      =        2.5068
 UB      =        0.0000  IMP     =        0.0000  CMAP       =        0.6568
 VDWAALS =     2385.3184  EEL     =   -16489.9021  HBOND      =        0.0000
 1-4 VDW =        2.5477  1-4 EEL =       45.5439  RESTRAINT  =        1.6294
 EAMBER  =   -13047.1252


   NSTEP       ENERGY          RMS            GMAX         NAME    NUMBER
    600      -1.3047E+04     1.4465E-01     6.3102E+00     C          15

 BOND    =     1004.9339  ANGLE   =        0.8284  DIHED      =        2.5059
 UB      =        0.0000  IMP     =        0.0000  CMAP       =        0.6573
 VDWAALS =     2387.8729  EEL     =   -16493.3199  HBOND      =        0.0000
 1-4 VDW =        2.5455  1-4 EEL =       45.5492  RESTRAINT  =        1.8421
 EAMBER  =   -13048.4269


   NSTEP       ENERGY          RMS            GMAX         NAME    NUMBER
    650      -1.3048E+04     2.0976E-01     1.0001E+01     C          15

 BOND    =     1005.0435  ANGLE   =        0.8297  DIHED      =        2.5050
 UB      =        0.0000  IMP     =        0.0000  CMAP       =        0.6578
 VDWAALS =     2390.2762  EEL     =   -16497.0461  HBOND      =        0.0000
 1-4 VDW =        2.5435  1-4 EEL =       45.5539  RESTRAINT  =        2.0584
 EAMBER  =   -13049.6364


   NSTEP       ENERGY          RMS            GMAX         NAME    NUMBER
    700      -1.3049E+04     1.2706E-01     6.0466E+00     C          15

 BOND    =     1007.9473  ANGLE   =        0.8392  DIHED      =        2.5073
 UB      =        0.0000  IMP     =        0.0000  CMAP       =        0.6630
 VDWAALS =     2392.6016  EEL     =   -16503.5365  HBOND      =        0.0000
 1-4 VDW =        2.5502  1-4 EEL =       45.5346  RESTRAINT  =        2.2828
 EAMBER  =   -13050.8933


   NSTEP       ENERGY          RMS            GMAX         NAME    NUMBER
    750      -1.3050E+04     5.4975E-02     1.2051E+00     C          15

 BOND    =     1007.4630  ANGLE   =        0.8308  DIHED      =        2.5059
 UB      =        0.0000  IMP     =        0.0000  CMAP       =        0.6626
 VDWAALS =     2394.7714  EEL     =   -16506.3634  HBOND      =        0.0000
 1-4 VDW =        2.5466  1-4 EEL =       45.5436  RESTRAINT  =        2.5043
 EAMBER  =   -13052.0395


   NSTEP       ENERGY          RMS            GMAX         NAME    NUMBER
    800      -1.3050E+04     6.3147E-02     2.0972E+00     C          15

 BOND    =     1007.7678  ANGLE   =        0.8304  DIHED      =        2.5055
 UB      =        0.0000  IMP     =        0.0000  CMAP       =        0.6638
 VDWAALS =     2396.8322  EEL     =   -16509.7644  HBOND      =        0.0000
 1-4 VDW =        2.5458  1-4 EEL =       45.5450  RESTRAINT  =        2.7273
 EAMBER  =   -13053.0740


   NSTEP       ENERGY          RMS            GMAX         NAME    NUMBER
    850      -1.3051E+04     1.7338E-01     8.6963E+00     C          15

 BOND    =     1007.8600  ANGLE   =        0.8304  DIHED      =        2.5041
 UB      =        0.0000  IMP     =        0.0000  CMAP       =        0.6636
 VDWAALS =     2398.8463  EEL     =   -16512.8792  HBOND      =        0.0000
 1-4 VDW =        2.5425  1-4 EEL =       45.5533  RESTRAINT  =        2.9560
 EAMBER  =   -13054.0790


   NSTEP       ENERGY          RMS            GMAX         NAME    NUMBER
    900      -1.3052E+04     7.9762E-02     3.5130E+00     C          15

 BOND    =     1008.6337  ANGLE   =        0.8356  DIHED      =        2.5058
 UB      =        0.0000  IMP     =        0.0000  CMAP       =        0.6677
 VDWAALS =     2400.7198  EEL     =   -16516.5256  HBOND      =        0.0000
 1-4 VDW =        2.5477  1-4 EEL =       45.5387  RESTRAINT  =        3.1803
 EAMBER  =   -13055.0767


   NSTEP       ENERGY          RMS            GMAX         NAME    NUMBER
    950      -1.3053E+04     1.4018E-01     7.0402E+00     C          15

 BOND    =     1008.9728  ANGLE   =        0.8414  DIHED      =        2.5061
 UB      =        0.0000  IMP     =        0.0000  CMAP       =        0.6698
 VDWAALS =     2402.5786  EEL     =   -16519.6648  HBOND      =        0.0000
 1-4 VDW =        2.5489  1-4 EEL =       45.5350  RESTRAINT  =        3.4126
 EAMBER  =   -13056.0121


   NSTEP       ENERGY          RMS            GMAX         NAME    NUMBER
   1000      -1.3053E+04     1.9089E-01     9.8258E+00     C          15

 BOND    =     1009.2365  ANGLE   =        0.8468  DIHED      =        2.5063
 UB      =        0.0000  IMP     =        0.0000  CMAP       =        0.6718
 VDWAALS =     2404.3285  EEL     =   -16522.5883  HBOND      =        0.0000
 1-4 VDW =        2.5498  1-4 EEL =       45.5320  RESTRAINT  =        3.6417
 EAMBER  =   -13056.9166


   NSTEP       ENERGY          RMS            GMAX         NAME    NUMBER
   1050      -1.3064E+04     2.6752E-01     1.1026E+01     O        1433

 BOND    =     1015.0455  ANGLE   =        0.9033  DIHED      =        2.5195
 UB      =        0.0000  IMP     =        0.0000  CMAP       =        0.6863
 VDWAALS =     2438.2986  EEL     =   -16579.9984  HBOND      =        0.0000
 1-4 VDW =        2.5633  1-4 EEL =       45.4898  RESTRAINT  =       10.2009
 EAMBER  =   -13074.4922


   NSTEP       ENERGY          RMS            GMAX         NAME    NUMBER
   1100      -1.3067E+04     2.1035E-01     5.7988E+00     H1       1434

 BOND    =     1015.7557  ANGLE   =        0.8760  DIHED      =        2.5064
 UB      =        0.0000  IMP     =        0.0000  CMAP       =        0.6960
 VDWAALS =     2442.0373  EEL     =   -16588.4359  HBOND      =        0.0000
 1-4 VDW =        2.5397  1-4 EEL =       45.5838  RESTRAINT  =       11.3085
 EAMBER  =   -13078.4410


   NSTEP       ENERGY          RMS            GMAX         NAME    NUMBER
   1150      -1.3071E+04     3.0190E-01     5.8030E+00     O          16

 BOND    =     1015.5010  ANGLE   =        1.1630  DIHED      =        2.4673
 UB      =        0.0000  IMP     =        0.0000  CMAP       =        0.7368
 VDWAALS =     2447.6546  EEL     =   -16599.9620  HBOND      =        0.0000
 1-4 VDW =        2.5875  1-4 EEL =       45.6550  RESTRAINT  =       12.9095
 EAMBER  =   -13084.1969


   NSTEP       ENERGY          RMS            GMAX         NAME    NUMBER
   1200      -1.3073E+04     1.6090E-01     4.5664E+00     C          15

 BOND    =     1016.9102  ANGLE   =        0.8815  DIHED      =        2.4723
 UB      =        0.0000  IMP     =        0.0000  CMAP       =        0.7352
 VDWAALS =     2452.0340  EEL     =   -16608.4878  HBOND      =        0.0000
 1-4 VDW =        2.5042  1-4 EEL =       45.6016  RESTRAINT  =       13.8577
 EAMBER  =   -13087.3488


   NSTEP       ENERGY          RMS            GMAX         NAME    NUMBER
   1250      -1.3075E+04     1.0223E-01     2.3551E+00     CH3         2

 BOND    =     1016.8799  ANGLE   =        0.8129  DIHED      =        2.4963
 UB      =        0.0000  IMP     =        0.0000  CMAP       =        0.7095
 VDWAALS =     2458.8985  EEL     =   -16617.6113  HBOND      =        0.0000
 1-4 VDW =        2.5347  1-4 EEL =       45.5832  RESTRAINT  =       15.0145
 EAMBER  =   -13089.6963


   NSTEP       ENERGY          RMS            GMAX         NAME    NUMBER
   1300      -1.3075E+04     9.3644E-02     1.6335E+00     O        1433

 BOND    =     1017.1272  ANGLE   =        0.8205  DIHED      =        2.4951
 UB      =        0.0000  IMP     =        0.0000  CMAP       =        0.7118
 VDWAALS =     2461.5962  EEL     =   -16622.0311  HBOND      =        0.0000
 1-4 VDW =        2.5379  1-4 EEL =       45.5846  RESTRAINT  =       15.6831
 EAMBER  =   -13091.1577


   NSTEP       ENERGY          RMS            GMAX         NAME    NUMBER
   1350      -1.3076E+04     4.6166E-02     9.6003E-01     H2         21

 BOND    =     1017.6854  ANGLE   =        0.8249  DIHED      =        2.4954
 UB      =        0.0000  IMP     =        0.0000  CMAP       =        0.7126
 VDWAALS =     2462.5095  EEL     =   -16624.5906  HBOND      =        0.0000
 1-4 VDW =        2.5303  1-4 EEL =       45.5902  RESTRAINT  =       16.1463
 EAMBER  =   -13092.2422


   NSTEP       ENERGY          RMS            GMAX         NAME    NUMBER
   1400      -1.3079E+04     3.8842E-02     1.0648E+00     H2         21

 BOND    =     1018.8823  ANGLE   =        0.8297  DIHED      =        2.4893
 UB      =        0.0000  IMP     =        0.0000  CMAP       =        0.7180
 VDWAALS =     2470.8174  EEL     =   -16638.9707  HBOND      =        0.0000
 1-4 VDW =        2.5221  1-4 EEL =       45.6158  RESTRAINT  =       18.5226
 EAMBER  =   -13097.0962


   NSTEP       ENERGY          RMS            GMAX         NAME    NUMBER
   1450      -1.3080E+04     8.5876E-02     1.7736E+00     H1         27

 BOND    =     1020.2941  ANGLE   =        0.8383  DIHED      =        2.4984
 UB      =        0.0000  IMP     =        0.0000  CMAP       =        0.7133
 VDWAALS =     2475.9339  EEL     =   -16647.6978  HBOND      =        0.0000
 1-4 VDW =        2.5356  1-4 EEL =       45.5958  RESTRAINT  =       19.6153
 EAMBER  =   -13099.2884


   NSTEP       ENERGY          RMS            GMAX         NAME    NUMBER
   1500      -1.3080E+04     9.8595E-02     2.7003E+00     C          19

 BOND    =     1019.7280  ANGLE   =        0.8375  DIHED      =        2.4788
 UB      =        0.0000  IMP     =        0.0000  CMAP       =        0.7296
 VDWAALS =     2477.8417  EEL     =   -16649.9982  HBOND      =        0.0000
 1-4 VDW =        2.5231  1-4 EEL =       45.6579  RESTRAINT  =       20.0638
 EAMBER  =   -13100.2017


   NSTEP       ENERGY          RMS            GMAX         NAME    NUMBER
   1550      -1.3080E+04     4.3526E-02     6.6435E-01     H1         20

 BOND    =     1019.7932  ANGLE   =        0.8310  DIHED      =        2.4853
 UB      =        0.0000  IMP     =        0.0000  CMAP       =        0.7228
 VDWAALS =     2478.3712  EEL     =   -16650.8207  HBOND      =        0.0000
 1-4 VDW =        2.5146  1-4 EEL =       45.6297  RESTRAINT  =       20.1896
 EAMBER  =   -13100.4729


   NSTEP       ENERGY          RMS            GMAX         NAME    NUMBER
   1600      -1.3080E+04     3.4222E-02     6.3231E-01     H2        487

 BOND    =     1019.8491  ANGLE   =        0.8303  DIHED      =        2.4892
 UB      =        0.0000  IMP     =        0.0000  CMAP       =        0.7231
 VDWAALS =     2478.5073  EEL     =   -16651.1327  HBOND      =        0.0000
 1-4 VDW =        2.5334  1-4 EEL =       45.6166  RESTRAINT  =       20.2307
 EAMBER  =   -13100.5838


   NSTEP       ENERGY          RMS            GMAX         NAME    NUMBER
   1650      -1.3084E+04     1.1761E-01     4.0332E+00     O         485

 BOND    =     1021.5505  ANGLE   =        0.8372  DIHED      =        2.4780
 UB      =        0.0000  IMP     =        0.0000  CMAP       =        0.7329
 VDWAALS =     2489.3229  EEL     =   -16670.7653  HBOND      =        0.0000
 1-4 VDW =        2.5295  1-4 EEL =       45.6405  RESTRAINT  =       23.8273
 EAMBER  =   -13107.6738


   NSTEP       ENERGY          RMS            GMAX         NAME    NUMBER
   1700      -1.3084E+04     4.8560E-02     1.4129E+00     C          19

 BOND    =     1021.9870  ANGLE   =        0.8261  DIHED      =        2.4891
 UB      =        0.0000  IMP     =        0.0000  CMAP       =        0.7234
 VDWAALS =     2489.7067  EEL     =   -16672.3742  HBOND      =        0.0000
 1-4 VDW =        2.5154  1-4 EEL =       45.6509  RESTRAINT  =       24.1442
 EAMBER  =   -13108.4755


   NSTEP       ENERGY          RMS            GMAX         NAME    NUMBER
   1750      -1.3085E+04     4.2049E-02     1.5775E+00     C          19

 BOND    =     1022.4839  ANGLE   =        0.8212  DIHED      =        2.4900
 UB      =        0.0000  IMP     =        0.0000  CMAP       =        0.7235
 VDWAALS =     2490.5646  EEL     =   -16675.2328  HBOND      =        0.0000
 1-4 VDW =        2.5247  1-4 EEL =       45.6441  RESTRAINT  =       24.8206
 EAMBER  =   -13109.9809


   NSTEP       ENERGY          RMS            GMAX         NAME    NUMBER
   1800      -1.3087E+04     5.4326E-02     1.2422E+00     C          19

 BOND    =     1022.8915  ANGLE   =        0.8232  DIHED      =        2.4880
 UB      =        0.0000  IMP     =        0.0000  CMAP       =        0.7282
 VDWAALS =     2493.2034  EEL     =   -16682.3946  HBOND      =        0.0000
 1-4 VDW =        2.5141  1-4 EEL =       45.6583  RESTRAINT  =       26.9114
 EAMBER  =   -13114.0878


   NSTEP       ENERGY          RMS            GMAX         NAME    NUMBER
   1850      -1.3090E+04     1.3950E-01     3.9370E+00     CH3         2

 BOND    =     1023.4981  ANGLE   =        0.8429  DIHED      =        2.4984
 UB      =        0.0000  IMP     =        0.0000  CMAP       =        0.7210
 VDWAALS =     2497.2567  EEL     =   -16690.9614  HBOND      =        0.0000
 1-4 VDW =        2.5100  1-4 EEL =       45.6480  RESTRAINT  =       27.9914
 EAMBER  =   -13117.9863


   NSTEP       ENERGY          RMS            GMAX         NAME    NUMBER
   1900      -1.3091E+04     4.5149E-02     9.4521E-01     C          15

 BOND    =     1024.3098  ANGLE   =        0.8368  DIHED      =        2.4800
 UB      =        0.0000  IMP     =        0.0000  CMAP       =        0.7359
 VDWAALS =     2498.3390  EEL     =   -16693.9619  HBOND      =        0.0000
 1-4 VDW =        2.5246  1-4 EEL =       45.6668  RESTRAINT  =       28.3460
 EAMBER  =   -13119.0689


   NSTEP       ENERGY          RMS            GMAX         NAME    NUMBER
   1950      -1.3092E+04     4.5752E-02     8.5873E-01     O          16

 BOND    =     1024.7425  ANGLE   =        0.8233  DIHED      =        2.4864
 UB      =        0.0000  IMP     =        0.0000  CMAP       =        0.7298
 VDWAALS =     2500.2397  EEL     =   -16698.8338  HBOND      =        0.0000
 1-4 VDW =        2.5322  1-4 EEL =       45.6431  RESTRAINT  =       29.6252
 EAMBER  =   -13121.6367


   NSTEP       ENERGY          RMS            GMAX         NAME    NUMBER
   2000      -1.3092E+04     2.4787E-02     8.7877E-01     C          15

 BOND    =     1024.7135  ANGLE   =        0.8269  DIHED      =        2.4852
 UB      =        0.0000  IMP     =        0.0000  CMAP       =        0.7303
 VDWAALS =     2500.3494  EEL     =   -16699.0993  HBOND      =        0.0000
 1-4 VDW =        2.5239  1-4 EEL =       45.6543  RESTRAINT  =       29.6850
 EAMBER  =   -13121.8158

     .... RESTARTED DUE TO LINMIN FAILURE ...


   NSTEP       ENERGY          RMS            GMAX         NAME    NUMBER
   2050      -1.3093E+04     1.0428E-01     3.1710E+00     CB         11

 BOND    =     1025.2436  ANGLE   =        0.7965  DIHED      =        2.4760
 UB      =        0.0000  IMP     =        0.0000  CMAP       =        0.7361
 VDWAALS =     2501.8998  EEL     =   -16702.5648  HBOND      =        0.0000
 1-4 VDW =        2.5209  1-4 EEL =       45.6705  RESTRAINT  =       30.3007
 EAMBER  =   -13123.2213


   NSTEP       ENERGY          RMS            GMAX         NAME    NUMBER
   2100      -1.3094E+04     1.7835E-01     4.4727E+00     C           5

 BOND    =     1025.0732  ANGLE   =        0.9118  DIHED      =        2.5352
 UB      =        0.0000  IMP     =        0.0000  CMAP       =        0.7273
 VDWAALS =     2502.9349  EEL     =   -16705.2709  HBOND      =        0.0000
 1-4 VDW =        2.5476  1-4 EEL =       45.5438  RESTRAINT  =       31.1262
 EAMBER  =   -13124.9972


   NSTEP       ENERGY          RMS            GMAX         NAME    NUMBER
   2150      -1.3088E+04     1.8335E+00     4.4635E+01     C          15

 BOND    =     1020.2902  ANGLE   =        1.6765  DIHED      =        2.6806
 UB      =        0.0000  IMP     =        0.0000  CMAP       =        0.7825
 VDWAALS =     2506.0716  EEL     =   -16700.6201  HBOND      =        0.0000
 1-4 VDW =        2.5016  1-4 EEL =       45.5275  RESTRAINT  =       32.8310
 EAMBER  =   -13121.0896


   NSTEP       ENERGY          RMS            GMAX         NAME    NUMBER
   2200      -1.3096E+04     4.2477E-02     1.0201E+00     CA          9

 BOND    =     1026.3549  ANGLE   =        0.8243  DIHED      =        2.4840
 UB      =        0.0000  IMP     =        0.0000  CMAP       =        0.7330
 VDWAALS =     2505.1640  EEL     =   -16712.5185  HBOND      =        0.0000
 1-4 VDW =        2.5278  1-4 EEL =       45.6682  RESTRAINT  =       32.9213
 EAMBER  =   -13128.7624

     .... RESTARTED DUE TO LINMIN FAILURE ...


   NSTEP       ENERGY          RMS            GMAX         NAME    NUMBER
   2250      -1.3096E+04     8.5340E-02     1.4544E+00     O         815

 BOND    =     1026.3002  ANGLE   =        0.8204  DIHED      =        2.4824
 UB      =        0.0000  IMP     =        0.0000  CMAP       =        0.7359
 VDWAALS =     2504.8929  EEL     =   -16712.6697  HBOND      =        0.0000
 1-4 VDW =        2.5208  1-4 EEL =       45.6623  RESTRAINT  =       33.1214
 EAMBER  =   -13129.2548


   NSTEP       ENERGY          RMS            GMAX         NAME    NUMBER
   2300      -1.3096E+04     2.0067E-02     3.5457E-01     H           8

 BOND    =     1026.4941  ANGLE   =        0.8212  DIHED      =        2.4829
 UB      =        0.0000  IMP     =        0.0000  CMAP       =        0.7354
 VDWAALS =     2504.9133  EEL     =   -16713.0512  HBOND      =        0.0000
 1-4 VDW =        2.5214  1-4 EEL =       45.6614  RESTRAINT  =       33.1896
 EAMBER  =   -13129.4214


   NSTEP       ENERGY          RMS            GMAX         NAME    NUMBER
   2350      -1.3098E+04     8.1221E-02     1.7545E+00     CA          9

 BOND    =     1026.4055  ANGLE   =        0.8353  DIHED      =        2.4775
 UB      =        0.0000  IMP     =        0.0000  CMAP       =        0.7390
 VDWAALS =     2505.2219  EEL     =   -16717.5599  HBOND      =        0.0000
 1-4 VDW =        2.5257  1-4 EEL =       45.6547  RESTRAINT  =       35.5851
 EAMBER  =   -13133.7003


   NSTEP       ENERGY          RMS            GMAX         NAME    NUMBER
   2400      -1.3098E+04     4.6315E-02     1.5109E+00     CA          9

 BOND    =     1027.0907  ANGLE   =        0.8259  DIHED      =        2.4815
 UB      =        0.0000  IMP     =        0.0000  CMAP       =        0.7391
 VDWAALS =     2504.8322  EEL     =   -16718.0889  HBOND      =        0.0000
 1-4 VDW =        2.5200  1-4 EEL =       45.6510  RESTRAINT  =       35.6582
 EAMBER  =   -13133.9484


   NSTEP       ENERGY          RMS            GMAX         NAME    NUMBER
   2450      -1.3098E+04     2.0947E-02     4.5569E-01     H2       1432

 BOND    =     1026.9554  ANGLE   =        0.8287  DIHED      =        2.4822
 UB      =        0.0000  IMP     =        0.0000  CMAP       =        0.7375
 VDWAALS =     2504.8549  EEL     =   -16718.1668  HBOND      =        0.0000
 1-4 VDW =        2.5187  1-4 EEL =       45.6471  RESTRAINT  =       35.7285
 EAMBER  =   -13134.1422


   NSTEP       ENERGY          RMS            GMAX         NAME    NUMBER
   2500      -1.3099E+04     4.3198E-02     9.7277E-01     H2       1432

 BOND    =     1026.8993  ANGLE   =        0.8278  DIHED      =        2.4821
 UB      =        0.0000  IMP     =        0.0000  CMAP       =        0.7366
 VDWAALS =     2504.6992  EEL     =   -16719.2337  HBOND      =        0.0000
 1-4 VDW =        2.5180  1-4 EEL =       45.6323  RESTRAINT  =       36.4452
 EAMBER  =   -13135.4385


   NSTEP       ENERGY          RMS            GMAX         NAME    NUMBER
   2550      -1.3099E+04     3.2547E-02     1.1135E+00     H1       1431

 BOND    =     1027.0154  ANGLE   =        0.8305  DIHED      =        2.4824
 UB      =        0.0000  IMP     =        0.0000  CMAP       =        0.7360
 VDWAALS =     2504.6049  EEL     =   -16719.3470  HBOND      =        0.0000
 1-4 VDW =        2.5180  1-4 EEL =       45.6317  RESTRAINT  =       36.4897
 EAMBER  =   -13135.5281


   NSTEP       ENERGY          RMS            GMAX         NAME    NUMBER
   2600      -1.3099E+04     2.7280E-02     1.0717E+00     H1       1431

 BOND    =     1027.0223  ANGLE   =        0.8303  DIHED      =        2.4820
 UB      =        0.0000  IMP     =        0.0000  CMAP       =        0.7382
 VDWAALS =     2504.6216  EEL     =   -16719.4112  HBOND      =        0.0000
 1-4 VDW =        2.5169  1-4 EEL =       45.6431  RESTRAINT  =       36.5009
 EAMBER  =   -13135.5568

     .... RESTARTED DUE TO LINMIN FAILURE ...


   NSTEP       ENERGY          RMS            GMAX         NAME    NUMBER
   2650      -1.3100E+04     3.6869E-02     4.6823E-01     H           8

 BOND    =     1027.1638  ANGLE   =        0.8358  DIHED      =        2.4815
 UB      =        0.0000  IMP     =        0.0000  CMAP       =        0.7393
 VDWAALS =     2504.8219  EEL     =   -16721.0278  HBOND      =        0.0000
 1-4 VDW =        2.5157  1-4 EEL =       45.6491  RESTRAINT  =       37.3005
 EAMBER  =   -13136.8208

     .... RESTARTED DUE TO LINMIN FAILURE ...


   NSTEP       ENERGY          RMS            GMAX         NAME    NUMBER
   2700      -1.3052E+04     4.8746E+00     7.6695E+01     H2       1432

 BOND    =     1064.5219  ANGLE   =        3.6642  DIHED      =        2.5652
 UB      =        0.0000  IMP     =        0.0000  CMAP       =        0.6848
 VDWAALS =     2505.0363  EEL     =   -16713.3165  HBOND      =        0.0000
 1-4 VDW =        2.4997  1-4 EEL =       45.2491  RESTRAINT  =       37.4185
 EAMBER  =   -13089.0954


   NSTEP       ENERGY          RMS            GMAX         NAME    NUMBER
   2750      -1.3100E+04     3.1422E-02     3.8405E-01     H2       1789

 BOND    =     1027.1522  ANGLE   =        0.8308  DIHED      =        2.4831
 UB      =        0.0000  IMP     =        0.0000  CMAP       =        0.7371
 VDWAALS =     2504.6073  EEL     =   -16721.2107  HBOND      =        0.0000
 1-4 VDW =        2.5159  1-4 EEL =       45.6361  RESTRAINT  =       37.4813
 EAMBER  =   -13137.2483


   NSTEP       ENERGY          RMS            GMAX         NAME    NUMBER
   2800      -1.3101E+04     7.8714E-02     1.2665E+00     O        1787

 BOND    =     1027.4820  ANGLE   =        0.8486  DIHED      =        2.4766
 UB      =        0.0000  IMP     =        0.0000  CMAP       =        0.7395
 VDWAALS =     2505.8932  EEL     =   -16724.7487  HBOND      =        0.0000
 1-4 VDW =        2.5130  1-4 EEL =       45.6318  RESTRAINT  =       38.6609
 EAMBER  =   -13139.1639


   NSTEP       ENERGY          RMS            GMAX         NAME    NUMBER
   2850      -1.3101E+04     5.3225E-02     1.0300E+00     H1       2292

 BOND    =     1027.7849  ANGLE   =        0.8596  DIHED      =        2.4787
 UB      =        0.0000  IMP     =        0.0000  CMAP       =        0.7380
 VDWAALS =     2507.6432  EEL     =   -16727.3170  HBOND      =        0.0000
 1-4 VDW =        2.5145  1-4 EEL =       45.6286  RESTRAINT  =       38.7215
 EAMBER  =   -13139.6695


   NSTEP       ENERGY          RMS            GMAX         NAME    NUMBER
   2900      -1.3101E+04     2.0939E-02     4.0602E-01     H1       2292

 BOND    =     1027.9314  ANGLE   =        0.8328  DIHED      =        2.4814
 UB      =        0.0000  IMP     =        0.0000  CMAP       =        0.7354
 VDWAALS =     2507.6068  EEL     =   -16727.5124  HBOND      =        0.0000
 1-4 VDW =        2.5123  1-4 EEL =       45.6285  RESTRAINT  =       38.7472
 EAMBER  =   -13139.7836


   NSTEP       ENERGY          RMS            GMAX         NAME    NUMBER
   2950      -1.3101E+04     2.8269E-02     6.9375E-01     CA          9

 BOND    =     1028.3890  ANGLE   =        0.8215  DIHED      =        2.4790
 UB      =        0.0000  IMP     =        0.0000  CMAP       =        0.7349
 VDWAALS =     2509.1255  EEL     =   -16730.2480  HBOND      =        0.0000
 1-4 VDW =        2.5059  1-4 EEL =       45.6345  RESTRAINT  =       39.1120
 EAMBER  =   -13140.5577

     .... RESTARTED DUE TO LINMIN FAILURE ...


                    FINAL RESULTS



   NSTEP       ENERGY          RMS            GMAX         NAME    NUMBER
   2970      -1.3101E+04     4.0759E-02     1.3762E+00     CB         11

 BOND    =     1028.2224  ANGLE   =        0.8377  DIHED      =        2.4804
 UB      =        0.0000  IMP     =        0.0000  CMAP       =        0.7318
 VDWAALS =     2509.1603  EEL     =   -16730.1492  HBOND      =        0.0000
 1-4 VDW =        2.5129  1-4 EEL =       45.6198  RESTRAINT  =       39.1209
 EAMBER  =   -13140.5838

     ***** REPEATED LINMIN FAILURE *****
--------------------------------------------------------------------------------
   5.  TIMINGS
--------------------------------------------------------------------------------

|  NonSetup CPU Time in Major Routines:
|
|     Routine           Sec        %
|     ------------------------------
|     Nonbond           0.25   52.26
|     Bond              0.00    0.00
|     Angle             0.00    0.00
|     Dihedral          0.00    0.00
|     Shake             0.00    0.00
|     Other             0.22   47.74
|     ------------------------------
|     Total             0.47

|  PME Nonbond Pairlist CPU Time:
|
|     Routine              Sec        %
|     ---------------------------------
|     Set Up Cit           0.00    0.00
|     Build List           0.00    0.00
|     ---------------------------------
|     Total                0.00    0.00

|  PME Direct Force CPU Time:
|
|     Routine              Sec        %
|     ---------------------------------
|     NonBonded Calc       0.00    0.00
|     Exclude Masked       0.00    0.00
|     Other                0.00    0.74
|     ---------------------------------
|     Total                0.00    0.74

|  PME Reciprocal Force CPU Time:
|
|     Routine              Sec        %
|     ---------------------------------
|     1D bspline           0.00    0.00
|     Grid Charges         0.00    0.00
|     Scalar Sum           0.00    0.00
|     Gradient Sum         0.00    0.00
|     FFT                  0.00    0.00
|     ---------------------------------
|     Total                0.00    0.00

|  Setup CPU time:            0.18 seconds
|  NonSetup CPU time:         0.47 seconds
|  Total CPU time:            0.65 seconds     0.00 hours

|  Setup wall time:           0    seconds
|  NonSetup wall time:        0    seconds
|  Total wall time:           0    seconds     0.00 hours
