
          -------------------------------------------------------
          Amber 24 PMEMD                              2024
          -------------------------------------------------------

| PMEMD implementation of SANDER, Release 24

|  Compiled date/time: Wed Aug 21 09:34:12 2024
| Run on 06/01/2026 at 23:17:46

|   Executable path: pmemd.cuda
| Working directory: /localscratch/kbui/NexusMol/examples
|          Hostname: Unknown
  [-O]verwriting output

File Assignments:
|   MDIN: /localscratch/kbui/NexusMol/examples/artifacts/AMBER_DiAla/min6.in    
|  MDOUT: /localscratch/kbui/NexusMol/examples/artifacts/AMBER_DiAla/min6.out   
| INPCRD: /localscratch/kbui/NexusMol/examples/artifacts/AMBER_DiAla/min5.ncrst 
|   PARM: /localscratch/kbui/NexusMol/examples/ALA.prmtop                       
| RESTRT: /localscratch/kbui/NexusMol/examples/artifacts/AMBER_DiAla/min6.ncrst 
|   REFC: /localscratch/kbui/NexusMol/examples/artifacts/AMBER_DiAla/min5.ncrst 
|  MDVEL: mdvel                                                                 
|   MDEN: mden                                                                  
|  MDCRD: /localscratch/kbui/NexusMol/examples/artifacts/AMBER_DiAla/min6.nc    
| MDINFO: /localscratch/kbui/NexusMol/examples/artifacts/AMBER_DiAla/min6.info  
|  MDFRC: mdfrc                                                                 


 Here is the input file:

Minimization                                                                   
&cntrl                                                                         
  imin=1,                                                                      
  ncyc=1000,                                                                   
  maxcyc=5000,                                                                 
  ntpr=50,                                                                     
  cut=10.0,                                                                    
  iwrap=1,                                                                     
  ntr=1,                                                                       
  restraint_wt=0.1,                                                            
  restraintmask='!@H=',                                                        
/                                                                              


Note: ig = -1. Setting random seed to   343052 based on wallclock time in 
      microseconds.
| irandom = 1, using AMBER's internal random number generator (default).
 
|--------------------- INFORMATION ----------------------
| GPU (CUDA) Version of PMEMD in use: NVIDIA GPU IN USE.
|                    Version 18.0.0
| 
|                      03/25/2018
| 
| Implementation by:
|                    Ross C. Walker     (SDSC)
|                    Scott Le Grand     (nVIDIA)
| 
| Version 18 performance extensions by:
|                    David Cerutti     (Rutgers)
| 
| Precision model in use:
|      [SPFP] - Single Precision Forces, 64-bit Fixed Point
|               Accumulation. (Default)
| 
|--------------------------------------------------------
 
|----------------- CITATION INFORMATION -----------------
|
|    When publishing work that utilized the CUDA version
|    of AMBER, please cite the following in addition to
|    the regular AMBER citations:
|
|  - Romelia Salomon-Ferrer; Andreas W. Goetz; Duncan
|    Poole; Scott Le Grand; Ross C. Walker "Routine
|    microsecond molecular dynamics simulations with
|    AMBER - Part II: Particle Mesh Ewald", J. Chem.
|    Theory Comput., 2013, 9 (9), pp3878-3888,
|    DOI: 10.1021/ct400314y.
|
|  - Andreas W. Goetz; Mark J. Williamson; Dong Xu;
|    Duncan Poole; Scott Le Grand; Ross C. Walker
|    "Routine microsecond molecular dynamics simulations
|    with AMBER - Part I: Generalized Born", J. Chem.
|    Theory Comput., 2012, 8 (5), pp1542-1555.
|
|  - Scott Le Grand; Andreas W. Goetz; Ross C. Walker
|    "SPFP: Speed without compromise - a mixed precision
|    model for GPU accelerated molecular dynamics
|    simulations.", Comp. Phys. Comm., 2013, 184
|    pp374-380, DOI: 10.1016/j.cpc.2012.09.022
|
|--------------------------------------------------------
 
|------------------- GPU DEVICE INFO --------------------
|
|            CUDA_VISIBLE_DEVICES: not set
|   CUDA Capable Devices Detected:      1
|           CUDA Device ID in use:      0
|                CUDA Device Name: NVIDIA GeForce RTX 4090
|     CUDA Device Global Mem Size:  24079 MB
| CUDA Device Num Multiprocessors:    128
|           CUDA Device Core Freq:   2.62 GHz
|
|--------------------------------------------------------
 
 
| Conditional Compilation Defines Used:
| PUBFFT
| BINTRAJ
| CUDA
| EMIL

| Largest sphere to fit in unit cell has radius =    14.010

| New format PARM file being parsed.
| Version =    1.000 Date = 03/28/26 Time = 21:23:47

| Note: 1-4 EEL scale factors are being read from the topology file.

| Note: 1-4 VDW scale factors are being read from the topology file.
| Duplicated    0 dihedrals

| Duplicated    0 dihedrals

--------------------------------------------------------------------------------
   1.  RESOURCE   USE: 
--------------------------------------------------------------------------------

 getting box info from netcdf restart file
 NATOM  =    3064 NTYPES =       9 NBONH =    3054 MBONA  =       9
 NTHETH =      25 MTHETA =      11 NPHIH =      43 MPHIA  =      24
 NHPARM =       0 NPARM  =       0 NNB   =    4155 NRES   =    1017
 NBONA  =       9 NTHETA =      11 NPHIA =      24 NUMBND =      13
 NUMANG =      21 NPTRA  =      14 NATYP =      10 NPHB   =       0
 IFBOX  =       2 NMXRS  =      10 IFCAP =       0 NEXTRA =       0
 NCOPY  =       0

| Coordinate Index Table dimensions:     5    5    5
| Direct force subcell size =     6.8634    6.8634    6.8634

     BOX TYPE: TRUNCATED OCTAHEDRON

--------------------------------------------------------------------------------
   2.  CONTROL  DATA  FOR  THE  RUN
--------------------------------------------------------------------------------

ACE                                                                             

General flags:
     imin    =       1, nmropt  =       0

Nature and format of input:
     ntx     =       1, irest   =       0, ntrx    =       1

Nature and format of output:
     ntxo    =       2, ntpr    =      50, ntrx    =       1, ntwr    =       1
     iwrap   =       1, ntwx    =       0, ntwv    =       0, ntwe    =       0
     ioutfm  =       1, ntwprt  =       0, idecomp =       0, rbornstat=      0

Potential function:
     ntf     =       1, ntb     =       1, igb     =       0, nsnb    =      25
     ipol    =       0, gbsa    =       0, iesp    =       0
     dielc   =   1.00000, cut     =  10.00000, intdiel =   1.00000

Frozen or restrained atoms:
     ibelly  =       0, ntr     =       1
     restraint_wt =   0.10000

Energy minimization:
     maxcyc  =    5000, ncyc    =    1000, ntmin   =       1
     dx0     =   0.01000, drms    =   0.00010

| Intermolecular bonds treatment:
|     no_intermolecular_bonds =       1

| Energy averages sample interval:
|     ene_avg_sampling =       1

Ewald parameters:
     verbose =       0, ew_type =       0, nbflag  =       1, use_pme =       1
     vdwmeth =       1, eedmeth =       1, netfrc  =       0
     Box X =   34.317   Box Y =   34.317   Box Z =   34.317
     Alpha =  109.471   Beta  =  109.471   Gamma =  109.471
     NFFT1 =   36       NFFT2 =   36       NFFT3 =   36
     Cutoff=   10.000   Tol   =0.100E-04
     Ewald Coefficient =  0.27511
     Interpolation order =    4

    LOADING THE CONSTRAINED ATOMS AS GROUPS


   5.  REFERENCE ATOM COORDINATES

  ACE                                                                             
     Mask !@H=; matches  1024 atoms

--------------------------------------------------------------------------------
   3.  ATOMIC COORDINATES AND VELOCITIES
--------------------------------------------------------------------------------

ACE                                                                             
 begin time read from input coords =     0.000 ps

 
 Number of triangulated 3-point waters found:     1014

     Sum of charges from parm topology file =  -0.00000000
     Forcing neutrality...

| Dynamic Memory, Types Used:
| Reals              225609
| Integers            95792

| Nonbonded Pairs Initial Allocation:      926783

| GPU memory information (estimate):
| KB of GPU memory in use:     31936
| KB of CPU memory in use:     13036

--------------------------------------------------------------------------------
   4.  RESULTS
--------------------------------------------------------------------------------



   NSTEP       ENERGY          RMS            GMAX         NAME    NUMBER
      1      -1.3141E+04     1.0101E-01     1.3247E+00     CB         11

 BOND    =     1028.2224  ANGLE   =        0.8377  DIHED      =        2.4804
 UB      =        0.0000  IMP     =        0.0000  CMAP       =        0.7318
 VDWAALS =     2509.1603  EEL     =   -16730.1499  HBOND      =        0.0000
 1-4 VDW =        2.5129  1-4 EEL =       45.6198  RESTRAINT  =        0.0000


   NSTEP       ENERGY          RMS            GMAX         NAME    NUMBER
     50      -1.3142E+04     2.0196E-01     1.8253E+00     H1         24

 BOND    =     1029.2387  ANGLE   =        0.8370  DIHED      =        2.4797
 UB      =        0.0000  IMP     =        0.0000  CMAP       =        0.7347
 VDWAALS =     2511.8499  EEL     =   -16735.1278  HBOND      =        0.0000
 1-4 VDW =        2.5081  1-4 EEL =       45.6178  RESTRAINT  =        0.0030
 EAMBER  =   -13141.8619


   NSTEP       ENERGY          RMS            GMAX         NAME    NUMBER
    100      -1.3143E+04     1.3308E-01     1.3959E+00     H2         25

 BOND    =     1029.6887  ANGLE   =        0.8396  DIHED      =        2.4796
 UB      =        0.0000  IMP     =        0.0000  CMAP       =        0.7358
 VDWAALS =     2513.9003  EEL     =   -16738.6427  HBOND      =        0.0000
 1-4 VDW =        2.5066  1-4 EEL =       45.6167  RESTRAINT  =        0.0084
 EAMBER  =   -13142.8754


   NSTEP       ENERGY          RMS            GMAX         NAME    NUMBER
    150      -1.3144E+04     1.9242E-01     1.8474E+00     H2         25

 BOND    =     1030.1163  ANGLE   =        0.8402  DIHED      =        2.4794
 UB      =        0.0000  IMP     =        0.0000  CMAP       =        0.7368
 VDWAALS =     2515.8435  EEL     =   -16741.7870  HBOND      =        0.0000
 1-4 VDW =        2.5057  1-4 EEL =       45.6162  RESTRAINT  =        0.0156
 EAMBER  =   -13143.6489


   NSTEP       ENERGY          RMS            GMAX         NAME    NUMBER
    200      -1.3144E+04     1.0903E-01     8.4348E-01     H2       2293

 BOND    =     1030.3980  ANGLE   =        0.8393  DIHED      =        2.4792
 UB      =        0.0000  IMP     =        0.0000  CMAP       =        0.7376
 VDWAALS =     2517.7037  EEL     =   -16744.7053  HBOND      =        0.0000
 1-4 VDW =        2.5053  1-4 EEL =       45.6160  RESTRAINT  =        0.0243
 EAMBER  =   -13144.4261


   NSTEP       ENERGY          RMS            GMAX         NAME    NUMBER
    250      -1.3145E+04     4.9164E-02     3.4135E-01     H2       1888

 BOND    =     1030.7538  ANGLE   =        0.8398  DIHED      =        2.4790
 UB      =        0.0000  IMP     =        0.0000  CMAP       =        0.7383
 VDWAALS =     2519.4731  EEL     =   -16747.5098  HBOND      =        0.0000
 1-4 VDW =        2.5047  1-4 EEL =       45.6160  RESTRAINT  =        0.0344
 EAMBER  =   -13145.1050


   NSTEP       ENERGY          RMS            GMAX         NAME    NUMBER
    300      -1.3146E+04     6.2539E-02     4.7454E-01     H2        856

 BOND    =     1031.0913  ANGLE   =        0.8399  DIHED      =        2.4788
 UB      =        0.0000  IMP     =        0.0000  CMAP       =        0.7389
 VDWAALS =     2521.1755  EEL     =   -16750.1790  HBOND      =        0.0000
 1-4 VDW =        2.5041  1-4 EEL =       45.6158  RESTRAINT  =        0.0456
 EAMBER  =   -13145.7347


   NSTEP       ENERGY          RMS            GMAX         NAME    NUMBER
    350      -1.3146E+04     4.3255E-02     3.1127E-01     H2       1888

 BOND    =     1031.3533  ANGLE   =        0.8399  DIHED      =        2.4786
 UB      =        0.0000  IMP     =        0.0000  CMAP       =        0.7393
 VDWAALS =     2522.8090  EEL     =   -16752.6301  HBOND      =        0.0000
 1-4 VDW =        2.5036  1-4 EEL =       45.6159  RESTRAINT  =        0.0578
 EAMBER  =   -13146.2903


   NSTEP       ENERGY          RMS            GMAX         NAME    NUMBER
    400      -1.3147E+04     7.1898E-02     5.8395E-01     H2        928

 BOND    =     1031.6039  ANGLE   =        0.8400  DIHED      =        2.4784
 UB      =        0.0000  IMP     =        0.0000  CMAP       =        0.7397
 VDWAALS =     2524.3874  EEL     =   -16755.0296  HBOND      =        0.0000
 1-4 VDW =        2.5031  1-4 EEL =       45.6161  RESTRAINT  =        0.0709
 EAMBER  =   -13146.8610


   NSTEP       ENERGY          RMS            GMAX         NAME    NUMBER
    450      -1.3147E+04     1.3327E-01     1.1958E+00     H2        928

 BOND    =     1031.8047  ANGLE   =        0.8403  DIHED      =        2.4781
 UB      =        0.0000  IMP     =        0.0000  CMAP       =        0.7401
 VDWAALS =     2525.9401  EEL     =   -16757.3000  HBOND      =        0.0000
 1-4 VDW =        2.5025  1-4 EEL =       45.6164  RESTRAINT  =        0.0853
 EAMBER  =   -13147.3778


   NSTEP       ENERGY          RMS            GMAX         NAME    NUMBER
    500      -1.3148E+04     3.7436E-02     2.8469E-01     H2       1888

 BOND    =     1032.2054  ANGLE   =        0.8399  DIHED      =        2.4780
 UB      =        0.0000  IMP     =        0.0000  CMAP       =        0.7404
 VDWAALS =     2527.3483  EEL     =   -16759.6156  HBOND      =        0.0000
 1-4 VDW =        2.5022  1-4 EEL =       45.6162  RESTRAINT  =        0.0996
 EAMBER  =   -13147.8852


   NSTEP       ENERGY          RMS            GMAX         NAME    NUMBER
    550      -1.3148E+04     5.4647E-02     3.8665E-01     H1       2958

 BOND    =     1032.5249  ANGLE   =        0.8398  DIHED      =        2.4778
 UB      =        0.0000  IMP     =        0.0000  CMAP       =        0.7407
 VDWAALS =     2528.7927  EEL     =   -16761.8529  HBOND      =        0.0000
 1-4 VDW =        2.5019  1-4 EEL =       45.6160  RESTRAINT  =        0.1155
 EAMBER  =   -13148.3592


   NSTEP       ENERGY          RMS            GMAX         NAME    NUMBER
    600      -1.3149E+04     3.4451E-02     2.5012E-01     H2       1888

 BOND    =     1032.6756  ANGLE   =        0.8400  DIHED      =        2.4775
 UB      =        0.0000  IMP     =        0.0000  CMAP       =        0.7408
 VDWAALS =     2530.1227  EEL     =   -16763.7661  HBOND      =        0.0000
 1-4 VDW =        2.5012  1-4 EEL =       45.6163  RESTRAINT  =        0.1313
 EAMBER  =   -13148.7919


   NSTEP       ENERGY          RMS            GMAX         NAME    NUMBER
    650      -1.3149E+04     3.5733E-02     2.3836E-01     H2         94

 BOND    =     1032.8946  ANGLE   =        0.8400  DIHED      =        2.4772
 UB      =        0.0000  IMP     =        0.0000  CMAP       =        0.7409
 VDWAALS =     2531.4903  EEL     =   -16765.7846  HBOND      =        0.0000
 1-4 VDW =        2.5006  1-4 EEL =       45.6165  RESTRAINT  =        0.1486
 EAMBER  =   -13149.2244


   NSTEP       ENERGY          RMS            GMAX         NAME    NUMBER
    700      -1.3149E+04     3.3187E-02     2.9688E-01     C          15

 BOND    =     1033.1751  ANGLE   =        0.8402  DIHED      =        2.4771
 UB      =        0.0000  IMP     =        0.0000  CMAP       =        0.7412
 VDWAALS =     2532.7652  EEL     =   -16767.7669  HBOND      =        0.0000
 1-4 VDW =        2.5004  1-4 EEL =       45.6157  RESTRAINT  =        0.1659
 EAMBER  =   -13149.6521


   NSTEP       ENERGY          RMS            GMAX         NAME    NUMBER
    750      -1.3150E+04     5.0244E-02     1.4504E+00     C          15

 BOND    =     1033.2901  ANGLE   =        0.8397  DIHED      =        2.4766
 UB      =        0.0000  IMP     =        0.0000  CMAP       =        0.7410
 VDWAALS =     2534.0261  EEL     =   -16769.5452  HBOND      =        0.0000
 1-4 VDW =        2.4990  1-4 EEL =       45.6177  RESTRAINT  =        0.1841
 EAMBER  =   -13150.0552


   NSTEP       ENERGY          RMS            GMAX         NAME    NUMBER
    800      -1.3150E+04     1.0246E-01     4.1924E+00     C          15

 BOND    =     1033.4082  ANGLE   =        0.8393  DIHED      =        2.4759
 UB      =        0.0000  IMP     =        0.0000  CMAP       =        0.7405
 VDWAALS =     2535.2017  EEL     =   -16771.2120  HBOND      =        0.0000
 1-4 VDW =        2.4972  1-4 EEL =       45.6210  RESTRAINT  =        0.2020
 EAMBER  =   -13150.4283


   NSTEP       ENERGY          RMS            GMAX         NAME    NUMBER
    850      -1.3151E+04     3.4355E-02     8.7432E-01     C          15

 BOND    =     1033.8008  ANGLE   =        0.8410  DIHED      =        2.4766
 UB      =        0.0000  IMP     =        0.0000  CMAP       =        0.7416
 VDWAALS =     2536.3325  EEL     =   -16773.1285  HBOND      =        0.0000
 1-4 VDW =        2.4990  1-4 EEL =       45.6143  RESTRAINT  =        0.2204
 EAMBER  =   -13150.8226


   NSTEP       ENERGY          RMS            GMAX         NAME    NUMBER
    900      -1.3151E+04     9.4158E-02     4.5940E+00     C          15

 BOND    =     1034.0594  ANGLE   =        0.8450  DIHED      =        2.4770
 UB      =        0.0000  IMP     =        0.0000  CMAP       =        0.7424
 VDWAALS =     2537.4461  EEL     =   -16774.8215  HBOND      =        0.0000
 1-4 VDW =        2.5002  1-4 EEL =       45.6094  RESTRAINT  =        0.2394
 EAMBER  =   -13151.1419


   NSTEP       ENERGY          RMS            GMAX         NAME    NUMBER
    950      -1.3151E+04     4.1427E-02     1.5057E+00     C          15

 BOND    =     1034.1450  ANGLE   =        0.8396  DIHED      =        2.4757
 UB      =        0.0000  IMP     =        0.0000  CMAP       =        0.7412
 VDWAALS =     2538.5206  EEL     =   -16776.3222  HBOND      =        0.0000
 1-4 VDW =        2.4969  1-4 EEL =       45.6168  RESTRAINT  =        0.2585
 EAMBER  =   -13151.4863


   NSTEP       ENERGY          RMS            GMAX         NAME    NUMBER
   1000      -1.3151E+04     8.0369E-02     3.9533E+00     C          15

 BOND    =     1034.3778  ANGLE   =        0.8445  DIHED      =        2.4765
 UB      =        0.0000  IMP     =        0.0000  CMAP       =        0.7423
 VDWAALS =     2539.5334  EEL     =   -16777.8331  HBOND      =        0.0000
 1-4 VDW =        2.4988  1-4 EEL =       45.6098  RESTRAINT  =        0.2776
 EAMBER  =   -13151.7500


   NSTEP       ENERGY          RMS            GMAX         NAME    NUMBER
   1050      -1.3158E+04     1.1331E-01     2.3792E+00     H2       2542

 BOND    =     1041.2611  ANGLE   =        0.8525  DIHED      =        2.4715
 UB      =        0.0000  IMP     =        0.0000  CMAP       =        0.7405
 VDWAALS =     2572.7655  EEL     =   -16825.3488  HBOND      =        0.0000
 1-4 VDW =        2.4902  1-4 EEL =       45.6088  RESTRAINT  =        1.3949
 EAMBER  =   -13159.1587


   NSTEP       ENERGY          RMS            GMAX         NAME    NUMBER
   1100      -1.3158E+04     7.6786E-02     2.6437E+00     C          15

 BOND    =     1040.1025  ANGLE   =        0.8582  DIHED      =        2.4680
 UB      =        0.0000  IMP     =        0.0000  CMAP       =        0.7399
 VDWAALS =     2574.8365  EEL     =   -16827.0373  HBOND      =        0.0000
 1-4 VDW =        2.4861  1-4 EEL =       45.6330  RESTRAINT  =        1.4420
 EAMBER  =   -13159.9131


   NSTEP       ENERGY          RMS            GMAX         NAME    NUMBER
   1150      -1.3159E+04     5.9701E-02     1.1778E+00     N          17

 BOND    =     1040.6449  ANGLE   =        0.8568  DIHED      =        2.4610
 UB      =        0.0000  IMP     =        0.0000  CMAP       =        0.7411
 VDWAALS =     2577.2567  EEL     =   -16830.7065  HBOND      =        0.0000
 1-4 VDW =        2.4820  1-4 EEL =       45.5857  RESTRAINT  =        1.5148
 EAMBER  =   -13160.6783

     .... RESTARTED DUE TO LINMIN FAILURE ...


   NSTEP       ENERGY          RMS            GMAX         NAME    NUMBER
   1200      -1.3162E+04     2.1111E-01     7.0419E+00     H1       1632

 BOND    =     1041.8291  ANGLE   =        0.8256  DIHED      =        2.4688
 UB      =        0.0000  IMP     =        0.0000  CMAP       =        0.7140
 VDWAALS =     2586.1388  EEL     =   -16843.9682  HBOND      =        0.0000
 1-4 VDW =        2.4606  1-4 EEL =       45.5968  RESTRAINT  =        2.0506
 EAMBER  =   -13163.9345


   NSTEP       ENERGY          RMS            GMAX         NAME    NUMBER
   1250      -1.3165E+04     1.4380E-01     3.7010E+00     C          19

 BOND    =     1043.0340  ANGLE   =        0.8536  DIHED      =        2.4539
 UB      =        0.0000  IMP     =        0.0000  CMAP       =        0.7012
 VDWAALS =     2594.8992  EEL     =   -16856.8972  HBOND      =        0.0000
 1-4 VDW =        2.4450  1-4 EEL =       45.5280  RESTRAINT  =        2.3127
 EAMBER  =   -13166.9822


   NSTEP       ENERGY          RMS            GMAX         NAME    NUMBER
   1300      -1.3167E+04     2.9792E-01     9.0521E+00     CH3         2

 BOND    =     1044.5649  ANGLE   =        0.9260  DIHED      =        2.4648
 UB      =        0.0000  IMP     =        0.0000  CMAP       =        0.6690
 VDWAALS =     2600.1769  EEL     =   -16866.0926  HBOND      =        0.0000
 1-4 VDW =        2.4572  1-4 EEL =       45.6509  RESTRAINT  =        2.5813
 EAMBER  =   -13169.1828


   NSTEP       ENERGY          RMS            GMAX         NAME    NUMBER
   1350      -1.3170E+04     1.8661E-01     4.2017E+00     O          16

 BOND    =     1045.2778  ANGLE   =        0.9737  DIHED      =        2.4540
 UB      =        0.0000  IMP     =        0.0000  CMAP       =        0.6552
 VDWAALS =     2607.1106  EEL     =   -16876.8369  HBOND      =        0.0000
 1-4 VDW =        2.4922  1-4 EEL =       45.4345  RESTRAINT  =        2.9225
 EAMBER  =   -13172.4390


   NSTEP       ENERGY          RMS            GMAX         NAME    NUMBER
   1400      -1.3173E+04     2.9856E-01     1.0485E+01     C          15

 BOND    =     1047.0141  ANGLE   =        1.0173  DIHED      =        2.4792
 UB      =        0.0000  IMP     =        0.0000  CMAP       =        0.6464
 VDWAALS =     2610.8601  EEL     =   -16886.1039  HBOND      =        0.0000
 1-4 VDW =        2.4728  1-4 EEL =       45.7154  RESTRAINT  =        3.2762
 EAMBER  =   -13175.8984


   NSTEP       ENERGY          RMS            GMAX         NAME    NUMBER
   1450      -1.3177E+04     3.9707E-01     1.5780E+01     C          15

 BOND    =     1045.3976  ANGLE   =        0.9835  DIHED      =        2.4630
 UB      =        0.0000  IMP     =        0.0000  CMAP       =        0.6434
 VDWAALS =     2616.6181  EEL     =   -16894.8073  HBOND      =        0.0000
 1-4 VDW =        2.4223  1-4 EEL =       45.6004  RESTRAINT  =        3.9232
 EAMBER  =   -13180.6790


   NSTEP       ENERGY          RMS            GMAX         NAME    NUMBER
   1500      -1.3180E+04     2.0447E-01     5.8274E+00     CA          9

 BOND    =     1049.6226  ANGLE   =        0.8786  DIHED      =        2.4446
 UB      =        0.0000  IMP     =        0.0000  CMAP       =        0.6479
 VDWAALS =     2619.1175  EEL     =   -16905.0848  HBOND      =        0.0000
 1-4 VDW =        2.4663  1-4 EEL =       45.4835  RESTRAINT  =        4.1828
 EAMBER  =   -13184.4239


   NSTEP       ENERGY          RMS            GMAX         NAME    NUMBER
   1550      -1.3182E+04     7.2131E-02     1.7556E+00     O         266

 BOND    =     1048.6920  ANGLE   =        0.8213  DIHED      =        2.4783
 UB      =        0.0000  IMP     =        0.0000  CMAP       =        0.6186
 VDWAALS =     2619.9564  EEL     =   -16906.6409  HBOND      =        0.0000
 1-4 VDW =        2.4607  1-4 EEL =       45.5363  RESTRAINT  =        4.2789
 EAMBER  =   -13186.0771


   NSTEP       ENERGY          RMS            GMAX         NAME    NUMBER
   1600      -1.3183E+04     1.7795E-01     4.2318E+00     O        2072

 BOND    =     1048.1245  ANGLE   =        0.8558  DIHED      =        2.4785
 UB      =        0.0000  IMP     =        0.0000  CMAP       =        0.6215
 VDWAALS =     2621.9832  EEL     =   -16909.1032  HBOND      =        0.0000
 1-4 VDW =        2.4495  1-4 EEL =       45.5442  RESTRAINT  =        4.4380
 EAMBER  =   -13187.0460


   NSTEP       ENERGY          RMS            GMAX         NAME    NUMBER
   1650      -1.3183E+04     1.2622E-01     4.7598E+00     C          15

 BOND    =     1048.6045  ANGLE   =        0.8489  DIHED      =        2.4465
 UB      =        0.0000  IMP     =        0.0000  CMAP       =        0.6350
 VDWAALS =     2623.9161  EEL     =   -16912.2444  HBOND      =        0.0000
 1-4 VDW =        2.4695  1-4 EEL =       45.4995  RESTRAINT  =        4.6090
 EAMBER  =   -13187.8243


   NSTEP       ENERGY          RMS            GMAX         NAME    NUMBER
   1700      -1.3184E+04     5.1336E-02     1.1731E+00     N          17

 BOND    =     1048.7515  ANGLE   =        0.8268  DIHED      =        2.4715
 UB      =        0.0000  IMP     =        0.0000  CMAP       =        0.6170
 VDWAALS =     2625.1147  EEL     =   -16914.2699  HBOND      =        0.0000
 1-4 VDW =        2.4613  1-4 EEL =       45.5205  RESTRAINT  =        4.7038
 EAMBER  =   -13188.5067


   NSTEP       ENERGY          RMS            GMAX         NAME    NUMBER
   1750      -1.3186E+04     5.2106E-02     1.6348E+00     N          17

 BOND    =     1050.7997  ANGLE   =        0.8422  DIHED      =        2.4555
 UB      =        0.0000  IMP     =        0.0000  CMAP       =        0.6113
 VDWAALS =     2635.0676  EEL     =   -16929.9135  HBOND      =        0.0000
 1-4 VDW =        2.4643  1-4 EEL =       45.5052  RESTRAINT  =        5.7155
 EAMBER  =   -13192.1677


   NSTEP       ENERGY          RMS            GMAX         NAME    NUMBER
   1800      -1.3188E+04     4.9114E-02     1.0608E+00     C          15

 BOND    =     1051.4975  ANGLE   =        0.8588  DIHED      =        2.4673
 UB      =        0.0000  IMP     =        0.0000  CMAP       =        0.6043
 VDWAALS =     2638.3124  EEL     =   -16935.0939  HBOND      =        0.0000
 1-4 VDW =        2.4705  1-4 EEL =       45.4819  RESTRAINT  =        5.8964
 EAMBER  =   -13193.4012


   NSTEP       ENERGY          RMS            GMAX         NAME    NUMBER
   1850      -1.3188E+04     1.1510E-01     3.5589E+00     H2       1126

 BOND    =     1051.6719  ANGLE   =        0.7964  DIHED      =        2.4560
 UB      =        0.0000  IMP     =        0.0000  CMAP       =        0.6076
 VDWAALS =     2640.2800  EEL     =   -16938.2547  HBOND      =        0.0000
 1-4 VDW =        2.4672  1-4 EEL =       45.5180  RESTRAINT  =        6.0793
 EAMBER  =   -13194.4575


   NSTEP       ENERGY          RMS            GMAX         NAME    NUMBER
   1900      -1.3189E+04     5.8800E-02     1.6779E+00     C          15

 BOND    =     1052.6813  ANGLE   =        0.8223  DIHED      =        2.4575
 UB      =        0.0000  IMP     =        0.0000  CMAP       =        0.6046
 VDWAALS =     2642.2475  EEL     =   -16942.0445  HBOND      =        0.0000
 1-4 VDW =        2.4634  1-4 EEL =       45.5217  RESTRAINT  =        6.2147
 EAMBER  =   -13195.2462


   NSTEP       ENERGY          RMS            GMAX         NAME    NUMBER
   1950      -1.3190E+04     8.4836E-02     2.5005E+00     C          15

 BOND    =     1052.1079  ANGLE   =        0.8638  DIHED      =        2.4621
 UB      =        0.0000  IMP     =        0.0000  CMAP       =        0.5991
 VDWAALS =     2643.9913  EEL     =   -16944.3589  HBOND      =        0.0000
 1-4 VDW =        2.4667  1-4 EEL =       45.4865  RESTRAINT  =        6.4111
 EAMBER  =   -13196.3815


   NSTEP       ENERGY          RMS            GMAX         NAME    NUMBER
   2000      -1.3191E+04     1.2919E-01     2.5450E+00     C          15

 BOND    =     1053.4968  ANGLE   =        0.8217  DIHED      =        2.4635
 UB      =        0.0000  IMP     =        0.0000  CMAP       =        0.5954
 VDWAALS =     2646.0172  EEL     =   -16948.5977  HBOND      =        0.0000
 1-4 VDW =        2.4565  1-4 EEL =       45.4318  RESTRAINT  =        6.6325
 EAMBER  =   -13197.3148


   NSTEP       ENERGY          RMS            GMAX         NAME    NUMBER
   2050      -1.3192E+04     1.1632E-01     2.7781E+00     C          15

 BOND    =     1052.4136  ANGLE   =        0.9110  DIHED      =        2.4626
 UB      =        0.0000  IMP     =        0.0000  CMAP       =        0.5986
 VDWAALS =     2646.3075  EEL     =   -16949.5255  HBOND      =        0.0000
 1-4 VDW =        2.4785  1-4 EEL =       45.5246  RESTRAINT  =        6.8488
 EAMBER  =   -13198.8290


   NSTEP       ENERGY          RMS            GMAX         NAME    NUMBER
   2100      -1.3194E+04     1.9305E-01     5.2947E+00     C          19

 BOND    =     1053.0224  ANGLE   =        0.9550  DIHED      =        2.4543
 UB      =        0.0000  IMP     =        0.0000  CMAP       =        0.6024
 VDWAALS =     2646.6017  EEL     =   -16952.9317  HBOND      =        0.0000
 1-4 VDW =        2.4517  1-4 EEL =       45.5674  RESTRAINT  =        7.1283
 EAMBER  =   -13201.2768


   NSTEP       ENERGY          RMS            GMAX         NAME    NUMBER
   2150      -1.3197E+04     1.5185E-01     4.6786E+00     CA          9

 BOND    =     1053.1195  ANGLE   =        0.9527  DIHED      =        2.4390
 UB      =        0.0000  IMP     =        0.0000  CMAP       =        0.6101
 VDWAALS =     2647.5856  EEL     =   -16956.8454  HBOND      =        0.0000
 1-4 VDW =        2.4570  1-4 EEL =       45.3923  RESTRAINT  =        7.4602
 EAMBER  =   -13204.2893


   NSTEP       ENERGY          RMS            GMAX         NAME    NUMBER
   2200      -1.3198E+04     9.4393E-02     2.1255E+00     C          19

 BOND    =     1053.6512  ANGLE   =        0.8568  DIHED      =        2.4655
 UB      =        0.0000  IMP     =        0.0000  CMAP       =        0.5911
 VDWAALS =     2648.1240  EEL     =   -16958.9359  HBOND      =        0.0000
 1-4 VDW =        2.4630  1-4 EEL =       45.4970  RESTRAINT  =        7.5287
 EAMBER  =   -13205.2872


   NSTEP       ENERGY          RMS            GMAX         NAME    NUMBER
   2250      -1.3199E+04     2.0713E-01     3.8502E+00     C          15

 BOND    =     1054.0687  ANGLE   =        0.9044  DIHED      =        2.4941
 UB      =        0.0000  IMP     =        0.0000  CMAP       =        0.5792
 VDWAALS =     2652.2996  EEL     =   -16965.9606  HBOND      =        0.0000
 1-4 VDW =        2.4642  1-4 EEL =       45.6519  RESTRAINT  =        8.1231
 EAMBER  =   -13207.4985


   NSTEP       ENERGY          RMS            GMAX         NAME    NUMBER
   2300      -1.3200E+04     8.1625E-01     1.6852E+01     H1       2718

 BOND    =     1053.5732  ANGLE   =        1.4843  DIHED      =        2.4766
 UB      =        0.0000  IMP     =        0.0000  CMAP       =        0.5736
 VDWAALS =     2658.0879  EEL     =   -16972.6326  HBOND      =        0.0000
 1-4 VDW =        2.4521  1-4 EEL =       45.3776  RESTRAINT  =        8.6447
 EAMBER  =   -13208.6073


   NSTEP       ENERGY          RMS            GMAX         NAME    NUMBER
   2350      -1.3205E+04     1.2798E-01     2.1930E+00     CA          9

 BOND    =     1053.7744  ANGLE   =        0.8464  DIHED      =        2.4824
 UB      =        0.0000  IMP     =        0.0000  CMAP       =        0.5795
 VDWAALS =     2655.5873  EEL     =   -16974.7957  HBOND      =        0.0000
 1-4 VDW =        2.4751  1-4 EEL =       45.6403  RESTRAINT  =        8.9040
 EAMBER  =   -13213.4102


   NSTEP       ENERGY          RMS            GMAX         NAME    NUMBER
   2400      -1.3205E+04     5.5616E-02     7.0468E-01     O        1853

 BOND    =     1055.0443  ANGLE   =        0.8500  DIHED      =        2.4633
 UB      =        0.0000  IMP     =        0.0000  CMAP       =        0.5839
 VDWAALS =     2655.7847  EEL     =   -16976.5577  HBOND      =        0.0000
 1-4 VDW =        2.4712  1-4 EEL =       45.4426  RESTRAINT  =        8.9453
 EAMBER  =   -13213.9177


   NSTEP       ENERGY          RMS            GMAX         NAME    NUMBER
   2450      -1.3206E+04     5.7449E-02     1.4919E+00     O        1619

 BOND    =     1055.0931  ANGLE   =        0.8385  DIHED      =        2.4678
 UB      =        0.0000  IMP     =        0.0000  CMAP       =        0.5795
 VDWAALS =     2657.0551  EEL     =   -16979.4363  HBOND      =        0.0000
 1-4 VDW =        2.4698  1-4 EEL =       45.4766  RESTRAINT  =        9.3891
 EAMBER  =   -13215.4559


   NSTEP       ENERGY          RMS            GMAX         NAME    NUMBER
   2500      -1.3207E+04     3.8296E-02     1.0917E+00     H          18

 BOND    =     1055.0020  ANGLE   =        0.8458  DIHED      =        2.4699
 UB      =        0.0000  IMP     =        0.0000  CMAP       =        0.5781
 VDWAALS =     2656.7570  EEL     =   -16979.6750  HBOND      =        0.0000
 1-4 VDW =        2.4692  1-4 EEL =       45.5305  RESTRAINT  =        9.4587
 EAMBER  =   -13216.0226

     .... RESTARTED DUE TO LINMIN FAILURE ...

     .... RESTARTED DUE TO LINMIN FAILURE ...


   NSTEP       ENERGY          RMS            GMAX         NAME    NUMBER
   2550      -1.3207E+04     2.2019E-02     6.8876E-01     H          18

 BOND    =     1055.3097  ANGLE   =        0.8459  DIHED      =        2.4637
 UB      =        0.0000  IMP     =        0.0000  CMAP       =        0.5811
 VDWAALS =     2656.8282  EEL     =   -16980.1367  HBOND      =        0.0000
 1-4 VDW =        2.4750  1-4 EEL =       45.4442  RESTRAINT  =        9.4960
 EAMBER  =   -13216.1889


   NSTEP       ENERGY          RMS            GMAX         NAME    NUMBER
   2600      -1.3210E+04     1.0720E-01     1.8488E+00     H1        333

 BOND    =     1056.3150  ANGLE   =        0.8803  DIHED      =        2.4800
 UB      =        0.0000  IMP     =        0.0000  CMAP       =        0.5669
 VDWAALS =     2660.6591  EEL     =   -16988.8198  HBOND      =        0.0000
 1-4 VDW =        2.4743  1-4 EEL =       45.4692  RESTRAINT  =       10.3922
 EAMBER  =   -13219.9749

     .... RESTARTED DUE TO LINMIN FAILURE ...


   NSTEP       ENERGY          RMS            GMAX         NAME    NUMBER
   2650      -1.3172E+04     4.7286E+00     1.3663E+02     H2        457

 BOND    =     1090.5560  ANGLE   =        1.3536  DIHED      =        2.5266
 UB      =        0.0000  IMP     =        0.0000  CMAP       =        0.5756
 VDWAALS =     2660.4678  EEL     =   -16985.5002  HBOND      =        0.0000
 1-4 VDW =        2.4859  1-4 EEL =       45.3942  RESTRAINT  =       10.4536
 EAMBER  =   -13182.1406


   NSTEP       ENERGY          RMS            GMAX         NAME    NUMBER
   2700      -1.3212E+04     8.2964E-02     2.0415E+00     H1        756

 BOND    =     1056.4488  ANGLE   =        0.8462  DIHED      =        2.4798
 UB      =        0.0000  IMP     =        0.0000  CMAP       =        0.5633
 VDWAALS =     2660.7083  EEL     =   -16991.3133  HBOND      =        0.0000
 1-4 VDW =        2.4634  1-4 EEL =       45.5783  RESTRAINT  =       10.7155
 EAMBER  =   -13222.2250


   NSTEP       ENERGY          RMS            GMAX         NAME    NUMBER
   2750      -1.3212E+04     9.0499E-02     2.8345E+00     CA          9

 BOND    =     1056.7252  ANGLE   =        0.8545  DIHED      =        2.4631
 UB      =        0.0000  IMP     =        0.0000  CMAP       =        0.5681
 VDWAALS =     2661.0877  EEL     =   -16992.2229  HBOND      =        0.0000
 1-4 VDW =        2.4624  1-4 EEL =       45.4735  RESTRAINT  =       10.7446
 EAMBER  =   -13222.5884


   NSTEP       ENERGY          RMS            GMAX         NAME    NUMBER
   2800      -1.3212E+04     2.3962E-02     4.3292E-01     C          15

 BOND    =     1057.0209  ANGLE   =        0.8393  DIHED      =        2.4674
 UB      =        0.0000  IMP     =        0.0000  CMAP       =        0.5677
 VDWAALS =     2661.1664  EEL     =   -16992.7243  HBOND      =        0.0000
 1-4 VDW =        2.4708  1-4 EEL =       45.4641  RESTRAINT  =       10.7589
 EAMBER  =   -13222.7277


   NSTEP       ENERGY          RMS            GMAX         NAME    NUMBER
   2850      -1.3216E+04     1.3385E-01     3.5146E+00     H2       1948

 BOND    =     1058.3461  ANGLE   =        0.8649  DIHED      =        2.4649
 UB      =        0.0000  IMP     =        0.0000  CMAP       =        0.5649
 VDWAALS =     2666.9230  EEL     =   -17005.1353  HBOND      =        0.0000
 1-4 VDW =        2.4711  1-4 EEL =       45.3956  RESTRAINT  =       11.6224
 EAMBER  =   -13228.1046


   NSTEP       ENERGY          RMS            GMAX         NAME    NUMBER
   2900      -1.3218E+04     6.8160E-02     1.3027E+00     CA          9

 BOND    =     1058.2467  ANGLE   =        0.8443  DIHED      =        2.4634
 UB      =        0.0000  IMP     =        0.0000  CMAP       =        0.5644
 VDWAALS =     2667.3138  EEL     =   -17006.9630  HBOND      =        0.0000
 1-4 VDW =        2.4738  1-4 EEL =       45.4456  RESTRAINT  =       11.7165
 EAMBER  =   -13229.6110


   NSTEP       ENERGY          RMS            GMAX         NAME    NUMBER
   2950      -1.3218E+04     7.1299E-01     1.6308E+01     N           7

 BOND    =     1060.8390  ANGLE   =        0.9212  DIHED      =        2.4894
 UB      =        0.0000  IMP     =        0.0000  CMAP       =        0.5558
 VDWAALS =     2668.5670  EEL     =   -17011.1979  HBOND      =        0.0000
 1-4 VDW =        2.4440  1-4 EEL =       45.3917  RESTRAINT  =       11.8618
 EAMBER  =   -13229.9897


   NSTEP       ENERGY          RMS            GMAX         NAME    NUMBER
   3000      -1.3222E+04     2.6125E-01     8.2567E+00     H2        238

 BOND    =     1057.8469  ANGLE   =        0.9211  DIHED      =        2.4987
 UB      =        0.0000  IMP     =        0.0000  CMAP       =        0.5677
 VDWAALS =     2670.9984  EEL     =   -17014.5687  HBOND      =        0.0000
 1-4 VDW =        2.4750  1-4 EEL =       45.6730  RESTRAINT  =       12.0139
 EAMBER  =   -13233.5879


   NSTEP       ENERGY          RMS            GMAX         NAME    NUMBER
   3050      -1.3223E+04     1.0912E-01     3.2275E+00     N          17

 BOND    =     1058.9182  ANGLE   =        0.8432  DIHED      =        2.4733
 UB      =        0.0000  IMP     =        0.0000  CMAP       =        0.5611
 VDWAALS =     2672.5516  EEL     =   -17018.6941  HBOND      =        0.0000
 1-4 VDW =        2.4649  1-4 EEL =       45.4159  RESTRAINT  =       12.1017
 EAMBER  =   -13235.4658

     .... RESTARTED DUE TO LINMIN FAILURE ...


                    FINAL RESULTS



   NSTEP       ENERGY          RMS            GMAX         NAME    NUMBER
   3074      -1.3223E+04     4.6405E-02     1.0562E+00     H1        237

 BOND    =     1059.3592  ANGLE   =        0.8535  DIHED      =        2.4679
 UB      =        0.0000  IMP     =        0.0000  CMAP       =        0.5596
 VDWAALS =     2672.4534  EEL     =   -17019.1914  HBOND      =        0.0000
 1-4 VDW =        2.4686  1-4 EEL =       45.4509  RESTRAINT  =       12.1055
 EAMBER  =   -13235.5783

     ***** REPEATED LINMIN FAILURE *****
--------------------------------------------------------------------------------
   5.  TIMINGS
--------------------------------------------------------------------------------

|  NonSetup CPU Time in Major Routines:
|
|     Routine           Sec        %
|     ------------------------------
|     Nonbond           0.26   52.22
|     Bond              0.00    0.00
|     Angle             0.00    0.00
|     Dihedral          0.00    0.00
|     Shake             0.00    0.00
|     Other             0.23   47.78
|     ------------------------------
|     Total             0.49

|  PME Nonbond Pairlist CPU Time:
|
|     Routine              Sec        %
|     ---------------------------------
|     Set Up Cit           0.00    0.00
|     Build List           0.00    0.00
|     ---------------------------------
|     Total                0.00    0.00

|  PME Direct Force CPU Time:
|
|     Routine              Sec        %
|     ---------------------------------
|     NonBonded Calc       0.00    0.00
|     Exclude Masked       0.00    0.00
|     Other                0.00    0.73
|     ---------------------------------
|     Total                0.00    0.73

|  PME Reciprocal Force CPU Time:
|
|     Routine              Sec        %
|     ---------------------------------
|     1D bspline           0.00    0.00
|     Grid Charges         0.00    0.00
|     Scalar Sum           0.00    0.00
|     Gradient Sum         0.00    0.00
|     FFT                  0.00    0.00
|     ---------------------------------
|     Total                0.00    0.00

|  Setup CPU time:            0.18 seconds
|  NonSetup CPU time:         0.49 seconds
|  Total CPU time:            0.67 seconds     0.00 hours

|  Setup wall time:           1    seconds
|  NonSetup wall time:        0    seconds
|  Total wall time:           1    seconds     0.00 hours
