
          -------------------------------------------------------
          Amber 24 PMEMD                              2024
          -------------------------------------------------------

| PMEMD implementation of SANDER, Release 24

|  Compiled date/time: Wed Aug 21 09:34:12 2024
| Run on 06/01/2026 at 23:17:47

|   Executable path: pmemd.cuda
| Working directory: /localscratch/kbui/NexusMol/examples
|          Hostname: Unknown
  [-O]verwriting output

File Assignments:
|   MDIN: /localscratch/kbui/NexusMol/examples/artifacts/AMBER_DiAla/min7.in    
|  MDOUT: /localscratch/kbui/NexusMol/examples/artifacts/AMBER_DiAla/min7.out   
| INPCRD: /localscratch/kbui/NexusMol/examples/artifacts/AMBER_DiAla/min6.ncrst 
|   PARM: /localscratch/kbui/NexusMol/examples/ALA.prmtop                       
| RESTRT: /localscratch/kbui/NexusMol/examples/artifacts/AMBER_DiAla/min7.ncrst 
|   REFC: /localscratch/kbui/NexusMol/examples/artifacts/AMBER_DiAla/min6.ncrst 
|  MDVEL: mdvel                                                                 
|   MDEN: mden                                                                  
|  MDCRD: /localscratch/kbui/NexusMol/examples/artifacts/AMBER_DiAla/min7.nc    
| MDINFO: /localscratch/kbui/NexusMol/examples/artifacts/AMBER_DiAla/min7.info  
|  MDFRC: mdfrc                                                                 


 Here is the input file:

Minimization                                                                   
&cntrl                                                                         
  imin=1,                                                                      
  ncyc=1000,                                                                   
  maxcyc=5000,                                                                 
  ntpr=50,                                                                     
  cut=10.0,                                                                    
  iwrap=1,                                                                     
  ntr=1,                                                                       
  restraint_wt=0.0,                                                            
  restraintmask='!@H=',                                                        
/                                                                              


Note: ig = -1. Setting random seed to   102443 based on wallclock time in 
      microseconds.
| irandom = 1, using AMBER's internal random number generator (default).
 
|--------------------- INFORMATION ----------------------
| GPU (CUDA) Version of PMEMD in use: NVIDIA GPU IN USE.
|                    Version 18.0.0
| 
|                      03/25/2018
| 
| Implementation by:
|                    Ross C. Walker     (SDSC)
|                    Scott Le Grand     (nVIDIA)
| 
| Version 18 performance extensions by:
|                    David Cerutti     (Rutgers)
| 
| Precision model in use:
|      [SPFP] - Single Precision Forces, 64-bit Fixed Point
|               Accumulation. (Default)
| 
|--------------------------------------------------------
 
|----------------- CITATION INFORMATION -----------------
|
|    When publishing work that utilized the CUDA version
|    of AMBER, please cite the following in addition to
|    the regular AMBER citations:
|
|  - Romelia Salomon-Ferrer; Andreas W. Goetz; Duncan
|    Poole; Scott Le Grand; Ross C. Walker "Routine
|    microsecond molecular dynamics simulations with
|    AMBER - Part II: Particle Mesh Ewald", J. Chem.
|    Theory Comput., 2013, 9 (9), pp3878-3888,
|    DOI: 10.1021/ct400314y.
|
|  - Andreas W. Goetz; Mark J. Williamson; Dong Xu;
|    Duncan Poole; Scott Le Grand; Ross C. Walker
|    "Routine microsecond molecular dynamics simulations
|    with AMBER - Part I: Generalized Born", J. Chem.
|    Theory Comput., 2012, 8 (5), pp1542-1555.
|
|  - Scott Le Grand; Andreas W. Goetz; Ross C. Walker
|    "SPFP: Speed without compromise - a mixed precision
|    model for GPU accelerated molecular dynamics
|    simulations.", Comp. Phys. Comm., 2013, 184
|    pp374-380, DOI: 10.1016/j.cpc.2012.09.022
|
|--------------------------------------------------------
 
|------------------- GPU DEVICE INFO --------------------
|
|            CUDA_VISIBLE_DEVICES: not set
|   CUDA Capable Devices Detected:      1
|           CUDA Device ID in use:      0
|                CUDA Device Name: NVIDIA GeForce RTX 4090
|     CUDA Device Global Mem Size:  24079 MB
| CUDA Device Num Multiprocessors:    128
|           CUDA Device Core Freq:   2.62 GHz
|
|--------------------------------------------------------
 
 
| Conditional Compilation Defines Used:
| PUBFFT
| BINTRAJ
| CUDA
| EMIL

| Largest sphere to fit in unit cell has radius =    14.010

| New format PARM file being parsed.
| Version =    1.000 Date = 03/28/26 Time = 21:23:47

| Note: 1-4 EEL scale factors are being read from the topology file.

| Note: 1-4 VDW scale factors are being read from the topology file.
| Duplicated    0 dihedrals

| Duplicated    0 dihedrals

--------------------------------------------------------------------------------
   1.  RESOURCE   USE: 
--------------------------------------------------------------------------------

 getting box info from netcdf restart file
 NATOM  =    3064 NTYPES =       9 NBONH =    3054 MBONA  =       9
 NTHETH =      25 MTHETA =      11 NPHIH =      43 MPHIA  =      24
 NHPARM =       0 NPARM  =       0 NNB   =    4155 NRES   =    1017
 NBONA  =       9 NTHETA =      11 NPHIA =      24 NUMBND =      13
 NUMANG =      21 NPTRA  =      14 NATYP =      10 NPHB   =       0
 IFBOX  =       2 NMXRS  =      10 IFCAP =       0 NEXTRA =       0
 NCOPY  =       0

| Coordinate Index Table dimensions:     5    5    5
| Direct force subcell size =     6.8634    6.8634    6.8634

     BOX TYPE: TRUNCATED OCTAHEDRON

--------------------------------------------------------------------------------
   2.  CONTROL  DATA  FOR  THE  RUN
--------------------------------------------------------------------------------

ACE                                                                             

General flags:
     imin    =       1, nmropt  =       0

Nature and format of input:
     ntx     =       1, irest   =       0, ntrx    =       1

Nature and format of output:
     ntxo    =       2, ntpr    =      50, ntrx    =       1, ntwr    =       1
     iwrap   =       1, ntwx    =       0, ntwv    =       0, ntwe    =       0
     ioutfm  =       1, ntwprt  =       0, idecomp =       0, rbornstat=      0

Potential function:
     ntf     =       1, ntb     =       1, igb     =       0, nsnb    =      25
     ipol    =       0, gbsa    =       0, iesp    =       0
     dielc   =   1.00000, cut     =  10.00000, intdiel =   1.00000

Frozen or restrained atoms:
     ibelly  =       0, ntr     =       1
     restraint_wt =   0.00000

Energy minimization:
     maxcyc  =    5000, ncyc    =    1000, ntmin   =       1
     dx0     =   0.01000, drms    =   0.00010

| Intermolecular bonds treatment:
|     no_intermolecular_bonds =       1

| Energy averages sample interval:
|     ene_avg_sampling =       1

Ewald parameters:
     verbose =       0, ew_type =       0, nbflag  =       1, use_pme =       1
     vdwmeth =       1, eedmeth =       1, netfrc  =       0
     Box X =   34.317   Box Y =   34.317   Box Z =   34.317
     Alpha =  109.471   Beta  =  109.471   Gamma =  109.471
     NFFT1 =   36       NFFT2 =   36       NFFT3 =   36
     Cutoff=   10.000   Tol   =0.100E-04
     Ewald Coefficient =  0.27511
     Interpolation order =    4

    LOADING THE CONSTRAINED ATOMS AS GROUPS


   5.  REFERENCE ATOM COORDINATES

  ACE                                                                             
     Mask !@H=; matches  1024 atoms

--------------------------------------------------------------------------------
   3.  ATOMIC COORDINATES AND VELOCITIES
--------------------------------------------------------------------------------

ACE                                                                             
 begin time read from input coords =     0.000 ps

 
 Number of triangulated 3-point waters found:     1014

     Sum of charges from parm topology file =  -0.00000000
     Forcing neutrality...

| Dynamic Memory, Types Used:
| Reals              225609
| Integers            95792

| Nonbonded Pairs Initial Allocation:      926783

| GPU memory information (estimate):
| KB of GPU memory in use:     31936
| KB of CPU memory in use:     13036

--------------------------------------------------------------------------------
   4.  RESULTS
--------------------------------------------------------------------------------



   NSTEP       ENERGY          RMS            GMAX         NAME    NUMBER
      1      -1.3236E+04     5.2817E-02     1.0562E+00     H1        237

 BOND    =     1059.3592  ANGLE   =        0.8535  DIHED      =        2.4679
 UB      =        0.0000  IMP     =        0.0000  CMAP       =        0.5596
 VDWAALS =     2672.4534  EEL     =   -17019.1914  HBOND      =        0.0000
 1-4 VDW =        2.4686  1-4 EEL =       45.4509  RESTRAINT  =        0.0000


   NSTEP       ENERGY          RMS            GMAX         NAME    NUMBER
     50      -1.3236E+04     2.4851E-02     3.5934E-01     H1        237

 BOND    =     1059.4052  ANGLE   =        0.8434  DIHED      =        2.4680
 UB      =        0.0000  IMP     =        0.0000  CMAP       =        0.5594
 VDWAALS =     2673.0022  EEL     =   -17020.0037  HBOND      =        0.0000
 1-4 VDW =        2.4676  1-4 EEL =       45.4467  RESTRAINT  =        0.0000


   NSTEP       ENERGY          RMS            GMAX         NAME    NUMBER
    100      -1.3236E+04     2.1882E-02     3.0833E-01     H2       1072

 BOND    =     1059.3626  ANGLE   =        0.8436  DIHED      =        2.4681
 UB      =        0.0000  IMP     =        0.0000  CMAP       =        0.5593
 VDWAALS =     2673.2622  EEL     =   -17020.2957  HBOND      =        0.0000
 1-4 VDW =        2.4674  1-4 EEL =       45.4453  RESTRAINT  =        0.0000


   NSTEP       ENERGY          RMS            GMAX         NAME    NUMBER
    150      -1.3236E+04     2.1880E-02     3.0835E-01     H2       1072

 BOND    =     1059.3628  ANGLE   =        0.8436  DIHED      =        2.4681
 UB      =        0.0000  IMP     =        0.0000  CMAP       =        0.5593
 VDWAALS =     2673.2640  EEL     =   -17020.3002  HBOND      =        0.0000
 1-4 VDW =        2.4674  1-4 EEL =       45.4453  RESTRAINT  =        0.0000


   NSTEP       ENERGY          RMS            GMAX         NAME    NUMBER
    200      -1.3236E+04     2.1878E-02     3.0837E-01     H2       1072

 BOND    =     1059.3630  ANGLE   =        0.8436  DIHED      =        2.4681
 UB      =        0.0000  IMP     =        0.0000  CMAP       =        0.5593
 VDWAALS =     2673.2650  EEL     =   -17020.3023  HBOND      =        0.0000
 1-4 VDW =        2.4674  1-4 EEL =       45.4453  RESTRAINT  =        0.0000


   NSTEP       ENERGY          RMS            GMAX         NAME    NUMBER
    250      -1.3236E+04     2.1875E-02     3.0840E-01     H2       1072

 BOND    =     1059.3633  ANGLE   =        0.8436  DIHED      =        2.4681
 UB      =        0.0000  IMP     =        0.0000  CMAP       =        0.5593
 VDWAALS =     2673.2666  EEL     =   -17020.3025  HBOND      =        0.0000
 1-4 VDW =        2.4674  1-4 EEL =       45.4453  RESTRAINT  =        0.0000


   NSTEP       ENERGY          RMS            GMAX         NAME    NUMBER
    300      -1.3236E+04     2.1874E-02     3.0843E-01     H2       1072

 BOND    =     1059.3635  ANGLE   =        0.8436  DIHED      =        2.4681
 UB      =        0.0000  IMP     =        0.0000  CMAP       =        0.5593
 VDWAALS =     2673.2675  EEL     =   -17020.3033  HBOND      =        0.0000
 1-4 VDW =        2.4674  1-4 EEL =       45.4453  RESTRAINT  =        0.0000


   NSTEP       ENERGY          RMS            GMAX         NAME    NUMBER
    350      -1.3236E+04     2.1871E-02     3.0845E-01     H2       1072

 BOND    =     1059.3637  ANGLE   =        0.8436  DIHED      =        2.4681
 UB      =        0.0000  IMP     =        0.0000  CMAP       =        0.5593
 VDWAALS =     2673.2692  EEL     =   -17020.3065  HBOND      =        0.0000
 1-4 VDW =        2.4674  1-4 EEL =       45.4453  RESTRAINT  =        0.0000


   NSTEP       ENERGY          RMS            GMAX         NAME    NUMBER
    400      -1.3236E+04     2.1867E-02     3.0848E-01     H2       1072

 BOND    =     1059.3641  ANGLE   =        0.8436  DIHED      =        2.4681
 UB      =        0.0000  IMP     =        0.0000  CMAP       =        0.5593
 VDWAALS =     2673.2721  EEL     =   -17020.3094  HBOND      =        0.0000
 1-4 VDW =        2.4674  1-4 EEL =       45.4453  RESTRAINT  =        0.0000


   NSTEP       ENERGY          RMS            GMAX         NAME    NUMBER
    450      -1.3236E+04     2.1864E-02     3.0852E-01     H2       1072

 BOND    =     1059.3644  ANGLE   =        0.8436  DIHED      =        2.4681
 UB      =        0.0000  IMP     =        0.0000  CMAP       =        0.5593
 VDWAALS =     2673.2734  EEL     =   -17020.3134  HBOND      =        0.0000
 1-4 VDW =        2.4674  1-4 EEL =       45.4453  RESTRAINT  =        0.0000


   NSTEP       ENERGY          RMS            GMAX         NAME    NUMBER
    500      -1.3236E+04     2.1860E-02     3.0854E-01     H2       1072

 BOND    =     1059.3647  ANGLE   =        0.8436  DIHED      =        2.4681
 UB      =        0.0000  IMP     =        0.0000  CMAP       =        0.5593
 VDWAALS =     2673.2756  EEL     =   -17020.3163  HBOND      =        0.0000
 1-4 VDW =        2.4674  1-4 EEL =       45.4453  RESTRAINT  =        0.0000


   NSTEP       ENERGY          RMS            GMAX         NAME    NUMBER
    550      -1.3236E+04     2.1858E-02     3.0856E-01     H2       1072

 BOND    =     1059.3650  ANGLE   =        0.8436  DIHED      =        2.4681
 UB      =        0.0000  IMP     =        0.0000  CMAP       =        0.5593
 VDWAALS =     2673.2774  EEL     =   -17020.3190  HBOND      =        0.0000
 1-4 VDW =        2.4674  1-4 EEL =       45.4453  RESTRAINT  =        0.0000


   NSTEP       ENERGY          RMS            GMAX         NAME    NUMBER
    600      -1.3236E+04     2.1855E-02     3.0859E-01     H2       1072

 BOND    =     1059.3652  ANGLE   =        0.8436  DIHED      =        2.4681
 UB      =        0.0000  IMP     =        0.0000  CMAP       =        0.5593
 VDWAALS =     2673.2788  EEL     =   -17020.3205  HBOND      =        0.0000
 1-4 VDW =        2.4674  1-4 EEL =       45.4453  RESTRAINT  =        0.0000


   NSTEP       ENERGY          RMS            GMAX         NAME    NUMBER
    650      -1.3236E+04     2.1853E-02     3.0862E-01     H2       1072

 BOND    =     1059.3655  ANGLE   =        0.8436  DIHED      =        2.4681
 UB      =        0.0000  IMP     =        0.0000  CMAP       =        0.5593
 VDWAALS =     2673.2809  EEL     =   -17020.3223  HBOND      =        0.0000
 1-4 VDW =        2.4674  1-4 EEL =       45.4453  RESTRAINT  =        0.0000


   NSTEP       ENERGY          RMS            GMAX         NAME    NUMBER
    700      -1.3236E+04     2.1850E-02     3.0866E-01     H2       1072

 BOND    =     1059.3658  ANGLE   =        0.8436  DIHED      =        2.4681
 UB      =        0.0000  IMP     =        0.0000  CMAP       =        0.5593
 VDWAALS =     2673.2827  EEL     =   -17020.3246  HBOND      =        0.0000
 1-4 VDW =        2.4674  1-4 EEL =       45.4453  RESTRAINT  =        0.0000


   NSTEP       ENERGY          RMS            GMAX         NAME    NUMBER
    750      -1.3236E+04     2.1847E-02     3.0867E-01     H2       1072

 BOND    =     1059.3661  ANGLE   =        0.8436  DIHED      =        2.4681
 UB      =        0.0000  IMP     =        0.0000  CMAP       =        0.5593
 VDWAALS =     2673.2843  EEL     =   -17020.3270  HBOND      =        0.0000
 1-4 VDW =        2.4674  1-4 EEL =       45.4453  RESTRAINT  =        0.0000


   NSTEP       ENERGY          RMS            GMAX         NAME    NUMBER
    800      -1.3236E+04     2.1844E-02     3.0871E-01     H2       1072

 BOND    =     1059.3664  ANGLE   =        0.8436  DIHED      =        2.4681
 UB      =        0.0000  IMP     =        0.0000  CMAP       =        0.5593
 VDWAALS =     2673.2861  EEL     =   -17020.3300  HBOND      =        0.0000
 1-4 VDW =        2.4674  1-4 EEL =       45.4453  RESTRAINT  =        0.0000


   NSTEP       ENERGY          RMS            GMAX         NAME    NUMBER
    850      -1.3236E+04     2.1841E-02     3.0872E-01     H2       1072

 BOND    =     1059.3667  ANGLE   =        0.8436  DIHED      =        2.4681
 UB      =        0.0000  IMP     =        0.0000  CMAP       =        0.5593
 VDWAALS =     2673.2881  EEL     =   -17020.3338  HBOND      =        0.0000
 1-4 VDW =        2.4674  1-4 EEL =       45.4452  RESTRAINT  =        0.0000


   NSTEP       ENERGY          RMS            GMAX         NAME    NUMBER
    900      -1.3236E+04     2.1839E-02     3.0874E-01     H2       1072

 BOND    =     1059.3669  ANGLE   =        0.8436  DIHED      =        2.4681
 UB      =        0.0000  IMP     =        0.0000  CMAP       =        0.5593
 VDWAALS =     2673.2893  EEL     =   -17020.3358  HBOND      =        0.0000
 1-4 VDW =        2.4674  1-4 EEL =       45.4452  RESTRAINT  =        0.0000


   NSTEP       ENERGY          RMS            GMAX         NAME    NUMBER
    950      -1.3236E+04     2.1837E-02     3.0877E-01     H2       1072

 BOND    =     1059.3671  ANGLE   =        0.8436  DIHED      =        2.4681
 UB      =        0.0000  IMP     =        0.0000  CMAP       =        0.5593
 VDWAALS =     2673.2906  EEL     =   -17020.3356  HBOND      =        0.0000
 1-4 VDW =        2.4674  1-4 EEL =       45.4452  RESTRAINT  =        0.0000


   NSTEP       ENERGY          RMS            GMAX         NAME    NUMBER
   1000      -1.3236E+04     2.1834E-02     3.0879E-01     H2       1072

 BOND    =     1059.3674  ANGLE   =        0.8436  DIHED      =        2.4681
 UB      =        0.0000  IMP     =        0.0000  CMAP       =        0.5593
 VDWAALS =     2673.2924  EEL     =   -17020.3395  HBOND      =        0.0000
 1-4 VDW =        2.4674  1-4 EEL =       45.4452  RESTRAINT  =        0.0000


   NSTEP       ENERGY          RMS            GMAX         NAME    NUMBER
   1050      -1.3239E+04     6.2811E-02     1.2281E+00     H2        874

 BOND    =     1060.8422  ANGLE   =        0.8428  DIHED      =        2.4698
 UB      =        0.0000  IMP     =        0.0000  CMAP       =        0.5454
 VDWAALS =     2683.8608  EEL     =   -17035.2646  HBOND      =        0.0000
 1-4 VDW =        2.4578  1-4 EEL =       45.4079  RESTRAINT  =        0.0000

     .... RESTARTED DUE TO LINMIN FAILURE ...


   NSTEP       ENERGY          RMS            GMAX         NAME    NUMBER
   1100      -1.3239E+04     5.4883E-02     1.1615E+00     O        1070

 BOND    =     1060.8966  ANGLE   =        0.8746  DIHED      =        2.4739
 UB      =        0.0000  IMP     =        0.0000  CMAP       =        0.5439
 VDWAALS =     2684.8611  EEL     =   -17036.6370  HBOND      =        0.0000
 1-4 VDW =        2.4716  1-4 EEL =       45.4206  RESTRAINT  =        0.0000


   NSTEP       ENERGY          RMS            GMAX         NAME    NUMBER
   1150      -1.3240E+04     3.2153E-02     5.8168E-01     O        1070

 BOND    =     1061.0537  ANGLE   =        0.8424  DIHED      =        2.4719
 UB      =        0.0000  IMP     =        0.0000  CMAP       =        0.5395
 VDWAALS =     2685.9821  EEL     =   -17038.6087  HBOND      =        0.0000
 1-4 VDW =        2.4619  1-4 EEL =       45.4143  RESTRAINT  =        0.0000


   NSTEP       ENERGY          RMS            GMAX         NAME    NUMBER
   1200      -1.3244E+04     6.0445E-02     1.4874E+00     O         806

 BOND    =     1062.1700  ANGLE   =        0.8242  DIHED      =        2.4695
 UB      =        0.0000  IMP     =        0.0000  CMAP       =        0.5298
 VDWAALS =     2691.9007  EEL     =   -17049.8555  HBOND      =        0.0000
 1-4 VDW =        2.4590  1-4 EEL =       45.3960  RESTRAINT  =        0.0000


   NSTEP       ENERGY          RMS            GMAX         NAME    NUMBER
   1250      -1.3246E+04     4.6106E-02     8.6244E-01     HA         10

 BOND    =     1062.7794  ANGLE   =        0.8687  DIHED      =        2.4791
 UB      =        0.0000  IMP     =        0.0000  CMAP       =        0.5247
 VDWAALS =     2697.0261  EEL     =   -17057.2224  HBOND      =        0.0000
 1-4 VDW =        2.4724  1-4 EEL =       45.4224  RESTRAINT  =        0.0000


   NSTEP       ENERGY          RMS            GMAX         NAME    NUMBER
   1300      -1.3246E+04     1.1428E-01     4.3173E+00     HA         10

 BOND    =     1063.0434  ANGLE   =        0.9066  DIHED      =        2.4846
 UB      =        0.0000  IMP     =        0.0000  CMAP       =        0.5233
 VDWAALS =     2698.4628  EEL     =   -17059.7548  HBOND      =        0.0000
 1-4 VDW =        2.4873  1-4 EEL =       45.4354  RESTRAINT  =        0.0000


   NSTEP       ENERGY          RMS            GMAX         NAME    NUMBER
   1350      -1.3248E+04     1.7529E-01     5.7776E+00     HA         10

 BOND    =     1063.9295  ANGLE   =        0.9285  DIHED      =        2.4638
 UB      =        0.0000  IMP     =        0.0000  CMAP       =        0.5289
 VDWAALS =     2701.8200  EEL     =   -17065.3767  HBOND      =        0.0000
 1-4 VDW =        2.4705  1-4 EEL =       45.2916  RESTRAINT  =        0.0000


   NSTEP       ENERGY          RMS            GMAX         NAME    NUMBER
   1400      -1.3249E+04     3.8476E-02     1.3593E+00     CA          9

 BOND    =     1063.6307  ANGLE   =        0.8343  DIHED      =        2.4703
 UB      =        0.0000  IMP     =        0.0000  CMAP       =        0.5248
 VDWAALS =     2702.5253  EEL     =   -17066.4258  HBOND      =        0.0000
 1-4 VDW =        2.4692  1-4 EEL =       45.4030  RESTRAINT  =        0.0000

     .... RESTARTED DUE TO LINMIN FAILURE ...


   NSTEP       ENERGY          RMS            GMAX         NAME    NUMBER
   1450      -1.3249E+04     1.0057E-01     3.7396E+00     C          15

 BOND    =     1063.6469  ANGLE   =        0.8568  DIHED      =        2.4803
 UB      =        0.0000  IMP     =        0.0000  CMAP       =        0.5226
 VDWAALS =     2702.8515  EEL     =   -17067.1174  HBOND      =        0.0000
 1-4 VDW =        2.4654  1-4 EEL =       45.4591  RESTRAINT  =        0.0000


   NSTEP       ENERGY          RMS            GMAX         NAME    NUMBER
   1500      -1.3251E+04     3.8649E-01     7.5023E+00     H2        373

 BOND    =     1066.2470  ANGLE   =        0.9545  DIHED      =        2.5062
 UB      =        0.0000  IMP     =        0.0000  CMAP       =        0.5216
 VDWAALS =     2704.1232  EEL     =   -17073.1231  HBOND      =        0.0000
 1-4 VDW =        2.4861  1-4 EEL =       45.6229  RESTRAINT  =        0.0000


   NSTEP       ENERGY          RMS            GMAX         NAME    NUMBER
   1550      -1.3252E+04     7.7017E-02     2.2816E+00     H          18

 BOND    =     1064.7849  ANGLE   =        0.8916  DIHED      =        2.4731
 UB      =        0.0000  IMP     =        0.0000  CMAP       =        0.5272
 VDWAALS =     2705.3657  EEL     =   -17073.8251  HBOND      =        0.0000
 1-4 VDW =        2.4854  1-4 EEL =       45.3989  RESTRAINT  =        0.0000


   NSTEP       ENERGY          RMS            GMAX         NAME    NUMBER
   1600      -1.3254E+04     7.8039E-02     1.7900E+00     HB3        14

 BOND    =     1065.0845  ANGLE   =        0.8650  DIHED      =        2.4668
 UB      =        0.0000  IMP     =        0.0000  CMAP       =        0.5291
 VDWAALS =     2706.8205  EEL     =   -17077.2749  HBOND      =        0.0000
 1-4 VDW =        2.4771  1-4 EEL =       45.3623  RESTRAINT  =        0.0000


   NSTEP       ENERGY          RMS            GMAX         NAME    NUMBER
   1650      -1.3256E+04     6.3651E-02     1.3796E+00     C           5

 BOND    =     1064.6064  ANGLE   =        0.8387  DIHED      =        2.4675
 UB      =        0.0000  IMP     =        0.0000  CMAP       =        0.5283
 VDWAALS =     2703.5367  EEL     =   -17075.7295  HBOND      =        0.0000
 1-4 VDW =        2.4692  1-4 EEL =       45.4015  RESTRAINT  =        0.0000


   NSTEP       ENERGY          RMS            GMAX         NAME    NUMBER
   1700      -1.3257E+04     9.6856E-02     3.8883E+00     C          19

 BOND    =     1064.9821  ANGLE   =        0.8664  DIHED      =        2.4615
 UB      =        0.0000  IMP     =        0.0000  CMAP       =        0.5370
 VDWAALS =     2704.6048  EEL     =   -17078.0088  HBOND      =        0.0000
 1-4 VDW =        2.4784  1-4 EEL =       45.3723  RESTRAINT  =        0.0000


   NSTEP       ENERGY          RMS            GMAX         NAME    NUMBER
   1750      -1.3257E+04     6.0572E-02     1.5044E+00     HA         10

 BOND    =     1064.7936  ANGLE   =        0.8419  DIHED      =        2.4701
 UB      =        0.0000  IMP     =        0.0000  CMAP       =        0.5297
 VDWAALS =     2702.7731  EEL     =   -17076.5843  HBOND      =        0.0000
 1-4 VDW =        2.4681  1-4 EEL =       45.4798  RESTRAINT  =        0.0000

     .... RESTARTED DUE TO LINMIN FAILURE ...


   NSTEP       ENERGY          RMS            GMAX         NAME    NUMBER
   1800      -1.3258E+04     3.2301E-02     7.1536E-01     C          15

 BOND    =     1064.9419  ANGLE   =        0.8340  DIHED      =        2.4602
 UB      =        0.0000  IMP     =        0.0000  CMAP       =        0.5315
 VDWAALS =     2703.0551  EEL     =   -17077.3748  HBOND      =        0.0000
 1-4 VDW =        2.4661  1-4 EEL =       45.4276  RESTRAINT  =        0.0000


   NSTEP       ENERGY          RMS            GMAX         NAME    NUMBER
   1850      -1.3258E+04     3.2260E-02     7.8274E-01     N          17

 BOND    =     1065.1784  ANGLE   =        0.8275  DIHED      =        2.4642
 UB      =        0.0000  IMP     =        0.0000  CMAP       =        0.5276
 VDWAALS =     2702.9906  EEL     =   -17077.6211  HBOND      =        0.0000
 1-4 VDW =        2.4687  1-4 EEL =       45.4436  RESTRAINT  =        0.0000


   NSTEP       ENERGY          RMS            GMAX         NAME    NUMBER
   1900      -1.3258E+04     9.4678E-02     2.2917E+00     N          17

 BOND    =     1065.0259  ANGLE   =        0.8221  DIHED      =        2.4632
 UB      =        0.0000  IMP     =        0.0000  CMAP       =        0.5286
 VDWAALS =     2702.9257  EEL     =   -17077.4346  HBOND      =        0.0000
 1-4 VDW =        2.4644  1-4 EEL =       45.4263  RESTRAINT  =        0.0000


   NSTEP       ENERGY          RMS            GMAX         NAME    NUMBER
   1950      -1.3259E+04     1.2000E-01     4.0116E+00     O         371

 BOND    =     1065.1880  ANGLE   =        0.8236  DIHED      =        2.4635
 UB      =        0.0000  IMP     =        0.0000  CMAP       =        0.5269
 VDWAALS =     2701.0450  EEL     =   -17076.9520  HBOND      =        0.0000
 1-4 VDW =        2.4664  1-4 EEL =       45.4649  RESTRAINT  =        0.0000


   NSTEP       ENERGY          RMS            GMAX         NAME    NUMBER
   2000      -1.3259E+04     3.6485E-02     5.8608E-01     O        1688

 BOND    =     1065.0512  ANGLE   =        0.8310  DIHED      =        2.4637
 UB      =        0.0000  IMP     =        0.0000  CMAP       =        0.5279
 VDWAALS =     2701.8384  EEL     =   -17077.8401  HBOND      =        0.0000
 1-4 VDW =        2.4641  1-4 EEL =       45.4454  RESTRAINT  =        0.0000

     .... RESTARTED DUE TO LINMIN FAILURE ...


   NSTEP       ENERGY          RMS            GMAX         NAME    NUMBER
   2050      -1.3260E+04     8.2870E-02     3.4700E+00     H1        372

 BOND    =     1065.1748  ANGLE   =        0.8277  DIHED      =        2.4624
 UB      =        0.0000  IMP     =        0.0000  CMAP       =        0.5290
 VDWAALS =     2701.4371  EEL     =   -17077.8796  HBOND      =        0.0000
 1-4 VDW =        2.4613  1-4 EEL =       45.4491  RESTRAINT  =        0.0000


   NSTEP       ENERGY          RMS            GMAX         NAME    NUMBER
   2100      -1.3260E+04     1.7500E-02     3.9558E-01     H1        372

 BOND    =     1065.4950  ANGLE   =        0.8346  DIHED      =        2.4614
 UB      =        0.0000  IMP     =        0.0000  CMAP       =        0.5301
 VDWAALS =     2702.5516  EEL     =   -17079.6383  HBOND      =        0.0000
 1-4 VDW =        2.4632  1-4 EEL =       45.4368  RESTRAINT  =        0.0000

     .... RESTARTED DUE TO LINMIN FAILURE ...


                    FINAL RESULTS



   NSTEP       ENERGY          RMS            GMAX         NAME    NUMBER
   2145      -1.3260E+04     1.5062E-02     3.0297E-01     H1        372

 BOND    =     1065.6378  ANGLE   =        0.8249  DIHED      =        2.4622
 UB      =        0.0000  IMP     =        0.0000  CMAP       =        0.5298
 VDWAALS =     2702.9236  EEL     =   -17080.4877  HBOND      =        0.0000
 1-4 VDW =        2.4611  1-4 EEL =       45.4606  RESTRAINT  =        0.0000

     ***** REPEATED LINMIN FAILURE *****
--------------------------------------------------------------------------------
   5.  TIMINGS
--------------------------------------------------------------------------------

|  NonSetup CPU Time in Major Routines:
|
|     Routine           Sec        %
|     ------------------------------
|     Nonbond           0.18   53.38
|     Bond              0.00    0.00
|     Angle             0.00    0.00
|     Dihedral          0.00    0.00
|     Shake             0.00    0.00
|     Other             0.16   46.62
|     ------------------------------
|     Total             0.33

|  PME Nonbond Pairlist CPU Time:
|
|     Routine              Sec        %
|     ---------------------------------
|     Set Up Cit           0.00    0.00
|     Build List           0.00    0.00
|     ---------------------------------
|     Total                0.00    0.00

|  PME Direct Force CPU Time:
|
|     Routine              Sec        %
|     ---------------------------------
|     NonBonded Calc       0.00    0.00
|     Exclude Masked       0.00    0.00
|     Other                0.00    0.75
|     ---------------------------------
|     Total                0.00    0.75

|  PME Reciprocal Force CPU Time:
|
|     Routine              Sec        %
|     ---------------------------------
|     1D bspline           0.00    0.00
|     Grid Charges         0.00    0.00
|     Scalar Sum           0.00    0.00
|     Gradient Sum         0.00    0.00
|     FFT                  0.00    0.00
|     ---------------------------------
|     Total                0.00    0.00

|  Setup CPU time:            0.18 seconds
|  NonSetup CPU time:         0.33 seconds
|  Total CPU time:            0.51 seconds     0.00 hours

|  Setup wall time:           0    seconds
|  NonSetup wall time:        1    seconds
|  Total wall time:           1    seconds     0.00 hours
